 untitled_sfun

 Timestamp is 5321c24b (Thu Mar 13 16:35:55 2014)

 Preferred load address is 0000000180000000

 Start         Length     Name                   Class
 0001:00000000 000393c4H .text                   CODE
 0001:000393d0 00000092H .text$x                 CODE
 0002:00000000 000004a0H .idata$5                DATA
 0002:000004a0 00000008H .CRT$XCA                DATA
 0002:000004a8 00000008H .CRT$XCZ                DATA
 0002:000004b0 00000008H .CRT$XIA                DATA
 0002:000004b8 00000008H .CRT$XIAA               DATA
 0002:000004c0 00000008H .CRT$XIZ                DATA
 0002:000004d0 00004b2cH .rdata                  DATA
 0002:00005000 00000008H .rtc$IAA                DATA
 0002:00005008 00000008H .rtc$IZZ                DATA
 0002:00005010 00000008H .rtc$TAA                DATA
 0002:00005018 00000008H .rtc$TZZ                DATA
 0002:00005020 00004254H .xdata                  DATA
 0002:00009274 000000a0H .idata$2                DATA
 0002:00009314 00000014H .idata$3                DATA
 0002:00009328 000004a0H .idata$4                DATA
 0002:000097c8 00000ad8H .idata$6                DATA
 0002:0000a2a0 00000053H .edata                  DATA
 0003:00000000 00002508H .data                   DATA
 0003:00002520 00002418H .bss                    DATA
 0004:00000000 00003264H .pdata                  DATA

  Address         Publics by Value              Rva+Base               Lib:Object

 0000:00000000       ___safe_se_handler_table   0000000000000000     <absolute>
 0000:00000000       ___safe_se_handler_count   0000000000000000     <absolute>
 0000:00000000       __ImageBase                0000000180000000     <linker-defined>
 0001:00000000       sf_c1_untitled_get_eml_resolved_functions_info 0000000180001000 f   c1_untitled.obj
 0001:000007b0       sf_c1_untitled_get_check_sum 00000001800017b0 f   c1_untitled.obj
 0001:00000830       sf_c1_untitled_get_autoinheritance_info 0000000180001830 f   c1_untitled.obj
 0001:00000ef0       sf_c1_untitled_third_party_uses_info 0000000180001ef0 f   c1_untitled.obj
 0001:00000f20       sf_internal_get_sim_state_c1_untitled 0000000180001f20 f   c1_untitled.obj
 0001:00001400       sf_internal_set_sim_state_c1_untitled 0000000180002400 f   c1_untitled.obj
 0001:00001890       c1_untitled_method_dispatcher 0000000180002890 f   c1_untitled.obj
 0001:00003870       sf_c2_untitled_get_eml_resolved_functions_info 0000000180004870 f   c2_untitled.obj
 0001:000040a0       sf_c2_untitled_get_check_sum 00000001800050a0 f   c2_untitled.obj
 0001:00004120       sf_c2_untitled_get_autoinheritance_info 0000000180005120 f   c2_untitled.obj
 0001:000047e0       sf_c2_untitled_third_party_uses_info 00000001800057e0 f   c2_untitled.obj
 0001:00004810       sf_internal_get_sim_state_c2_untitled 0000000180005810 f   c2_untitled.obj
 0001:00004cf0       sf_internal_set_sim_state_c2_untitled 0000000180005cf0 f   c2_untitled.obj
 0001:00005180       c2_untitled_method_dispatcher 0000000180006180 f   c2_untitled.obj
 0001:00007150       sf_process_check_sum_call  0000000180008150 f   untitled_sfun_registry.obj
 0001:000071a0       sf_process_autoinheritance_call 00000001800081a0 f   untitled_sfun_registry.obj
 0001:00007340       sf_process_get_third_party_uses_info_call 0000000180008340 f   untitled_sfun_registry.obj
 0001:000074e0       sf_process_get_eml_resolved_functions_info_call 00000001800084e0 f   untitled_sfun_registry.obj
 0001:00007660       sf_mex_unlock_call         0000000180008660 f   untitled_sfun_registry.obj
 0001:00007710       sf_machine_global_initializer_called 0000000180008710 f   untitled_sfun_registry.obj
 0001:00007740       sf_machine_global_method_dispatcher 0000000180008740 f   untitled_sfun_registry.obj
 0001:000077a0       sf_machine_global_terminator 00000001800087a0 f   untitled_sfun_registry.obj
 0001:000077f0       sf_register_machine_exported_symbols 00000001800087f0 f   untitled_sfun_registry.obj
 0001:00007810       callCustomFcn              0000000180008810 f   untitled_sfun_registry.obj
 0001:00007820       sf_machine_global_initializer 0000000180008820 f   untitled_sfun_registry.obj
 0001:000078a0       _ssSetStateAbsTol          00000001800088a0 f   untitled_sfun_registry.obj
 0001:00007980       _ssGetAbsTol               0000000180008980 f   untitled_sfun_registry.obj
 0001:000079f0       _ssSetInputPortMatrixDimensions 00000001800089f0 f   untitled_sfun_registry.obj
 0001:00007b00       _ssSetOutputPortMatrixDimensions 0000000180008b00 f   untitled_sfun_registry.obj
 0001:00007c10       _ssSetInputPortVectorDimension 0000000180008c10 f   untitled_sfun_registry.obj
 0001:00007ce0       _ssSetOutputPortVectorDimension 0000000180008ce0 f   untitled_sfun_registry.obj
 0001:00007db0       ssIsRunTimeParamTunable    0000000180008db0 f   untitled_sfun_registry.obj
 0001:00007e20       ssGetSFuncBlockHandle      0000000180008e20 f   untitled_sfun_registry.obj
 0001:00007e90       _ssGetCurrentInputPortWidth 0000000180008e90 f   untitled_sfun_registry.obj
 0001:00007fb0       _ssGetCurrentOutputPortWidth 0000000180008fb0 f   untitled_sfun_registry.obj
 0001:000080d0       _ssGetCallSystemNumFcnCallDestinations 00000001800090d0 f   untitled_sfun_registry.obj
 0001:00008140       ssWarning                  0000000180009140 f   untitled_sfun_registry.obj
 0001:00008250       ssGetIsZeroCrossControlDisabled 0000000180009250 f   untitled_sfun_registry.obj
 0001:000082c0       ssSetIsInputPortUsedForContZcSignal 00000001800092c0 f   untitled_sfun_registry.obj
 0001:00008330       ssSetZcSignalIsZcElementDisc 0000000180009330 f   untitled_sfun_registry.obj
 0001:000083e0       ssSetZcSignalName          00000001800093e0 f   untitled_sfun_registry.obj
 0001:00008450       ssSetZcSignalWidth         0000000180009450 f   untitled_sfun_registry.obj
 0001:000084c0       ssSetZcSignalZcEventType   00000001800094c0 f   untitled_sfun_registry.obj
 0001:00008530       ssSetZcSignalType          0000000180009530 f   untitled_sfun_registry.obj
 0001:000085a0       ssSetZcSignalZcTol         00000001800095a0 f   untitled_sfun_registry.obj
 0001:00008610       ssSetZcSignalNeedsEventNotification 0000000180009610 f   untitled_sfun_registry.obj
 0001:00008680       ssCreateAndAddZcSignalInfo 0000000180009680 f   untitled_sfun_registry.obj
 0001:000086f0       ssCloneAndAddZcSignalInfo  00000001800096f0 f   untitled_sfun_registry.obj
 0001:00008760       ssGetNumZcSignals          0000000180009760 f   untitled_sfun_registry.obj
 0001:000087d0       ssGetZcSignalVector        00000001800097d0 f   untitled_sfun_registry.obj
 0001:00008840       ssGetZcSignalZcEvents      0000000180009840 f   untitled_sfun_registry.obj
 0001:000088b0       ssGetZcSignalName          00000001800098b0 f   untitled_sfun_registry.obj
 0001:00008920       ssGetZcSignalWidth         0000000180009920 f   untitled_sfun_registry.obj
 0001:00008990       ssGetZcSignalZcEventType   0000000180009990 f   untitled_sfun_registry.obj
 0001:00008a00       ssGetZcSignalType          0000000180009a00 f   untitled_sfun_registry.obj
 0001:00008a70       ssGetZcSignalZcTol         0000000180009a70 f   untitled_sfun_registry.obj
 0001:00008af0       ssGetZcSignalNeedsEventNotification 0000000180009af0 f   untitled_sfun_registry.obj
 0001:00008b60       ssGetZcSignalIsZcElementDisc 0000000180009b60 f   untitled_sfun_registry.obj
 0001:00008c00       ssGetIsInputPortElementContinuous 0000000180009c00 f   untitled_sfun_registry.obj
 0001:00008ca0       _ssGetInputPortSignalPtrsFcn 0000000180009ca0 f   untitled_sfun_registry.obj
 0001:00008f60       _ssGetInputPortSignalFcn   0000000180009f60 f   untitled_sfun_registry.obj
 0001:00009180       _ssSetInputPortDirectFeedThroughFcn 000000018000a180 f   untitled_sfun_registry.obj
 0001:000092e0       _ssSetInputPortReusableFcn 000000018000a2e0 f   untitled_sfun_registry.obj
 0001:000093d0       _ssSetOutputPortReusableFcn 000000018000a3d0 f   untitled_sfun_registry.obj
 0001:000094b0       ssGetDTypeIdFromMxArray    000000018000a4b0 f   untitled_sfun_registry.obj
 0001:000095d0       ssWriteRTWStr              000000018000a5d0 f   untitled_sfun_registry.obj
 0001:00009630       ssWriteRTWMxVectParam      000000018000a630 f   untitled_sfun_registry.obj
 0001:00009690       ssWriteRTWMx2dMatParam     000000018000a690 f   untitled_sfun_registry.obj
 0001:00009710       ssWriteRTWNameValuePair    000000018000a710 f   untitled_sfun_registry.obj
 0001:00009c00       ssWriteRTWParameters       000000018000ac00 f   untitled_sfun_registry.obj
 0001:0000a200       ssWriteRTWParamSettings    000000018000b200 f   untitled_sfun_registry.obj
 0001:0000a8d0       ssWriteRTWWorkVect         000000018000b8d0 f   untitled_sfun_registry.obj
 0001:0000add0       mexFunction                000000018000bdd0 f   untitled_sfun_registry.obj
 0001:0000cb00       ProcessMexSfunctionEveryCall 000000018000db00 f   untitled_sfun_registry.obj
 0001:0000cc70       untitled_initializer       000000018000dc70 f   untitled_sfun.obj
 0001:0000cc80       untitled_terminator        000000018000dc80 f   untitled_sfun.obj
 0001:0000cc90       sf_untitled_method_dispatcher 000000018000dc90 f   untitled_sfun.obj
 0001:0000cd00       sf_untitled_process_check_sum_call 000000018000dd00 f   untitled_sfun.obj
 0001:0000d120       sf_untitled_autoinheritance_info 000000018000e120 f   untitled_sfun.obj
 0001:0000d2e0       sf_untitled_get_eml_resolved_functions_info 000000018000e2e0 f   untitled_sfun.obj
 0001:0000d450       sf_untitled_third_party_uses_info 000000018000e450 f   untitled_sfun.obj
 0001:0000d5d0       untitled_debug_initialize  000000018000e5d0 f   untitled_sfun.obj
 0001:0000d650       untitled_register_exported_symbols 000000018000e650 f   untitled_sfun.obj
 0001:0000d660       load_untitled_optimization_info 000000018000e660 f   untitled_sfun.obj
 0001:0000d6b0       unload_untitled_optimization_info 000000018000e6b0 f   untitled_sfun.obj
 0001:0000d7d0       sf_mex_mx_is_numeric       000000018000e7d0 f   sfc_mex:sfc_mex.obj
 0001:0000d810       strcmp_ignore_ws           000000018000e810 f   sfc_mex:sfc_mex.obj
 0001:0000d950       sf_mex_duplicatearraysafe  000000018000e950 f   sfc_mex:sfc_mex.obj
 0001:0000dab0       sf_set_error_debugger_context_message_fcn 000000018000eab0 f   sfc_mex:sfc_mex.obj
 0001:0000dac0       sf_set_debugger_matlab_error_fcn 000000018000eac0 f   sfc_mex:sfc_mex.obj
 0001:0000db00       sf_set_error_prefix_string 000000018000eb00 f   sfc_mex:sfc_mex.obj
 0001:0000db30       sf_get_error_prefix_string 000000018000eb30 f   sfc_mex:sfc_mex.obj
 0001:0000db40       sf_mex_enter_parallel_region 000000018000eb40 f   sfc_mex:sfc_mex.obj
 0001:0000db50       sf_mex_exit_parallel_region 000000018000eb50 f   sfc_mex:sfc_mex.obj
 0001:0000db60       sf_get_current_jmp_buf_ptr 000000018000eb60 f   sfc_mex:sfc_mex.obj
 0001:0000db70       sf_set_current_jmp_buf_ptr 000000018000eb70 f   sfc_mex:sfc_mex.obj
 0001:0000db80       sf_mex_set_halt_simulation 000000018000eb80 f   sfc_mex:sfc_mex.obj
 0001:0000db90       sf_mex_get_halt_simulation 000000018000eb90 f   sfc_mex:sfc_mex.obj
 0001:0000dba0       sf_mex_clear_error_message 000000018000eba0 f   sfc_mex:sfc_mex.obj
 0001:0000dbc0       sf_mex_get_error_message_for_read 000000018000ebc0 f   sfc_mex:sfc_mex.obj
 0001:0000dbd0       sf_mex_get_error_message_buffer_length 000000018000ebd0 f   sfc_mex:sfc_mex.obj
 0001:0000dcb0       sf_mex_warning_message     000000018000ecb0 f   sfc_mex:sfc_mex.obj
 0001:0000dd20       sf_mex_v_errbuf_createf    000000018000ed20 f   sfc_mex:sfc_mex.obj
 0001:0000dd30       sf_mex_errbuf_createf      000000018000ed30 f   sfc_mex:sfc_mex.obj
 0001:0000dd60       sf_mex_v_errbuf_catf       000000018000ed60 f   sfc_mex:sfc_mex.obj
 0001:0000dda0       sf_mex_errbuf_catf         000000018000eda0 f   sfc_mex:sfc_mex.obj
 0001:0000ddf0       sf_mex_errbuf_copy         000000018000edf0 f   sfc_mex:sfc_mex.obj
 0001:0000de00       sf_mex_errbuf_clear        000000018000ee00 f   sfc_mex:sfc_mex.obj
 0001:0000de10       sf_mex_errbuf_isempty      000000018000ee10 f   sfc_mex:sfc_mex.obj
 0001:0000df10       sf_mex_set_error_status    000000018000ef10 f   sfc_mex:sfc_mex.obj
 0001:0000df60       sf_mex_error_direct_call   000000018000ef60 f   sfc_mex:sfc_mex.obj
 0001:0000df80       sf_mex_error_message_no_long_jump 000000018000ef80 f   sfc_mex:sfc_mex.obj
 0001:0000dfa0       sf_mex_long_jump_on_error  000000018000efa0 f   sfc_mex:sfc_mex.obj
 0001:0000dfd0       sf_mex_call_matlab         000000018000efd0 f   sfc_mex:sfc_mex.obj
 0001:0000e0f0       sf_mex_check_builtin       000000018000f0f0 f   sfc_mex:sfc_mex.obj
 0001:0000e190       sf_mex_check_builtin_vs    000000018000f190 f   sfc_mex:sfc_mex.obj
 0001:0000e250       sf_mex_check_enum          000000018000f250 f   sfc_mex:sfc_mex.obj
 0001:0000e2d0       sf_mex_create_enum         000000018000f2d0 f   sfc_mex:sfc_mex.obj
 0001:0000e340       sf_mex_get_enum_element    000000018000f340 f   sfc_mex:sfc_mex.obj
 0001:0000e350       sf_mex_createcellarray     000000018000f350 f   sfc_mex:sfc_mex.obj
 0001:0000e360       sf_mex_setcell             000000018000f360 f   sfc_mex:sfc_mex.obj
 0001:0000e370       sf_mex_getcell             000000018000f370 f   sfc_mex:sfc_mex.obj
 0001:0000e380       sf_mex_dup                 000000018000f380 f   sfc_mex:sfc_mex.obj
 0001:0000e3a0       sf_mex_assign              000000018000f3a0 f   sfc_mex:sfc_mex.obj
 0001:0000e420       sf_mex_destroy             000000018000f420 f   sfc_mex:sfc_mex.obj
 0001:0000e450       mx_array_has_fi_type       000000018000f450 f   sfc_mex:sfc_mex.obj
 0001:0000e480       sf_mex_convert_from_fi     000000018000f480 f   sfc_mex:sfc_mex.obj
 0001:0000e5b0       sf_mex_convert_to_double   000000018000f5b0 f   sfc_mex:sfc_mex.obj
 0001:0000e6d0       sf_mex_import_fi_vs        000000018000f6d0 f   sfc_mex:sfc_mex.obj
 0001:0000e900       sf_matrix_matrix_index_ok  000000018000f900 f   sfc_mex:sfc_mex.obj
 0001:0000e990       sf_vector_vector_index_ok  000000018000f990 f   sfc_mex:sfc_mex.obj
 0001:0000e9c0       ssGetCurrentInputPortDimensions_wrapper 000000018000f9c0 f   sfc_mex:sfc_mex.obj
 0001:0000e9e0       ssGetCurrentOutputPortDimensions_wrapper 000000018000f9e0 f   sfc_mex:sfc_mex.obj
 0001:0000ea00       sf_mex_emlrt_context_is_debug_mode 000000018000fa00 f   sfc_mex:sfc_mex.obj
 0001:0000ea10       sf_mex_emlrt_context_set_debug_mode 000000018000fa10 f   sfc_mex:sfc_mex.obj
 0001:0000ea20       sf_mex_emlrtNameCapturePostProcessR2012a 000000018000fa20 f   sfc_mex:sfc_mex.obj
 0001:0000ea90       sf_clear_error_manager_info 000000018000fa90 f   sfc_mex:sfc_mex.obj
 0001:0000eaf0       sf_mex_stop_simulation_abruptly_wo_error 000000018000faf0 f   sfc_mex:sfc_mex.obj
 0001:0000eb30       sf_mex_error_message       000000018000fb30 f   sfc_mex:sfc_mex.obj
 0001:0000eba0       sf_react_to_error_in_matlab_call 000000018000fba0 f   sfc_mex:sfc_mex.obj
 0001:0000ebd0       sf_mex_addfield            000000018000fbd0 f   sfc_mex:sfc_mex.obj
 0001:0000ec70       sf_mex_getfield            000000018000fc70 f   sfc_mex:sfc_mex.obj
 0001:0000ef70       sf_mex_check_class         000000018000ff70 f   sfc_mex:sfc_mex.obj
 0001:0000f010       sf_mex_is_real             0000000180010010 f   sfc_mex:sfc_mex.obj
 0001:0000f480       sf_mex_decode_encoded_mx_struct_array 0000000180010480 f   sfc_mex:sfc_mex.obj
 0001:0000f770       sf_mex_lw_bounds_check     0000000180010770 f   sfc_mex:sfc_mex.obj
 0001:0000f7a0       sf_mex_lw_size_eq_check_1d 00000001800107a0 f   sfc_mex:sfc_mex.obj
 0001:0000f7c0       sf_mex_lw_size_eq_check_nd 00000001800107c0 f   sfc_mex:sfc_mex.obj
 0001:0000f9a0       sf_mex_lw_dim_size_eq_check 00000001800109a0 f   sfc_mex:sfc_mex.obj
 0001:0000f9d0       sf_mex_lw_dim_size_geq_check 00000001800109d0 f   sfc_mex:sfc_mex.obj
 0001:0000fa00       sf_mex_lw_sub_assign_size_check_nd 0000000180010a00 f   sfc_mex:sfc_mex.obj
 0001:0000fbd0       sf_mex_lw_runtime_error_msgid 0000000180010bd0 f   sfc_mex:sfc_mex.obj
 0001:0000fcc0       sf_mex_lw_matrix_matrix_index_check 0000000180010cc0 f   sfc_mex:sfc_mex.obj
 0001:0000fce0       sf_mex_lw_vector_vector_index_check 0000000180010ce0 f   sfc_mex:sfc_mex.obj
 0001:0000fd20       sf_mex_lw_for_loop_vector_check 0000000180010d20 f   sfc_mex:sfc_mex.obj
 0001:0000fdb0       sf_mex_lw_non_negative_check 0000000180010db0 f   sfc_mex:sfc_mex.obj
 0001:0000fdf0       sf_mex_overflow_error      0000000180010df0 f   sfc_mex:sfc_mex.obj
 0001:0000fe00       sf_mex_dividebyzero_error  0000000180010e00 f   sfc_mex:sfc_mex.obj
 0001:0000fe10       sf_mex_unsafe_enum_error   0000000180010e10 f   sfc_mex:sfc_mex.obj
 0001:0000fe20       sf_emlrtErrHandler         0000000180010e20 f   sfc_mex:sfc_mex.obj
 0001:0000ff00       sf_mex_size_one_check      0000000180010f00 f   sfc_mex:sfc_mex.obj
 0001:0000ff20       sf_mex_printf              0000000180010f20 f   sfc_mex:sfc_mex.obj
 0001:000100f0       sf_mex_check_size          00000001800110f0 f   sfc_mex:sfc_mex.obj
 0001:00010390       sf_mex_check_struct        0000000180011390 f   sfc_mex:sfc_mex.obj
 0001:000105f0       sf_mex_check_struct_vs     00000001800115f0 f   sfc_mex:sfc_mex.obj
 0001:00010680       sf_mex_check_fi            0000000180011680 f   sfc_mex:sfc_mex.obj
 0001:00010780       sf_mex_check_fi_vs         0000000180011780 f   sfc_mex:sfc_mex.obj
 0001:00010820       sf_echo_expression         0000000180011820 f   sfc_mex:sfc_mex.obj
 0001:00010880       sf_assertion_failed        0000000180011880 f   sfc_mex:sfc_mex.obj
 0001:00010b60       sf_mex_evalin              0000000180011b60 f   sfc_mex:sfc_mex.obj
 0001:00010dd0       sf_mex_export              0000000180011dd0 f   sfc_mex:sfc_mex.obj
 0001:00010e90       sf_mex_get_ml_var_no_error 0000000180011e90 f   sfc_mex:sfc_mex.obj
 0001:00011030       sf_mex_get_ml_var          0000000180012030 f   sfc_mex:sfc_mex.obj
 0001:000114c0       ml_set_element_value_in_array 00000001800124c0 f   sfc_mex:sfc_mex.obj
 0001:00012580       sf_mex_call_impl           0000000180013580 f   sfc_mex:sfc_mex.obj
 0001:000129a0       sf_mex_call_debug          00000001800139a0 f   sfc_mex:sfc_mex.obj
 0001:000129d0       sf_mex_call                00000001800139d0 f   sfc_mex:sfc_mex.obj
 0001:00013020       sf_mex_createstruct        0000000180014020 f   sfc_mex:sfc_mex.obj
 0001:00013130       sf_mex_createstructarray   0000000180014130 f   sfc_mex:sfc_mex.obj
 0001:000131b0       sf_mex_get_mx_datatype_from_sf_datatype 00000001800141b0 f   sfc_mex:sfc_mex.obj
 0001:000134c0       sf_mex_ml_var_sub          00000001800144c0 f   sfc_mex:sfc_mex.obj
 0001:000136a0       sf_mex_ml_var_subsasgn     00000001800146a0 f   sfc_mex:sfc_mex.obj
 0001:00013aa0       sf_mex_sub                 0000000180014aa0 f   sfc_mex:sfc_mex.obj
 0001:00013cb0       sf_mex_subsasgn            0000000180014cb0 f   sfc_mex:sfc_mex.obj
 0001:000141c0       sf_mex_create              00000001800151c0 f   sfc_mex:sfc_mex.obj
 0001:00014b60       sf_mex_import_named        0000000180015b60 f   sfc_mex:sfc_mex.obj
 0001:00014bc0       sf_mex_import              0000000180015bc0 f   sfc_mex:sfc_mex.obj
 0001:00014c10       sf_mex_import_vs           0000000180015c10 f   sfc_mex:sfc_mex.obj
 0001:00014d20       sf_mex_lower_fixpt_mx_array 0000000180015d20 f   sfc_mex:sfc_mex.obj
 0001:00015020       sf_send_message_wrapper    0000000180016020 f   sfc_mex:sfc_sf.obj
 0001:00015050       sf_receive_message_wrapper 0000000180016050 f   sfc_mex:sfc_sf.obj
 0001:00015090       sf_check_out_message_wrapper 0000000180016090 f   sfc_mex:sfc_sf.obj
 0001:000150d0       sf_check_in_message_wrapper 00000001800160d0 f   sfc_mex:sfc_sf.obj
 0001:00015110       sf_no_message_wrapper      0000000180016110 f   sfc_mex:sfc_sf.obj
 0001:000154a0       sim_mode_is_rtw_gen        00000001800164a0 f   sfc_mex:sfc_sf.obj
 0001:000154d0       sim_mode_is_external       00000001800164d0 f   sfc_mex:sfc_sf.obj
 0001:000154e0       sim_mode_is_modelref_sim   00000001800164e0 f   sfc_mex:sfc_sf.obj
 0001:00015500       mdlInitializeSizes         0000000180016500 f   sfc_mex:sfc_sf.obj
 0001:00015520       mdlInitializeSampleTimes   0000000180016520 f   sfc_mex:sfc_sf.obj
 0001:00015560       mdlZeroCrossings           0000000180016560 f   sfc_mex:sfc_sf.obj
 0001:00015650       mdlDerivatives             0000000180016650 f   sfc_mex:sfc_sf.obj
 0001:00015710       mdl_initialize_conditions_processing 0000000180016710 f   sfc_mex:sfc_sf.obj
 0001:00015740       mdlInitializeConditions    0000000180016740 f   sfc_mex:sfc_sf.obj
 0001:00015800       mdlGetSimState             0000000180016800 f   sfc_mex:sfc_sf.obj
 0001:00015810       mdlSetSimState             0000000180016810 f   sfc_mex:sfc_sf.obj
 0001:00015820       mdl_ext_mode_exec_processing 0000000180016820 f   sfc_mex:sfc_sf.obj
 0001:00015840       mdlExtModeExec             0000000180016840 f   sfc_mex:sfc_sf.obj
 0001:000159e0       mdlTerminate               00000001800169e0 f   sfc_mex:sfc_sf.obj
 0001:00015a50       mdlRTW                     0000000180016a50 f   sfc_mex:sfc_sf.obj
 0001:00015a80       mdlSetWorkWidths           0000000180016a80 f   sfc_mex:sfc_sf.obj
 0001:00015a90       mdlProcessParameters       0000000180016a90 f   sfc_mex:sfc_sf.obj
 0001:00015aa0       mdl_start_processing       0000000180016aa0 f   sfc_mex:sfc_sf.obj
 0001:00015b00       mdlStart                   0000000180016b00 f   sfc_mex:sfc_sf.obj
 0001:00015c10       mdlEnable                  0000000180016c10 f   sfc_mex:sfc_sf.obj
 0001:00015cf0       mdlDisable                 0000000180016cf0 f   sfc_mex:sfc_sf.obj
 0001:00015db0       sf_get_chart_instance_ptr  0000000180016db0 f   sfc_mex:sfc_sf.obj
 0001:00015dd0       sf_load_rtw_optimization_info 0000000180016dd0 f   sfc_mex:sfc_sf.obj
 0001:00015ea0       sf_update_buildInfo        0000000180016ea0 f   sfc_mex:sfc_sf.obj
 0001:00015fa0       sf_rtw_info_uint_prop      0000000180016fa0 f   sfc_mex:sfc_sf.obj
 0001:000160e0       sf_is_chart_inlinable      00000001800170e0 f   sfc_mex:sfc_sf.obj
 0001:00016100       sf_mark_output_events_with_multiple_callers 0000000180017100 f   sfc_mex:sfc_sf.obj
 0001:00016290       sf_mark_chart_reusable_outputs 0000000180017290 f   sfc_mex:sfc_sf.obj
 0001:000164f0       sf_mark_chart_expressionable_inputs 00000001800174f0 f   sfc_mex:sfc_sf.obj
 0001:00016750       sf_get_subchart_simstruct  0000000180017750 f   sfc_mex:sfc_sf.obj
 0001:000167a0       sf_get_fixpt_data_type_id  00000001800177a0 f   sfc_mex:sfc_sf.obj
 0001:000167e0       sf_get_enum_data_type_id   00000001800177e0 f   sfc_mex:sfc_sf.obj
 0001:00016820       sf_get_param_data_type_id  0000000180017820 f   sfc_mex:sfc_sf.obj
 0001:00016850       sf_mex_listen_for_ctrl_c_force 0000000180017850 f   sfc_mex:sfc_sf.obj
 0001:00016960       sf_mex_draw_now            0000000180017960 f   sfc_mex:sfc_sf.obj
 0001:000169a0       sf_mex_set_debugger_sim_status_listener_fcn 00000001800179a0 f   sfc_mex:sfc_sf.obj
 0001:000169b0       sf_mex_listen_for_ctrl_c   00000001800179b0 f   sfc_mex:sfc_sf.obj
 0001:00016a50       sf_mex_get_sfun_param      0000000180017a50 f   sfc_mex:sfc_sf.obj
 0001:00016aa0       sf_get_runtime_param_data  0000000180017aa0 f   sfc_mex:sfc_sf.obj
 0001:00016ae0       sf_call_output_fcn_call    0000000180017ae0 f   sfc_mex:sfc_sf.obj
 0001:00016c20       sf_call_output_fcn_enable  0000000180017c20 f   sfc_mex:sfc_sf.obj
 0001:00016cb0       sf_call_output_fcn_disable 0000000180017cb0 f   sfc_mex:sfc_sf.obj
 0001:00016d40       sf_clear_rtw_identifier    0000000180017d40 f   sfc_mex:sfc_sf.obj
 0001:00017560       sf_set_encoded_dwork_info  0000000180018560 f   sfc_mex:sfc_sf.obj
 0001:000175b0       sf_get_dwork_info_from_mat_file 00000001800185b0 f   sfc_mex:sfc_sf.obj
 0001:00017770       sf_set_rtw_dwork_info      0000000180018770 f   sfc_mex:sfc_sf.obj
 0001:000178e0       mdlOutputs                 00000001800188e0 f   sfc_mex:sfc_sf.obj
 0001:00017a00       sf_debug_chart_instance_initialized_quick 0000000180018a00 f   sfc_debug:sfcdebug.obj
 0001:00017a80       sf_debug_disp              0000000180018a80 f   sfc_debug:sfcdebug.obj
 0001:00017d50       sf_debug_data_runtime_size_mismatch_error_check 0000000180018d50 f   sfc_debug:sfcdebug.obj
 0001:00017e00       sf_debug_try_loading_machine 0000000180018e00 f   sfc_debug:sfcdebug.obj
 0001:00017f00       sf_debug_reset_current_state_configuration 0000000180018f00 f   sfc_debug:sfcdebug.obj
 0001:00017f80       sf_debug_store_current_state_configuration 0000000180018f80 f   sfc_debug:sfcdebug.obj
 0001:00018000       sf_debug_restore_previous_state_configuration 0000000180019000 f   sfc_debug:sfcdebug.obj
 0001:00018080       sf_debug_restore_previous_state_configuration2 0000000180019080 f   sfc_debug:sfcdebug.obj
 0001:00018100       sf_debug_get_event_scope   0000000180019100 f   sfc_debug:sfcdebug.obj
 0001:00018270       use_debugger_step_animation 0000000180019270 f   sfc_debug:sfcdebug.obj
 0001:00018290       sf_debug_get_script_id     0000000180019290 f   sfc_debug:sfcdebug.obj
 0001:00018320       sf_debug_set_script_translation 0000000180019320 f   sfc_debug:sfcdebug.obj
 0001:000184a0       sf_debug_extract_message_post_receive_info 00000001800194a0 f   sfc_debug:sfcdebug.obj
 0001:00018660       sf_debug_get_current_machine_id 0000000180019660 f   sfc_debug:sfcdebug.obj
 0001:00018680       sf_debug_get_current_optional_integer 0000000180019680 f   sfc_debug:sfcdebug.obj
 0001:00018690       sf_debug_get_current_machine_number 0000000180019690 f   sfc_debug:sfcdebug.obj
 0001:000186b0       sf_debug_get_current_machine_name 00000001800196b0 f   sfc_debug:sfcdebug.obj
 0001:000186d0       sf_debug_get_current_chart_id 00000001800196d0 f   sfc_debug:sfcdebug.obj
 0001:00018710       sf_debug_get_current_chart_number 0000000180019710 f   sfc_debug:sfcdebug.obj
 0001:00018720       sf_debug_get_current_instance_number 0000000180019720 f   sfc_debug:sfcdebug.obj
 0001:00018730       sf_debug_get_current_is_minor_time_step 0000000180019730 f   sfc_debug:sfcdebug.obj
 0001:000187b0       sf_debug_get_current_object_type 00000001800197b0 f   sfc_debug:sfcdebug.obj
 0001:000187c0       sf_debug_get_current_instance_handle 00000001800197c0 f   sfc_debug:sfcdebug.obj
 0001:00018820       sf_debug_get_current_event_type 0000000180019820 f   sfc_debug:sfcdebug.obj
 0001:00018830       sf_debug_get_current_object_id 0000000180019830 f   sfc_debug:sfcdebug.obj
 0001:00018870       sf_debug_get_current_active_event_type 0000000180019870 f   sfc_debug:sfcdebug.obj
 0001:00018880       sf_debug_get_current_active_event_id 0000000180019880 f   sfc_debug:sfcdebug.obj
 0001:000188c0       sf_debug_get_current_tag_type 00000001800198c0 f   sfc_debug:sfcdebug.obj
 0001:000188d0       sf_debug_get_current_simulation_time 00000001800198d0 f   sfc_debug:sfcdebug.obj
 0001:000188e0       sf_debug_get_current_coverage_percentage 00000001800198e0 f   sfc_debug:sfcdebug.obj
 0001:000188f0       sf_debug_current_statement_context 00000001800198f0 f   sfc_debug:sfcdebug.obj
 0001:00018970       sf_debug_get_current_statement_info 0000000180019970 f   sfc_debug:sfcdebug.obj
 0001:00018b10       sf_debug_terminate_instance 0000000180019b10 f   sfc_debug:sfcdebug.obj
 0001:00018e30       sf_debug_assertion_failed  0000000180019e30 f   sfc_debug:sfcdebug.obj
 0001:00019000       sf_debug_create_debug_instance_struct 000000018001a000 f   sfc_debug:sfcdebug.obj
 0001:00019050       sf_debug_set_number_of_data_with_change_event_for_machine 000000018001a050 f   sfc_debug:sfcdebug.obj
 0001:000190a0       sf_debug_set_machine_event_thresholds 000000018001a0a0 f   sfc_debug:sfcdebug.obj
 0001:000190c0       sf_debug_set_machine_event_scope 000000018001a0c0 f   sfc_debug:sfcdebug.obj
 0001:00019110       sf_debug_set_machine_data_thresholds 000000018001a110 f   sfc_debug:sfcdebug.obj
 0001:00019160       sf_debug_set_machine_data_scope 000000018001a160 f   sfc_debug:sfcdebug.obj
 0001:00019200       sf_debug_set_machine_data_name 000000018001a200 f   sfc_debug:sfcdebug.obj
 0001:000192b0       sf_debug_set_machine_data_size 000000018001a2b0 f   sfc_debug:sfcdebug.obj
 0001:00019400       sf_debug_set_machine_data_type 000000018001a400 f   sfc_debug:sfcdebug.obj
 0001:00019570       sf_debug_get_chart_data_number 000000018001a570 f   sfc_debug:sfcdebug.obj
 0001:00019590       sf_debug_get_chart_event_number 000000018001a590 f   sfc_debug:sfcdebug.obj
 0001:000195b0       sf_debug_set_chart_state_info 000000018001a5b0 f   sfc_debug:sfcdebug.obj
 0001:00019640       sf_debug_set_chart_decomposition 000000018001a640 f   sfc_debug:sfcdebug.obj
 0001:000196b0       sf_debug_set_chart_substate_count 000000018001a6b0 f   sfc_debug:sfcdebug.obj
 0001:00019790       sf_debug_set_chart_substate_index 000000018001a790 f   sfc_debug:sfcdebug.obj
 0001:00019810       sf_debug_set_chart_state_substate_count 000000018001a810 f   sfc_debug:sfcdebug.obj
 0001:00019930       sf_debug_set_chart_state_substate_index 000000018001a930 f   sfc_debug:sfcdebug.obj
 0001:000199c0       sf_debug_set_number_of_data_with_change_event_for_chart 000000018001a9c0 f   sfc_debug:sfcdebug.obj
 0001:00019a50       sf_debug_set_number_of_states_with_entry_event_for_chart 000000018001aa50 f   sfc_debug:sfcdebug.obj
 0001:00019ad0       sf_debug_set_number_of_states_with_exit_event_for_chart 000000018001aad0 f   sfc_debug:sfcdebug.obj
 0001:00019b50       sf_debug_set_chart_disable_implicit_casting 000000018001ab50 f   sfc_debug:sfcdebug.obj
 0001:00019bc0       sf_debug_set_chart_event_thresholds 000000018001abc0 f   sfc_debug:sfcdebug.obj
 0001:00019c40       sf_debug_set_chart_data_compiled_props 000000018001ac40 f   sfc_debug:sfcdebug.obj
 0001:00019f80       sf_debug_set_chart_data_props 000000018001af80 f   sfc_debug:sfcdebug.obj
 0001:0001a2a0       sf_debug_check_fi_license  000000018001b2a0 f   sfc_debug:sfcdebug.obj
 0001:0001a460       sf_debug_symbol_scope_push 000000018001b460 f   sfc_debug:sfcdebug.obj
 0001:0001a4a0       sf_debug_symbol_scope_push_eml 000000018001b4a0 f   sfc_debug:sfcdebug.obj
 0001:0001a4f0       sf_debug_symbol_scope_pop  000000018001b4f0 f   sfc_debug:sfcdebug.obj
 0001:0001a530       sf_debug_symbol_scope_add_importable 000000018001b530 f   sfc_debug:sfcdebug.obj
 0001:0001a5b0       sf_debug_symbol_scope_add  000000018001b5b0 f   sfc_debug:sfcdebug.obj
 0001:0001a630       sf_debug_symbol_scope_add_dyn_importable 000000018001b630 f   sfc_debug:sfcdebug.obj
 0001:0001a6f0       sf_debug_symbol_scope_add_dyn 000000018001b6f0 f   sfc_debug:sfcdebug.obj
 0001:0001a730       sf_debug_symbol_scope_add_eml_importable 000000018001b730 f   sfc_debug:sfcdebug.obj
 0001:0001a770       sf_debug_symbol_scope_add_eml 000000018001b770 f   sfc_debug:sfcdebug.obj
 0001:0001a7b0       sf_debug_symbol_scope_add_eml_dyn_importable 000000018001b7b0 f   sfc_debug:sfcdebug.obj
 0001:0001a810       sf_debug_symbol_scope_add_eml_dyn 000000018001b810 f   sfc_debug:sfcdebug.obj
 0001:0001a870       sf_debug_symbol_switch     000000018001b870 f   sfc_debug:sfcdebug.obj
 0001:0001a890       sf_debug_symbol_scope_add_verbose 000000018001b890 f   sfc_debug:sfcdebug.obj
 0001:0001a960       sf_debug_set_machine_data_value_ptr 000000018001b960 f   sfc_debug:sfcdebug.obj
 0001:0001a9a0       sf_debug_set_instance_data_value_ptr 000000018001b9a0 f   sfc_debug:sfcdebug.obj
 0001:0001aa70       sf_debug_unset_instance_data_value_ptr 000000018001ba70 f   sfc_debug:sfcdebug.obj
 0001:0001ab20       sf_debug_set_chart_event_scope 000000018001bb20 f   sfc_debug:sfcdebug.obj
 0001:0001aba0       sf_debug_set_chart_transition_coverage_maps 000000018001bba0 f   sfc_debug:sfcdebug.obj
 0001:0001aca0       sf_debug_set_chart_state_coverage_maps 000000018001bca0 f   sfc_debug:sfcdebug.obj
 0001:0001ad70       sf_debug_set_instance_transition_coverage_weights 000000018001bd70 f   sfc_debug:sfcdebug.obj
 0001:0001ae00       sf_debug_set_instance_state_coverage_weights 000000018001be00 f   sfc_debug:sfcdebug.obj
 0001:0001b050       sf_debug_unload_machine    000000018001c050 f   sfc_debug:sfcdebug.obj
 0001:0001b0a0       sf_debug_load_machine      000000018001c0a0 f   sfc_debug:sfcdebug.obj
 0001:0001b1b0       sf_debug_set_active_instance_in_data_dictionary 000000018001c1b0 f   sfc_debug:sfcdebug.obj
 0001:0001b390       sf_debug_set_active_instance 000000018001c390 f   sfc_debug:sfcdebug.obj
 0001:0001b4f0       sf_debug_chart_visiblity_change 000000018001c4f0 f   sfc_debug:sfcdebug.obj
 0001:0001b5e0       sf_debug_select_chart      000000018001c5e0 f   sfc_debug:sfcdebug.obj
 0001:0001b740       sf_debug_set_instance_cv_ids 000000018001c740 f   sfc_debug:sfcdebug.obj
 0001:0001ba70       sf_debug_select_charts     000000018001ca70 f   sfc_debug:sfcdebug.obj
 0001:0001bc20       sf_debug_initialized       000000018001cc20 f   sfc_debug:sfcdebug.obj
 0001:0001bc40       sf_debug_is_uninterruptible 000000018001cc40 f   sfc_debug:sfcdebug.obj
 0001:0001bc70       sf_debug_initialize_debugger_gui 000000018001cc70 f   sfc_debug:sfcdebug.obj
 0001:0001c050       sf_debug_resume            000000018001d050 f   sfc_debug:sfcdebug.obj
 0001:0001c070       sf_debug_go                000000018001d070 f   sfc_debug:sfcdebug.obj
 0001:0001c080       sf_debug_break             000000018001d080 f   sfc_debug:sfcdebug.obj
 0001:0001c090       sf_debug_step_over         000000018001d090 f   sfc_debug:sfcdebug.obj
 0001:0001c0a0       sf_debug_step_out          000000018001d0a0 f   sfc_debug:sfcdebug.obj
 0001:0001c0b0       sf_debug_set_disable_all_breakpoints 000000018001d0b0 f   sfc_debug:sfcdebug.obj
 0001:0001c0c0       sf_debug_disable_all_breakpoints_and_go 000000018001d0c0 f   sfc_debug:sfcdebug.obj
 0001:0001c0d0       sf_debug_break_on_chart_entry 000000018001d0d0 f   sfc_debug:sfcdebug.obj
 0001:0001c0e0       sf_debug_break_on_event_broadcast 000000018001d0e0 f   sfc_debug:sfcdebug.obj
 0001:0001c0f0       sf_debug_break_on_state_entry 000000018001d0f0 f   sfc_debug:sfcdebug.obj
 0001:0001c100       sf_debug_break_between_times 000000018001d100 f   sfc_debug:sfcdebug.obj
 0001:0001c120       sf_debug_browse_data       000000018001d120 f   sfc_debug:sfcdebug.obj
 0001:0001c130       sf_debug_watch_data        000000018001d130 f   sfc_debug:sfcdebug.obj
 0001:0001c160       sf_debug_assign_data       000000018001d160 f   sfc_debug:sfcdebug.obj
 0001:0001c170       sf_debug_whos              000000018001d170 f   sfc_debug:sfcdebug.obj
 0001:0001c190       sf_debug_get_consistency_info 000000018001d190 f   sfc_debug:sfcdebug.obj
 0001:0001c1a0       sf_debug_browse_trace      000000018001d1a0 f   sfc_debug:sfcdebug.obj
 0001:0001c1b0       sf_debug_set_breakpoints   000000018001d1b0 f   sfc_debug:sfcdebug.obj
 0001:0001c320       sf_debug_set_eml_breakpoints 000000018001d320 f   sfc_debug:sfcdebug.obj
 0001:0001c480       sf_debug_set_script_breakpoints 000000018001d480 f   sfc_debug:sfcdebug.obj
 0001:0001c500       sf_debug_add_script_breakpoints 000000018001d500 f   sfc_debug:sfcdebug.obj
 0001:0001c570       sf_debug_clear_script_breakpoints 000000018001d570 f   sfc_debug:sfcdebug.obj
 0001:0001c5e0       sf_debug_query_script_breakpoints 000000018001d5e0 f   sfc_debug:sfcdebug.obj
 0001:0001c690       sf_debug_get_eml_script_id 000000018001d690 f   sfc_debug:sfcdebug.obj
 0001:0001c6e0       sf_debug_set_watch         000000018001d6e0 f   sfc_debug:sfcdebug.obj
 0001:0001c900       sf_debug_get_instance_handle 000000018001d900 f   sfc_debug:sfcdebug.obj
 0001:0001c990       sf_debug_get_active_states 000000018001d990 f   sfc_debug:sfcdebug.obj
 0001:0001c9a0       sf_debug_set_honor_breakpoints 000000018001d9a0 f   sfc_debug:sfcdebug.obj
 0001:0001c9b0       sf_debug_get_animation     000000018001d9b0 f   sfc_debug:sfcdebug.obj
 0001:0001c9c0       sf_debug_set_animation     000000018001d9c0 f   sfc_debug:sfcdebug.obj
 0001:0001c9d0       sf_debug_animate           000000018001d9d0 f   sfc_debug:sfcdebug.obj
 0001:0001c9f0       sf_debug_cycle_detection_check 000000018001d9f0 f   sfc_debug:sfcdebug.obj
 0001:0001ca00       sf_debug_data_range_check  000000018001da00 f   sfc_debug:sfcdebug.obj
 0001:0001ca10       sf_debug_transition_conflict_check 000000018001da10 f   sfc_debug:sfcdebug.obj
 0001:0001ca20       sf_debug_state_consistency_check 000000018001da20 f   sfc_debug:sfcdebug.obj
 0001:0001ca30       sf_debug_data_range_check_enabled 000000018001da30 f   sfc_debug:sfcdebug.obj
 0001:0001ca50       sf_debug_transition_conflict_check_enabled 000000018001da50 f   sfc_debug:sfcdebug.obj
 0001:0001ca70       sf_debug_transition_conflict_check_begin 000000018001da70 f   sfc_debug:sfcdebug.obj
 0001:0001ca90       sf_debug_transition_conflict_check_end 000000018001da90 f   sfc_debug:sfcdebug.obj
 0001:0001cab0       sf_debug_stop_debugging    000000018001dab0 f   sfc_debug:sfcdebug.obj
 0001:0001cae0       sf_debug_is_cycle_detected 000000018001dae0 f   sfc_debug:sfcdebug.obj
 0001:0001caf0       sf_debug_is_array_bounds_detected 000000018001daf0 f   sfc_debug:sfcdebug.obj
 0001:0001cb00       sf_debug_get_state_vectors_data_size 000000018001db00 f   sfc_debug:sfcdebug.obj
 0001:0001cb40       sf_debug_get_state_vectors_data 000000018001db40 f   sfc_debug:sfcdebug.obj
 0001:0001cc50       sf_debug_set_state_vectors_data 000000018001dc50 f   sfc_debug:sfcdebug.obj
 0001:0001cee0       sf_debug_get_script_index  000000018001dee0 f   sfc_debug:sfcdebug.obj
 0001:0001d070       sf_debug_add_script        000000018001e070 f   sfc_debug:sfcdebug.obj
 0001:0001d200       cv_eval_point              000000018001e200 f   sfc_debug:sfcdebug.obj
 0001:0001d370       cv_eval_testobjective      000000018001e370 f   sfc_debug:sfcdebug.obj
 0001:0001d480       sf_debug_cv_init_state     000000018001e480 f   sfc_debug:sfcdebug.obj
 0001:0001d5b0       sf_debug_cv_init_chart     000000018001e5b0 f   sfc_debug:sfcdebug.obj
 0001:0001d6a0       sf_debug_cv_init_trans     000000018001e6a0 f   sfc_debug:sfcdebug.obj
 0001:0001d7b0       sf_debug_cv_init_saturation 000000018001e7b0 f   sfc_debug:sfcdebug.obj
 0001:0001d8b0       sf_debug_cv_init_testobjectives 000000018001e8b0 f   sfc_debug:sfcdebug.obj
 0001:0001da90       cv_eml_init_script         000000018001ea90 f   sfc_debug:sfcdebug.obj
 0001:0001dbb0       cv_eml_init_fcn            000000018001ebb0 f   sfc_debug:sfcdebug.obj
 0001:0001dcc0       cv_eml_init_testobjective  000000018001ecc0 f   sfc_debug:sfcdebug.obj
 0001:0001dda0       cv_eml_init_saturation     000000018001eda0 f   sfc_debug:sfcdebug.obj
 0001:0001de70       cv_eml_init_if             000000018001ee70 f   sfc_debug:sfcdebug.obj
 0001:0001df50       cv_eml_init_for            000000018001ef50 f   sfc_debug:sfcdebug.obj
 0001:0001e020       cv_eml_init_while          000000018001f020 f   sfc_debug:sfcdebug.obj
 0001:0001e0f0       cv_eml_init_mcdc           000000018001f0f0 f   sfc_debug:sfcdebug.obj
 0001:0001e210       cv_eml_init_switch         000000018001f210 f   sfc_debug:sfcdebug.obj
 0001:0001e310       cv_eml_eval                000000018001f310 f   sfc_debug:sfcdebug.obj
 0001:0001e400       sf_debug_bm_is_a_eml_breakpoint 000000018001f400 f   sfc_debug:sfcdebug.obj
 0001:0001e550       sf_debug_temporal_threshold 000000018001f550 f   sfc_debug:sfcdebug.obj
 0001:0001e8c0       sf_debug_transition_conflict_error 000000018001f8c0 f   sfc_debug:sfcdebug.obj
 0001:0001ec20       sf_debug_state_inconsistency_error 000000018001fc20 f   sfc_debug:sfcdebug.obj
 0001:0001ed40       sf_debug_check_for_state_inconsistency 000000018001fd40 f   sfc_debug:sfcdebug.obj
 0001:0001ed80       sf_debug_cycle_detecton_error 000000018001fd80 f   sfc_debug:sfcdebug.obj
 0001:0001f4d0       sf_debug_size_eq_check_1d  00000001800204d0 f   sfc_debug:sfcdebug.obj
 0001:0001f4f0       sf_debug_size_eq_check_nd  00000001800204f0 f   sfc_debug:sfcdebug.obj
 0001:0001f6f0       sf_debug_dim_size_eq_check 00000001800206f0 f   sfc_debug:sfcdebug.obj
 0001:0001f720       sf_debug_dim_size_geq_check 0000000180020720 f   sfc_debug:sfcdebug.obj
 0001:0001f750       sf_debug_sub_assign_size_check_nd 0000000180020750 f   sfc_debug:sfcdebug.obj
 0001:0001f930       sf_debug_matrix_matrix_index_check 0000000180020930 f   sfc_debug:sfcdebug.obj
 0001:0001f980       sf_debug_vector_vector_index_check 0000000180020980 f   sfc_debug:sfcdebug.obj
 0001:0001f9d0       sf_debug_for_loop_vector_check 00000001800209d0 f   sfc_debug:sfcdebug.obj
 0001:0001fa70       sf_debug_runtime_error_msgid 0000000180020a70 f   sfc_debug:sfcdebug.obj
 0001:0001fb10       sf_debug_data_array_bounds_error_check 0000000180020b10 f   sfc_debug:sfcdebug.obj
 0001:0001fc20       sf_debug_eml_data_array_bounds_error_check 0000000180020c20 f   sfc_debug:sfcdebug.obj
 0001:000200e0       sf_debug_integer_check     00000001800210e0 f   sfc_debug:sfcdebug.obj
 0001:000201d0       sf_debug_not_nan_check     00000001800211d0 f   sfc_debug:sfcdebug.obj
 0001:000202a0       sf_debug_non_negative_check 00000001800212a0 f   sfc_debug:sfcdebug.obj
 0001:00020370       sf_debug_overflow_detection 0000000180021370 f   sfc_debug:sfcdebug.obj
 0001:000209d0       sf_debug_cast_to_real32_T  00000001800219d0 f   sfc_debug:sfcdebug.obj
 0001:00020aa0       sf_debug_cast_to_int8_T    0000000180021aa0 f   sfc_debug:sfcdebug.obj
 0001:00020b70       sf_debug_cast_to_uint8_T   0000000180021b70 f   sfc_debug:sfcdebug.obj
 0001:00020c40       sf_debug_cast_to_int16_T   0000000180021c40 f   sfc_debug:sfcdebug.obj
 0001:00020d10       sf_debug_cast_to_uint16_T  0000000180021d10 f   sfc_debug:sfcdebug.obj
 0001:00020de0       sf_debug_cast_to_int32_T   0000000180021de0 f   sfc_debug:sfcdebug.obj
 0001:00020eb0       sf_debug_cast_to_uint32_T  0000000180021eb0 f   sfc_debug:sfcdebug.obj
 0001:00020f80       sf_debug_data_range_error  0000000180021f80 f   sfc_debug:sfcdebug.obj
 0001:00021290       sf_debug_read_before_write_check 0000000180022290 f   sfc_debug:sfcdebug.obj
 0001:000216c0       sf_debug_data_range_error_wrapper_min_max 00000001800226c0 f   sfc_debug:sfcdebug.obj
 0001:000217e0       sf_debug_data_range_error_wrapper_min 00000001800227e0 f   sfc_debug:sfcdebug.obj
 0001:000218f0       sf_debug_data_range_error_wrapper_max 00000001800228f0 f   sfc_debug:sfcdebug.obj
 0001:00021a00       sf_debug_data_range_wrapper 0000000180022a00 f   sfc_debug:sfcdebug.obj
 0001:00021ac0       sf_debug_set_current_status_info 0000000180022ac0 f   sfc_debug:sfcdebug.obj
 0001:00021e60       sf_debug_register_message_post_receive_info 0000000180022e60 f   sfc_debug:sfcdebug.obj
 0001:000220b0       sf_debug_call              00000001800230b0 f   sfc_debug:sfcdebug.obj
 0001:00022a10       sf_debug_initialize_machine 0000000180023a10 f   sfc_debug:sfcdebug.obj
 0001:00022cc0       sf_debug_initialize_chart  0000000180023cc0 f   sfc_debug:sfcdebug.obj
 0001:00023110       sf_debug_ensure_script     0000000180024110 f   sfc_debug:sfcdebug.obj
 0001:000231c0       cv_eval_saturation         00000001800241c0 f   sfc_debug:sfcdebug.obj
 0001:00023340       cv_saturation_accum        0000000180024340 f   sfc_debug:sfcdebug.obj
 0001:00023480       cv_script_init_script      0000000180024480 f   sfc_debug:sfcdebug.obj
 0001:00023570       cv_script_init_fcn         0000000180024570 f   sfc_debug:sfcdebug.obj
 0001:00023630       cv_script_init_testobjective 0000000180024630 f   sfc_debug:sfcdebug.obj
 0001:000236f0       cv_script_init_saturation  00000001800246f0 f   sfc_debug:sfcdebug.obj
 0001:000237a0       cv_script_init_if          00000001800247a0 f   sfc_debug:sfcdebug.obj
 0001:00023860       cv_script_init_for         0000000180024860 f   sfc_debug:sfcdebug.obj
 0001:00023910       cv_script_init_while       0000000180024910 f   sfc_debug:sfcdebug.obj
 0001:000239c0       cv_script_init_mcdc        00000001800249c0 f   sfc_debug:sfcdebug.obj
 0001:00023ac0       cv_script_init_switch      0000000180024ac0 f   sfc_debug:sfcdebug.obj
 0001:00023ba0       cv_script_eval             0000000180024ba0 f   sfc_debug:sfcdebug.obj
 0001:00023c70       eml_debug_line_call        0000000180024c70 f   sfc_debug:sfcdebug.obj
 0001:00023e40       sf_debug_terminate         0000000180024e40 f   sfc_debug:sfcdebug.obj
 0001:00024050       sf_debug_set_script_cv_ids 0000000180025050 f   sfc_debug:sfcdebug.obj
 0001:00024180       sf_debug_api               0000000180025180 f   sfc_debug:sfc_api.obj
 0001:00025a70       sf_debug_sm_terminate      0000000180026a70 f   sfc_debug:sfdb_animation.obj
 0001:00025c20       sf_debug_reset_path_objects 0000000180026c20 f   sfc_debug:sfdb_animation.obj
 0001:00025ca0       sf_debug_sm_reset_object_selection_status 0000000180026ca0 f   sfc_debug:sfdb_animation.obj
 0001:00025d40       sf_debug_sm_reset_state_buffer 0000000180026d40 f   sfc_debug:sfdb_animation.obj
 0001:00025e10       sf_debug_sm_store_state_buffer 0000000180026e10 f   sfc_debug:sfdb_animation.obj
 0001:00025e90       sf_debug_sm_restore_state_buffer1 0000000180026e90 f   sfc_debug:sfdb_animation.obj
 0001:00025f00       sf_debug_sm_restore_state_buffer2 0000000180026f00 f   sfc_debug:sfdb_animation.obj
 0001:00025f70       sf_debug_sm_chart_active   0000000180026f70 f   sfc_debug:sfdb_animation.obj
 0001:00025fc0       sf_debug_sm_select_active_objects 0000000180026fc0 f   sfc_debug:sfdb_animation.obj
 0001:00026490       sf_debug_sm_is_chart_active 0000000180027490 f   sfc_debug:sfdb_animation.obj
 0001:000264d0       sf_debug_sm_is_state_active 00000001800274d0 f   sfc_debug:sfdb_animation.obj
 0001:00026710       sf_debug_sm_get_active_states 0000000180027710 f   sfc_debug:sfdb_animation.obj
 0001:00026cc0       sf_debug_sm_initialize_instance 0000000180027cc0 f   sfc_debug:sfdb_animation.obj
 0001:00026ed0       sf_debug_sm_change_object_selection_status 0000000180027ed0 f   sfc_debug:sfdb_animation.obj
 0001:000271a0       cv_create_interface        00000001800281a0 f   sfc_debug:cv_sfinterface.obj
 0001:000274b0       cv_init_trans              00000001800284b0 f   sfc_debug:cv_sfinterface.obj
 0001:00027500       cv_init_saturation         0000000180028500 f   sfc_debug:cv_sfinterface.obj
 0001:00027540       cv_init_testobjective      0000000180028540 f   sfc_debug:cv_sfinterface.obj
 0001:00027580       cv_init_state              0000000180028580 f   sfc_debug:cv_sfinterface.obj
 0001:000275f0       cv_init_chart              00000001800285f0 f   sfc_debug:cv_sfinterface.obj
 0001:00027640       cv_dec_update_call         0000000180028640 f   sfc_debug:cv_sfinterface.obj
 0001:00027680       cv_cond_update_call        0000000180028680 f   sfc_debug:cv_sfinterface.obj
 0001:000276c0       cv_saturation_update_call  00000001800286c0 f   sfc_debug:cv_sfinterface.obj
 0001:00027700       cv_saturation_update_accum 0000000180028700 f   sfc_debug:cv_sfinterface.obj
 0001:00027740       cv_testobjective_update_call 0000000180028740 f   sfc_debug:cv_sfinterface.obj
 0001:00027780       cv_sigrange_update         0000000180028780 f   sfc_debug:cv_sfinterface.obj
 0001:000277c0       cvsf_eml_eval              00000001800287c0 f   sfc_debug:cv_sfinterface.obj
 0001:000278a0       cvsf_eml_init_script       00000001800288a0 f   sfc_debug:cv_sfinterface.obj
 0001:00027930       cvsf_eml_init_fcn          0000000180028930 f   sfc_debug:cv_sfinterface.obj
 0001:00027990       cvsf_eml_init_testobjective 0000000180028990 f   sfc_debug:cv_sfinterface.obj
 0001:000279f0       cvsf_eml_init_saturation   00000001800289f0 f   sfc_debug:cv_sfinterface.obj
 0001:00027a40       cvsf_eml_init_if           0000000180028a40 f   sfc_debug:cv_sfinterface.obj
 0001:00027aa0       cvsf_eml_init_for          0000000180028aa0 f   sfc_debug:cv_sfinterface.obj
 0001:00027af0       cvsf_eml_init_while        0000000180028af0 f   sfc_debug:cv_sfinterface.obj
 0001:00027b40       cvsf_eml_init_mcdc         0000000180028b40 f   sfc_debug:cv_sfinterface.obj
 0001:00027bd0       cvsf_eml_init_switch       0000000180028bd0 f   sfc_debug:cv_sfinterface.obj
 0001:00027c40       cvsf_script_eval           0000000180028c40 f   sfc_debug:cv_sfinterface.obj
 0001:00027d20       cvsf_script_init_script    0000000180028d20 f   sfc_debug:cv_sfinterface.obj
 0001:00027db0       cvsf_script_init_fcn       0000000180028db0 f   sfc_debug:cv_sfinterface.obj
 0001:00027e10       cvsf_script_init_testobjective 0000000180028e10 f   sfc_debug:cv_sfinterface.obj
 0001:00027e70       cvsf_script_init_saturation 0000000180028e70 f   sfc_debug:cv_sfinterface.obj
 0001:00027ec0       cvsf_script_init_if        0000000180028ec0 f   sfc_debug:cv_sfinterface.obj
 0001:00027f20       cvsf_script_init_for       0000000180028f20 f   sfc_debug:cv_sfinterface.obj
 0001:00027f70       cvsf_script_init_while     0000000180028f70 f   sfc_debug:cv_sfinterface.obj
 0001:00027fc0       cvsf_script_init_mcdc      0000000180028fc0 f   sfc_debug:cv_sfinterface.obj
 0001:00028050       cvsf_script_init_switch    0000000180029050 f   sfc_debug:cv_sfinterface.obj
 0001:000280c0       cv_destroy_interface       00000001800290c0 f   sfc_debug:cv_sfinterface.obj
 0001:000280e0       cv_create_instance_objects 00000001800290e0 f   sfc_debug:cv_sfinterface.obj
 0001:00028550       cv_is_enabled              0000000180029550 f   sfc_debug:cv_sfinterface.obj
 0001:00028560       sf_debug_cv_initialize_script 0000000180029560 f   sfc_debug:cv_sfinterface.obj
 0001:000286f0       sf_debug_cv_initialize_instance 00000001800296f0 f   sfc_debug:cv_sfinterface.obj
 0001:00028a80       sf_debug_cv_terminate_chart 0000000180029a80 f   sfc_debug:cv_sfinterface.obj
 0001:00028ba0       cv_call_trans_test         0000000180029ba0 f   sfc_debug:cv_sfinterface.obj
 0001:00028bb0       cv_call_sub_cond_test      0000000180029bb0 f   sfc_debug:cv_sfinterface.obj
 0001:00028bf0       sf_debug_st_initialize_machine 0000000180029bf0 f   sfc_debug:sfdb_data_browse.obj
 0001:00028ca0       sf_debug_st_initialize_instance 0000000180029ca0 f   sfc_debug:sfdb_data_browse.obj
 0001:00028eb0       sf_debug_st_terminate      0000000180029eb0 f   sfc_debug:sfdb_data_browse.obj
 0001:00029250       sf_debug_st_set_data_value_ptr_in_machine 000000018002a250 f   sfc_debug:sfdb_data_browse.obj
 0001:000292e0       sf_debug_st_set_data_value_ptr_in_instance 000000018002a2e0 f   sfc_debug:sfdb_data_browse.obj
 0001:000293c0       sf_debug_st_unset_data_value_ptr_in_machine 000000018002a3c0 f   sfc_debug:sfdb_data_browse.obj
 0001:00029430       sf_debug_st_unset_data_value_ptr_in_instance 000000018002a430 f   sfc_debug:sfdb_data_browse.obj
 0001:000296f0       sf_debug_mx_value          000000018002a6f0 f   sfc_debug:sfdb_data_browse.obj
 0001:00029750       sf_debug_mx_packed_vector  000000018002a750 f   sfc_debug:sfdb_data_browse.obj
 0001:00029830       sf_debug_mx_uint_vector    000000018002a830 f   sfc_debug:sfdb_data_browse.obj
 0001:000298e0       sf_debug_st_get_double_value_from_void_ptr_vector 000000018002a8e0 f   sfc_debug:sfdb_data_browse.obj
 0001:0002a3c0       sf_debug_st_browse_data    000000018002b3c0 f   sfc_debug:sfdb_data_browse.obj
 0001:0002ac00       sf_debug_hm_initialize_instance 000000018002bc00 f   sfc_debug:sfdb_handle_management.obj
 0001:0002b0e0       sf_debug_hm_get_object_id  000000018002c0e0 f   sfc_debug:sfdb_handle_management.obj
 0001:0002bc90       sf_debug_hm_update_chart_visibility 000000018002cc90 f   sfc_debug:sfdb_handle_management.obj
 0001:0002ce80       sf_debug_object_is_eml_function 000000018002de80 f   sfc_debug:sfdb_handle_management.obj
 0001:0002cef0       sf_debug_hm_initialize_ids_in_machine 000000018002def0 f   sfc_debug:sfdb_handle_management.obj
 0001:0002d060       sf_debug_hm_initialize_ids_in_chart 000000018002e060 f   sfc_debug:sfdb_handle_management.obj
 0001:0002d160       sf_debug_hm_initialize_chart 000000018002e160 f   sfc_debug:sfdb_handle_management.obj
 0001:0002d860       sf_debug_hm_terminate      000000018002e860 f   sfc_debug:sfdb_handle_management.obj
 0001:0002d8c0       sf_debug_hm_initialize_machine 000000018002e8c0 f   sfc_debug:sfdb_handle_management.obj
 0001:0002dfe0       sf_debug_ss_initialize     000000018002efe0 f   sfc_debug:sfdb_symbol_scope.obj
 0001:0002e000       sf_debug_ss_terminate      000000018002f000 f   sfc_debug:sfdb_symbol_scope.obj
 0001:0002e090       sf_debug_ss_push_symbol_scope 000000018002f090 f   sfc_debug:sfdb_symbol_scope.obj
 0001:0002e190       sf_debug_ss_push_symbol_scope_eml 000000018002f190 f   sfc_debug:sfdb_symbol_scope.obj
 0001:0002e1f0       sf_debug_ss_pop_symbol_scope 000000018002f1f0 f   sfc_debug:sfdb_symbol_scope.obj
 0001:0002e2a0       sf_debug_ss_add_symbol     000000018002f2a0 f   sfc_debug:sfdb_symbol_scope.obj
 0001:0002e410       sf_debug_ss_add_symbol_eml 000000018002f410 f   sfc_debug:sfdb_symbol_scope.obj
 0001:0002f310       sf_debug_ss_set_data_value 0000000180030310 f   sfc_debug:sfdb_symbol_scope.obj
 0001:0002f760       getInstanceNumber          0000000180030760 f   sfc_debug:sfdb_symbol_scope.obj
 0001:0002f830       sf_debug_ss_watch_data     0000000180030830 f   sfc_debug:sfdb_symbol_scope.obj
 0001:0002fa20       sf_debug_ss_assign_data    0000000180030a20 f   sfc_debug:sfdb_symbol_scope.obj
 0001:00030430       get_data_entry_name        0000000180031430 f   sfc_debug:sfdb_symbol_scope.obj
 0001:00030480       sf_debug_ss_whos           0000000180031480 f   sfc_debug:sfdb_symbol_scope.obj
 0001:00030ad0       sf_debug_cc_initialize_chart 0000000180031ad0 f   sfc_debug:sfdb_coverage.obj
 0001:000314c0       sf_debug_cc_initialize_instance 00000001800324c0 f   sfc_debug:sfdb_coverage.obj
 0001:00032200       sf_debug_cc_terminate      0000000180033200 f   sfc_debug:sfdb_coverage.obj
 0001:000322f0       sf_debug_cc_set_transition_maps 00000001800332f0 f   sfc_debug:sfdb_coverage.obj
 0001:00032420       sf_debug_cc_set_state_maps 0000000180033420 f   sfc_debug:sfdb_coverage.obj
 0001:00032500       sf_debug_cc_set_transition_weights 0000000180033500 f   sfc_debug:sfdb_coverage.obj
 0001:000327c0       sf_debug_cc_set_state_weights 00000001800337c0 f   sfc_debug:sfdb_coverage.obj
 0001:00032a90       sf_debug_cc_mark_transition_guard 0000000180033a90 f   sfc_debug:sfdb_coverage.obj
 0001:00032b20       sf_debug_cc_mark_transition_trigger 0000000180033b20 f   sfc_debug:sfdb_coverage.obj
 0001:00032bb0       sf_debug_cc_mark_transition_decision 0000000180033bb0 f   sfc_debug:sfdb_coverage.obj
 0001:00032c20       sf_debug_cc_mark_transition_condition_action 0000000180033c20 f   sfc_debug:sfdb_coverage.obj
 0001:00032c70       sf_debug_cc_mark_transition_transition_action 0000000180033c70 f   sfc_debug:sfdb_coverage.obj
 0001:00032cc0       sf_debug_cc_mark_state_entry 0000000180033cc0 f   sfc_debug:sfdb_coverage.obj
 0001:00032d10       sf_debug_cc_mark_state_during 0000000180033d10 f   sfc_debug:sfdb_coverage.obj
 0001:00032d60       sf_debug_cc_mark_state_exit 0000000180033d60 f   sfc_debug:sfdb_coverage.obj
 0001:00032db0       sf_debug_bm_clear_script_breakpoints 0000000180033db0 f   sfc_debug:sfdb_breakpoints.obj
 0001:00032de0       sf_debug_bm_set_script_breakpoint 0000000180033de0 f   sfc_debug:sfdb_breakpoints.obj
 0001:00032e60       sf_debug_bm_clear_single_script_breakpoint 0000000180033e60 f   sfc_debug:sfdb_breakpoints.obj
 0001:00032ee0       sf_debug_bm_query_script_breakpoint 0000000180033ee0 f   sfc_debug:sfdb_breakpoints.obj
 0001:00032f30       sf_debug_bm_initialize_scripts 0000000180033f30 f   sfc_debug:sfdb_breakpoints.obj
 0001:000335c0       sf_debug_bm_terminate      00000001800345c0 f   sfc_debug:sfdb_breakpoints.obj
 0001:000338a0       sf_debug_bm_remove_all_breakpoints_in_machine 00000001800348a0 f   sfc_debug:sfdb_breakpoints.obj
 0001:00033900       sf_debug_bm_remove_all_breakpoints_in_chart 0000000180034900 f   sfc_debug:sfdb_breakpoints.obj
 0001:00033a50       sf_debug_bm_initialize_global_breakpoints 0000000180034a50 f   sfc_debug:sfdb_breakpoints.obj
 0001:00033bd0       sf_debug_bm_set_breakpoint 0000000180034bd0 f   sfc_debug:sfdb_breakpoints.obj
 0001:00034190       sf_debug_bm_set_eml_breakpoint 0000000180035190 f   sfc_debug:sfdb_breakpoints.obj
 0001:00034220       sf_debug_bm_initialize_machine_breakpoint_map 0000000180035220 f   sfc_debug:sfdb_breakpoints.obj
 0001:00034640       sf_debug_bm_is_a_breakpoint 0000000180035640 f   sfc_debug:sfdb_breakpoints.obj
 0001:00034b60       sf_debug_bm_get_all_breakpoints_in_machine 0000000180035b60 f   sfc_debug:sfdb_breakpoints.obj
 0001:00034e60       sf_debug_bm_get_all_breakpoints_in_chart 0000000180035e60 f   sfc_debug:sfdb_breakpoints.obj
 0001:000359f0       sf_debug_bm_initialize_machine 00000001800369f0 f   sfc_debug:sfdb_breakpoints.obj
 0001:00035ac0       sf_debug_bm_initialize_chart 0000000180036ac0 f   sfc_debug:sfdb_breakpoints.obj
 0001:00035eb0       sf_debug_sc_terminate      0000000180036eb0 f   sfc_debug:sfdb_state_consistency.obj
 0001:000361d0       sf_debug_sc_is_chart_consistent 00000001800371d0 f   sfc_debug:sfdb_state_consistency.obj
 0001:00036480       sf_debug_sc_get_consistency_error_info 0000000180037480 f   sfc_debug:sfdb_state_consistency.obj
 0001:00036890       sf_debug_tm_terminate      0000000180037890 f   sfc_debug:sfdb_call_stack.obj
 0001:00036940       sf_debug_tm_push_chart_instance 0000000180037940 f   sfc_debug:sfdb_call_stack.obj
 0001:00036a80       sf_debug_tm_pop_chart_instance 0000000180037a80 f   sfc_debug:sfdb_call_stack.obj
 0001:00036ae0       sf_debug_tm_push_trace_node 0000000180037ae0 f   sfc_debug:sfdb_call_stack.obj
 0001:00036c60       sf_debug_tm_pop_trace_node 0000000180037c60 f   sfc_debug:sfdb_call_stack.obj
 0001:00036ce0       sf_debug_tm_get_current_global_trace_index 0000000180037ce0 f   sfc_debug:sfdb_call_stack.obj
 0001:00036cf0       sf_debug_tm_get_current_local_trace_index 0000000180037cf0 f   sfc_debug:sfdb_call_stack.obj
 0001:00036d20       sf_debug_tm_set_cycle_detected_flag 0000000180037d20 f   sfc_debug:sfdb_call_stack.obj
 0001:00036d60       sf_debug_tm_set_cycle_started_flag 0000000180037d60 f   sfc_debug:sfdb_call_stack.obj
 0001:00036da0       sf_debug_tm_get_chart_number_from_stack 0000000180037da0 f   sfc_debug:sfdb_call_stack.obj
 0001:00036fa0       sf_debug_tm_browse_trace   0000000180037fa0 f   sfc_debug:sfdb_call_stack.obj
 0001:000372b0       sf_debug_cd_initialize_instance 00000001800382b0 f   sfc_debug:sfdb_cycle_detection.obj
 0001:00037560       sf_debug_cd_mark_processed_transition_in_instance 0000000180038560 f   sfc_debug:sfdb_cycle_detection.obj
 0001:00037600       sf_debug_cd_checksum_push  0000000180038600 f   sfc_debug:sfdb_cycle_detection.obj
 0001:000378b0       sf_debug_cd_checksum_pop   00000001800388b0 f   sfc_debug:sfdb_cycle_detection.obj
 0001:00037920       sf_debug_cd_turn_off_cycle_detection 0000000180038920 f   sfc_debug:sfdb_cycle_detection.obj
 0001:00037970       sf_debug_cd_terminate      0000000180038970 f   sfc_debug:sfdb_cycle_detection.obj
 0001:00037ba0       md5_initialize_state       0000000180038ba0 f   sfc_debug:ckmd5.obj
 0001:00038630       md5_update_state           0000000180039630 f   sfc_debug:ckmd5.obj
 0001:00038650       md5_get_hash               0000000180039650 f   sfc_debug:ckmd5.obj
 0001:00038680       md5_get_hash_for_a_single_string 0000000180039680 f   sfc_debug:ckmd5.obj
 0001:000386e0       mxGetPr                    00000001800396e0 f   libmx:libmx.dll
 0001:000386e6       mxCreateDoubleScalar       00000001800396e6 f   libmx:libmx.dll
 0001:000386ec       mxCreateDoubleMatrix_730   00000001800396ec f   libmx:libmx.dll
 0001:000386f2       mxSetField_730             00000001800396f2 f   libmx:libmx.dll
 0001:000386f8       mxCreateString             00000001800396f8 f   libmx:libmx.dll
 0001:000386fe       mxCreateStructMatrix_730   00000001800396fe f   libmx:libmx.dll
 0001:00038704       mxCreateCellMatrix_730     0000000180039704 f   libmx:libmx.dll
 0001:0003870a       mxDestroyArray             000000018003970a f   libmx:libmx.dll
 0001:00038710       mxDuplicateArray           0000000180039710 f   libmx:libmx.dll
 0001:00038716       mxGetString_730            0000000180039716 f   libmx:libmx.dll
 0001:0003871c       mxIsChar                   000000018003971c f   libmx:libmx.dll
 0001:00038722       mxGetClassID               0000000180039722 f   libmx:libmx.dll
 0001:00038728       mxIsNumeric                0000000180039728 f   libmx:libmx.dll
 0001:0003872e       mxIsComplex                000000018003972e f   libmx:libmx.dll
 0001:00038734       mxGetN                     0000000180039734 f   libmx:libmx.dll
 0001:0003873a       mxGetM                     000000018003973a f   libmx:libmx.dll
 0001:00038740       mxCalloc                   0000000180039740 f   libmx:libmx.dll
 0001:00038746       mxGetScalar                0000000180039746 f   libmx:libmx.dll
 0001:0003874c       mxIsLogical                000000018003974c f   libmx:libmx.dll
 0001:00038752       mxCreateDoubleMatrix_700   0000000180039752 f   libmx:libmx.dll
 0001:00038758       mxFree                     0000000180039758 f   libmx:libmx.dll
 0001:0003875e       mxArrayToString            000000018003975e f   libmx:libmx.dll
 0001:00038764       mxCreateCellMatrix_700     0000000180039764 f   libmx:libmx.dll
 0001:0003876a       mxSetCell_700              000000018003976a f   libmx:libmx.dll
 0001:00038770       mxGetCell_700              0000000180039770 f   libmx:libmx.dll
 0001:00038776       mxGetClassName             0000000180039776 f   libmx:libmx.dll
 0001:0003877c       mxSetField_700             000000018003977c f   libmx:libmx.dll
 0001:00038782       mxAddField                 0000000180039782 f   libmx:libmx.dll
 0001:00038788       mxGetField_700             0000000180039788 f   libmx:libmx.dll
 0001:0003878e       mxGetNumberOfElements      000000018003978e f   libmx:libmx.dll
 0001:00038794       mxIsStruct                 0000000180039794 f   libmx:libmx.dll
 0001:0003879a       mxIsA                      000000018003979a f   libmx:libmx.dll
 0001:000387a0       mxIsClass                  00000001800397a0 f   libmx:libmx.dll
 0001:000387a6       mxGetLogicals              00000001800397a6 f   libmx:libmx.dll
 0001:000387ac       mxIsSparse                 00000001800397ac f   libmx:libmx.dll
 0001:000387b2       mxSetFieldByNumber_700     00000001800397b2 f   libmx:libmx.dll
 0001:000387b8       mxGetFieldByNumber_700     00000001800397b8 f   libmx:libmx.dll
 0001:000387be       mxGetFieldNameByNumber     00000001800397be f   libmx:libmx.dll
 0001:000387c4       mxGetNumberOfFields        00000001800397c4 f   libmx:libmx.dll
 0001:000387ca       mxCreateStructMatrix_700   00000001800397ca f   libmx:libmx.dll
 0001:000387d0       mxGetFieldNumber           00000001800397d0 f   libmx:libmx.dll
 0001:000387d6       mxIsNaN                    00000001800397d6 f   libmx:libmx.dll
 0001:000387dc       mxIsEmpty                  00000001800397dc f   libmx:libmx.dll
 0001:000387e2       mxGetData                  00000001800397e2 f   libmx:libmx.dll
 0001:000387e8       mxGetImagData              00000001800397e8 f   libmx:libmx.dll
 0001:000387ee       mxArrayClassIDName         00000001800397ee f   libmx:libmx.dll
 0001:000387f4       mxCreateNumericMatrix_700  00000001800397f4 f   libmx:libmx.dll
 0001:000387fa       mxCreateStructArray_700    00000001800397fa f   libmx:libmx.dll
 0001:00038800       mxCalcSingleSubscript_700  0000000180039800 f   libmx:libmx.dll
 0001:00038806       mxGetDimensions_700        0000000180039806 f   libmx:libmx.dll
 0001:0003880c       mxGetNumberOfDimensions_700 000000018003980c f   libmx:libmx.dll
 0001:00038812       mxCreateNumericArray_700   0000000180039812 f   libmx:libmx.dll
 0001:00038818       mxGetElementSize           0000000180039818 f   libmx:libmx.dll
 0001:0003881e       mxCreateStringFromNChars_700 000000018003981e f   libmx:libmx.dll
 0001:00038824       mxGetString_700            0000000180039824 f   libmx:libmx.dll
 0001:0003882a       mxIsLogicalScalarTrue      000000018003982a f   libmx:libmx.dll
 0001:00038830       mxCreateLogicalScalar      0000000180039830 f   libmx:libmx.dll
 0001:00038836       mexUnlock                  0000000180039836 f   libmex:libmex.dll
 0001:0003883c       mexIsLocked                000000018003983c f   libmex:libmex.dll
 0001:00038842       mexWarnMsgTxt              0000000180039842 f   libmex:libmex.dll
 0001:00038848       mexCallMATLAB              0000000180039848 f   libmex:libmex.dll
 0001:0003884e       mexErrMsgTxt               000000018003984e f   libmex:libmex.dll
 0001:00038854       mexMakeArrayPersistent     0000000180039854 f   libmex:libmex.dll
 0001:0003885a       mexSetTrapFlag             000000018003985a f   libmex:libmex.dll
 0001:00038860       mexPutVariable             0000000180039860 f   libmex:libmex.dll
 0001:00038866       mexGetVariable             0000000180039866 f   libmex:libmex.dll
 0001:0003886c       mexLock                    000000018003986c f   libmex:libmex.dll
 0001:00038872       mexMakeMemoryPersistent    0000000180039872 f   libmex:libmex.dll
 0001:00038878       mexFunctionName            0000000180039878 f   libmex:libmex.dll
 0001:0003887e       ssRegisterDataTypeFxpFSlopeFixExpBias 000000018003987e f   libfixedpoint:libfixedpoint.dll
 0001:00038884       ssRegisterDataTypeFxpScaledDouble 0000000180039884 f   libfixedpoint:libfixedpoint.dll
 0001:0003888a       utMalloc                   000000018003988a f   libut:libut.dll
 0001:00038890       utFree                     0000000180039890 f   libut:libut.dll
 0001:00038896       utVSNprintf                0000000180039896 f   libut:libut.dll
 0001:0003889c       utCPUtime                  000000018003989c f   libut:libut.dll
 0001:000388a2       utCalloc                   00000001800398a2 f   libut:libut.dll
 0001:000388a8       utRealloc                  00000001800398a8 f   libut:libut.dll
 0001:000388ae       muDoubleScalarCos          00000001800398ae f   libmwmathutil:libmwmathutil.dll
 0001:000388b4       muDoubleScalarSin          00000001800398b4 f   libmwmathutil:libmwmathutil.dll
 0001:000388ba       emlrtCreateRootTLS         00000001800398ba f   libemlrt:libemlrt.dll
 0001:000388c0       emlrtDestroyRootTLS        00000001800398c0 f   libemlrt:libemlrt.dll
 0001:000388c6       emlrtCheckBuiltInR2012b    00000001800398c6 f   libemlrt:libemlrt.dll
 0001:000388cc       emlrtCheckVsBuiltInR2012b  00000001800398cc f   libemlrt:libemlrt.dll
 0001:000388d2       emlrtCheckEnumR2012b       00000001800398d2 f   libemlrt:libemlrt.dll
 0001:000388d8       emlrtCreateEnumR2012b      00000001800398d8 f   libemlrt:libemlrt.dll
 0001:000388de       emlrtGetEnumElementR2009a  00000001800398de f   libemlrt:libemlrt.dll
 0001:000388e4       emlrtCreateReference       00000001800398e4 f   libemlrt:libemlrt.dll
 0001:000388ea       emlrtImportVsFiArrayR2009b 00000001800398ea f   libemlrt:libemlrt.dll
 0001:000388f0       emlrtNameCapturePostProcessR2012a 00000001800398f0 f   libemlrt:libemlrt.dll
 0001:000388f6       emlrtExtractMessageId      00000001800398f6 f   libemlrt:libemlrt.dll
 0001:000388fc       emlrtTranslateMessageIDtoLCPstring 00000001800398fc f   libemlrt:libemlrt.dll
 0001:00038902       emlrtForLoopVectorIsValidR2011b 0000000180039902 f   libemlrt:libemlrt.dll
 0001:00038908       emlrtTranslateUTF16MessagetoLCPstring 0000000180039908 f   libemlrt:libemlrt.dll
 0001:0003890e       emlrtGetEnumUnderlyingArrayR2009a 000000018003990e f   libemlrt:libemlrt.dll
 0001:00038914       emlrtIsEnumR2009a          0000000180039914 f   libemlrt:libemlrt.dll
 0001:0003891c       __GSHandlerCheckCommon     000000018003991c f   MSVCRT:gshandler.obj
 0001:00038980       __GSHandlerCheck           0000000180039980 f   MSVCRT:gshandler.obj
 0001:0003899e       strlen                     000000018003999e f   MSVCRT:MSVCR100.dll
 0001:000389c0       __security_check_cookie    00000001800399c0 f   MSVCRT:amdsecgs.obj
 0001:000389e0       memset                     00000001800399e0 f   MSVCRT:MSVCR100.dll
 0001:000389e6       strcmp                     00000001800399e6 f   MSVCRT:MSVCR100.dll
 0001:000389ec       free                       00000001800399ec f   MSVCRT:MSVCR100.dll
 0001:000389f2       sprintf                    00000001800399f2 f   MSVCRT:MSVCR100.dll
 0001:000389f8       malloc                     00000001800399f8 f   MSVCRT:MSVCR100.dll
 0001:000389fe       strcat                     00000001800399fe f   MSVCRT:MSVCR100.dll
 0001:00038a04       memcpy                     0000000180039a04 f   MSVCRT:MSVCR100.dll
 0001:00038a0c       NtCurrentTeb               0000000180039a0c f i MSVCRT:crtdll.obj
 0001:00038a78       _CRT_INIT                  0000000180039a78 f   MSVCRT:crtdll.obj
 0001:00038e10       _DllMainCRTStartup         0000000180039e10 f   MSVCRT:crtdll.obj
 0001:00038e4e       strncpy                    0000000180039e4e f   MSVCRT:MSVCR100.dll
 0001:00038e70       _alloca_probe              0000000180039e70     MSVCRT:chkstk.obj
 0001:00038e70       __chkstk                   0000000180039e70 f   MSVCRT:chkstk.obj
 0001:00038ebe       longjmp                    0000000180039ebe f   MSVCRT:MSVCR100.dll
 0001:00038ec4       strncmp                    0000000180039ec4 f   MSVCRT:MSVCR100.dll
 0001:00038eca       ceil                       0000000180039eca f   MSVCRT:MSVCR100.dll
 0001:00038ed0       strrchr                    0000000180039ed0 f   MSVCRT:MSVCR100.dll
 0001:00038ed6       _setjmp                    0000000180039ed6 f   MSVCRT:MSVCR100.dll
 0001:00038edc       ldexp                      0000000180039edc f   MSVCRT:MSVCR100.dll
 0001:00038ee4       __report_gsfailure         0000000180039ee4 f   MSVCRT:gs_report.obj
 0001:00039030       __clean_type_info_names    000000018003a030 f   MSVCRT:tncleanup.obj
 0001:0003903c       _onexit                    000000018003a03c f   MSVCRT:atonexit.obj
 0001:000390ec       atexit                     000000018003a0ec f   MSVCRT:atonexit.obj
 0001:00039104       _RTC_Initialize            000000018003a104 f   MSVCRT:_initsect_.obj
 0001:0003913c       _RTC_Terminate             000000018003a13c f   MSVCRT:_initsect_.obj
 0001:00039174       _malloc_crt                000000018003a174 f   MSVCRT:MSVCR100.dll
 0001:00039180       _ValidateImageBase         000000018003a180 f   MSVCRT:pesect.obj
 0001:000391b0       _FindPESection             000000018003a1b0 f   MSVCRT:pesect.obj
 0001:00039200       _IsNonwritableInCurrentImage 000000018003a200 f   MSVCRT:pesect.obj
 0001:00039242       _initterm                  000000018003a242 f   MSVCRT:MSVCR100.dll
 0001:00039248       _initterm_e                000000018003a248 f   MSVCRT:MSVCR100.dll
 0001:0003924e       _encoded_null              000000018003a24e f   MSVCRT:MSVCR100.dll
 0001:00039254       _amsg_exit                 000000018003a254 f   MSVCRT:MSVCR100.dll
 0001:0003925a       __C_specific_handler       000000018003a25a f   MSVCRT:MSVCR100.dll
 0001:00039260       __CppXcptFilter            000000018003a260 f   MSVCRT:MSVCR100.dll
 0001:00039268       DllMain                    000000018003a268 f   MSVCRT:dllmain.obj
 0001:0003928c       __security_init_cookie     000000018003a28c f   MSVCRT:gs_support.obj
 0001:00039340       __crt_debugger_hook        000000018003a340 f   MSVCRT:MSVCR100.dll
 0001:00039346       __clean_type_info_names_internal 000000018003a346 f   MSVCRT:MSVCR100.dll
 0001:0003934c       _unlock                    000000018003a34c f   MSVCRT:MSVCR100.dll
 0001:00039352       __dllonexit                000000018003a352 f   MSVCRT:MSVCR100.dll
 0001:00039358       _lock                      000000018003a358 f   MSVCRT:MSVCR100.dll
 0001:0003935e       EncodePointer              000000018003a35e f   kernel32:KERNEL32.dll
 0001:00039364       DecodePointer              000000018003a364 f   kernel32:KERNEL32.dll
 0001:0003936a       Sleep                      000000018003a36a f   kernel32:KERNEL32.dll
 0001:00039370       TerminateProcess           000000018003a370 f   kernel32:KERNEL32.dll
 0001:00039376       GetCurrentProcess          000000018003a376 f   kernel32:KERNEL32.dll
 0001:0003937c       UnhandledExceptionFilter   000000018003a37c f   kernel32:KERNEL32.dll
 0001:00039382       SetUnhandledExceptionFilter 000000018003a382 f   kernel32:KERNEL32.dll
 0001:00039388       IsDebuggerPresent          000000018003a388 f   kernel32:KERNEL32.dll
 0001:0003938e       RtlVirtualUnwind           000000018003a38e f   kernel32:KERNEL32.dll
 0001:00039394       RtlLookupFunctionEntry     000000018003a394 f   kernel32:KERNEL32.dll
 0001:0003939a       RtlCaptureContext          000000018003a39a f   kernel32:KERNEL32.dll
 0001:000393a0       DisableThreadLibraryCalls  000000018003a3a0 f   kernel32:KERNEL32.dll
 0001:000393a6       QueryPerformanceCounter    000000018003a3a6 f   kernel32:KERNEL32.dll
 0001:000393ac       GetTickCount               000000018003a3ac f   kernel32:KERNEL32.dll
 0001:000393b2       GetCurrentThreadId         000000018003a3b2 f   kernel32:KERNEL32.dll
 0001:000393b8       GetCurrentProcessId        000000018003a3b8 f   kernel32:KERNEL32.dll
 0001:000393be       GetSystemTimeAsFileTime    000000018003a3be f   kernel32:KERNEL32.dll
 0002:00000000       __imp_RtlLookupFunctionEntry 000000018003b000     kernel32:KERNEL32.dll
 0002:00000008       __imp_RtlVirtualUnwind     000000018003b008     kernel32:KERNEL32.dll
 0002:00000010       __imp_IsDebuggerPresent    000000018003b010     kernel32:KERNEL32.dll
 0002:00000018       __imp_SetUnhandledExceptionFilter 000000018003b018     kernel32:KERNEL32.dll
 0002:00000020       __imp_UnhandledExceptionFilter 000000018003b020     kernel32:KERNEL32.dll
 0002:00000028       __imp_GetCurrentProcess    000000018003b028     kernel32:KERNEL32.dll
 0002:00000030       __imp_TerminateProcess     000000018003b030     kernel32:KERNEL32.dll
 0002:00000038       __imp_Sleep                000000018003b038     kernel32:KERNEL32.dll
 0002:00000040       __imp_DecodePointer        000000018003b040     kernel32:KERNEL32.dll
 0002:00000048       __imp_EncodePointer        000000018003b048     kernel32:KERNEL32.dll
 0002:00000050       __imp_DisableThreadLibraryCalls 000000018003b050     kernel32:KERNEL32.dll
 0002:00000058       __imp_QueryPerformanceCounter 000000018003b058     kernel32:KERNEL32.dll
 0002:00000060       __imp_GetTickCount         000000018003b060     kernel32:KERNEL32.dll
 0002:00000068       __imp_GetCurrentThreadId   000000018003b068     kernel32:KERNEL32.dll
 0002:00000070       __imp_GetCurrentProcessId  000000018003b070     kernel32:KERNEL32.dll
 0002:00000078       __imp_GetSystemTimeAsFileTime 000000018003b078     kernel32:KERNEL32.dll
 0002:00000080       __imp_RtlCaptureContext    000000018003b080     kernel32:KERNEL32.dll
 0002:00000088       \177KERNEL32_NULL_THUNK_DATA 000000018003b088     kernel32:KERNEL32.dll
 0002:00000090       __imp__onexit              000000018003b090     MSVCRT:MSVCR100.dll
 0002:00000098       __imp__lock                000000018003b098     MSVCRT:MSVCR100.dll
 0002:000000a0       __imp___dllonexit          000000018003b0a0     MSVCRT:MSVCR100.dll
 0002:000000a8       __imp__unlock              000000018003b0a8     MSVCRT:MSVCR100.dll
 0002:000000b0       __imp___clean_type_info_names_internal 000000018003b0b0     MSVCRT:MSVCR100.dll
 0002:000000b8       __imp___crt_debugger_hook  000000018003b0b8     MSVCRT:MSVCR100.dll
 0002:000000c0       __imp___CppXcptFilter      000000018003b0c0     MSVCRT:MSVCR100.dll
 0002:000000c8       __imp___C_specific_handler 000000018003b0c8     MSVCRT:MSVCR100.dll
 0002:000000d0       __imp__amsg_exit           000000018003b0d0     MSVCRT:MSVCR100.dll
 0002:000000d8       __imp__encoded_null        000000018003b0d8     MSVCRT:MSVCR100.dll
 0002:000000e0       __imp__initterm_e          000000018003b0e0     MSVCRT:MSVCR100.dll
 0002:000000e8       __imp__initterm            000000018003b0e8     MSVCRT:MSVCR100.dll
 0002:000000f0       __imp__malloc_crt          000000018003b0f0     MSVCRT:MSVCR100.dll
 0002:000000f8       __imp_ldexp                000000018003b0f8     MSVCRT:MSVCR100.dll
 0002:00000100       __imp__setjmp              000000018003b100     MSVCRT:MSVCR100.dll
 0002:00000108       __imp_strrchr              000000018003b108     MSVCRT:MSVCR100.dll
 0002:00000110       __imp_ceil                 000000018003b110     MSVCRT:MSVCR100.dll
 0002:00000118       __imp_strncmp              000000018003b118     MSVCRT:MSVCR100.dll
 0002:00000120       __imp_longjmp              000000018003b120     MSVCRT:MSVCR100.dll
 0002:00000128       __imp_strncpy              000000018003b128     MSVCRT:MSVCR100.dll
 0002:00000130       __imp_memcpy               000000018003b130     MSVCRT:MSVCR100.dll
 0002:00000138       __imp_strcat               000000018003b138     MSVCRT:MSVCR100.dll
 0002:00000140       __imp_malloc               000000018003b140     MSVCRT:MSVCR100.dll
 0002:00000148       __imp_sprintf              000000018003b148     MSVCRT:MSVCR100.dll
 0002:00000150       __imp_free                 000000018003b150     MSVCRT:MSVCR100.dll
 0002:00000158       __imp_strcmp               000000018003b158     MSVCRT:MSVCR100.dll
 0002:00000160       __imp_memset               000000018003b160     MSVCRT:MSVCR100.dll
 0002:00000168       __imp_strlen               000000018003b168     MSVCRT:MSVCR100.dll
 0002:00000170       \177MSVCR100_NULL_THUNK_DATA 000000018003b170     MSVCRT:MSVCR100.dll
 0002:00000178       __imp_emlrtIsEnumR2009a    000000018003b178     libemlrt:libemlrt.dll
 0002:00000180       __imp_emlrtGetEnumUnderlyingArrayR2009a 000000018003b180     libemlrt:libemlrt.dll
 0002:00000188       __imp_emlrtTranslateUTF16MessagetoLCPstring 000000018003b188     libemlrt:libemlrt.dll
 0002:00000190       __imp_emlrtForLoopVectorIsValidR2011b 000000018003b190     libemlrt:libemlrt.dll
 0002:00000198       __imp_emlrtTranslateMessageIDtoLCPstring 000000018003b198     libemlrt:libemlrt.dll
 0002:000001a0       __imp_emlrtExtractMessageId 000000018003b1a0     libemlrt:libemlrt.dll
 0002:000001a8       __imp_emlrtNameCapturePostProcessR2012a 000000018003b1a8     libemlrt:libemlrt.dll
 0002:000001b0       __imp_emlrtImportVsFiArrayR2009b 000000018003b1b0     libemlrt:libemlrt.dll
 0002:000001b8       __imp_emlrtCreateReference 000000018003b1b8     libemlrt:libemlrt.dll
 0002:000001c0       __imp_emlrtGetEnumElementR2009a 000000018003b1c0     libemlrt:libemlrt.dll
 0002:000001c8       __imp_emlrtDestroyRootTLS  000000018003b1c8     libemlrt:libemlrt.dll
 0002:000001d0       __imp_emlrtCheckBuiltInR2012b 000000018003b1d0     libemlrt:libemlrt.dll
 0002:000001d8       __imp_emlrtCheckVsBuiltInR2012b 000000018003b1d8     libemlrt:libemlrt.dll
 0002:000001e0       __imp_emlrtCheckEnumR2012b 000000018003b1e0     libemlrt:libemlrt.dll
 0002:000001e8       __imp_emlrtCreateEnumR2012b 000000018003b1e8     libemlrt:libemlrt.dll
 0002:000001f0       __imp_emlrtCreateRootTLS   000000018003b1f0     libemlrt:libemlrt.dll
 0002:000001f8       \177libemlrt_NULL_THUNK_DATA 000000018003b1f8     libemlrt:libemlrt.dll
 0002:00000200       __imp_ssRegisterDataTypeFxpScaledDouble 000000018003b200     libfixedpoint:libfixedpoint.dll
 0002:00000208       __imp_ssRegisterDataTypeFxpFSlopeFixExpBias 000000018003b208     libfixedpoint:libfixedpoint.dll
 0002:00000210       \177libfixedpoint_NULL_THUNK_DATA 000000018003b210     libfixedpoint:libfixedpoint.dll
 0002:00000218       __imp_mexLock              000000018003b218     libmex:libmex.dll
 0002:00000220       __imp_mexMakeMemoryPersistent 000000018003b220     libmex:libmex.dll
 0002:00000228       __imp_mexFunctionName      000000018003b228     libmex:libmex.dll
[...]
 0001:0000f070       sf_mex_check_complex       0000000180010070 f   sfc_mex:sfc_mex.obj
 0001:0000f100       sf_mex_check_sparse        0000000180010100 f   sfc_mex:sfc_mex.obj
 0001:0000f160       sf_mex_check_numerictype   0000000180010160 f   sfc_mex:sfc_mex.obj
 0001:0000f2f0       sf_mex_check_fimath        00000001800102f0 f   sfc_mex:sfc_mex.obj
 0001:0000fe50       size_mismatch_error        0000000180010e50 f   sfc_mex:sfc_mex.obj
 0001:000108c0       check_array_dimensions     00000001800118c0 f   sfc_mex:sfc_mex.obj
 0001:00010930       check_input_mxarray        0000000180011930 f   sfc_mex:sfc_mex.obj
 0001:00011070       sf_numeric_value_to_double 0000000180012070 f   sfc_mex:sfc_mex.obj
 0001:000110c0       ml_generic_out_of_bounds_check 00000001800120c0 f   sfc_mex:sfc_mex.obj
 0001:00011280       ml_get_element_value_from_array 0000000180012280 f   sfc_mex:sfc_mex.obj
 0001:00011620       _ml_generic_castability_check 0000000180012620 f   sfc_mex:sfc_mex.obj
 0001:00011d70       ml_generic_castability_check 0000000180012d70 f   sfc_mex:sfc_mex.obj
 0001:00011e10       ml_check_mx_array_for_single_castability 0000000180012e10 f   sfc_mex:sfc_mex.obj
 0001:00011eb0       ml_check_mx_array_for_logical_castability 0000000180012eb0 f   sfc_mex:sfc_mex.obj
 0001:00011f50       ml_check_mx_array_for_int8_castability 0000000180012f50 f   sfc_mex:sfc_mex.obj
 0001:00012000       ml_check_mx_array_for_uint8_castability 0000000180013000 f   sfc_mex:sfc_mex.obj
 0001:00012060       ml_check_mx_array_for_int16_castability 0000000180013060 f   sfc_mex:sfc_mex.obj
 0001:000120c0       ml_check_mx_array_for_uint16_castability 00000001800130c0 f   sfc_mex:sfc_mex.obj
 0001:00012120       ml_check_mx_array_for_int32_castability 0000000180013120 f   sfc_mex:sfc_mex.obj
 0001:00012180       ml_check_mx_array_for_uint32_castability 0000000180013180 f   sfc_mex:sfc_mex.obj
 0001:000121e0       ml_check_mx_array_for_castability 00000001800131e0 f   sfc_mex:sfc_mex.obj
 0001:00012a00       set_data_value             0000000180013a00 f   sfc_mex:sfc_mex.obj
 0001:00012d70       get_data_value             0000000180013d70 f   sfc_mex:sfc_mex.obj
 0001:00012e80       get_next_element_address   0000000180013e80 f   sfc_mex:sfc_mex.obj
 0001:00012f50       sf_normalize_index         0000000180013f50 f   sfc_mex:sfc_mex.obj
 0001:00013300       ml_array_index_bound_check 0000000180014300 f   sfc_mex:sfc_mex.obj
 0001:00013e80       mx_value                   0000000180014e80 f   sfc_mex:sfc_mex.obj
 0001:00013ed0       sf_create_numeric_array    0000000180014ed0 f   sfc_mex:sfc_mex.obj
 0001:00013f70       sf_mex_assign_to_mx_array  0000000180014f70 f   sfc_mex:sfc_mex.obj
 0001:000142e0       assign_from_mx_array       00000001800152e0 f   sfc_mex:sfc_mex.obj
 0001:00014a40       sf_mex_import_v            0000000180015a40 f   sfc_mex:sfc_mex.obj
 0001:00015150       get_machine_and_chart_file_number 0000000180016150 f   sfc_mex:sfc_sf.obj
 0001:00015240       get_sfun_block_specialization 0000000180016240 f   sfc_mex:sfc_sf.obj
 0001:000152f0       call_sf_machine_global_method_dispatcher 00000001800162f0 f   sfc_mex:sfc_sf.obj
 0001:00015540       mdl_zeroCrossings_processing 0000000180016540 f   sfc_mex:sfc_sf.obj
 0001:00015620       mdl_derivatives_processing 0000000180016620 f   sfc_mex:sfc_sf.obj
 0001:00015900       mdl_outputs_continuous_legacy 0000000180016900 f   sfc_mex:sfc_sf.obj
 0001:00015980       mdl_outputs_processing     0000000180016980 f   sfc_mex:sfc_sf.obj
 0001:00015bf0       mdl_enable_processing      0000000180016bf0 f   sfc_mex:sfc_sf.obj
 0001:00015cd0       mdl_disable_processing     0000000180016cd0 f   sfc_mex:sfc_sf.obj
 0001:00016b60       sf_call_output_fcn_enable_disable 0000000180017b60 f   sfc_mex:sfc_sf.obj
 0001:00016de0       set_dwork_information_from_mx_array 0000000180017de0 f   sfc_mex:sfc_sf.obj
 0001:000176d0       ptr2mxStruct               00000001800186d0 f   sfc_mex:sfc_sf.obj
 0001:000179e0       SNPRINTF_WRAPPER           00000001800189e0 f   sfc_debug:sfcdebug.obj
 0001:00017a10       sf_debug_chart_instance_initialized 0000000180018a10 f   sfc_debug:sfcdebug.obj
 0001:00017bb0       sfrtAddSize                0000000180018bb0 f   sfc_debug:sfcdebug.obj
 0001:00017c70       sfrtGenSizeString          0000000180018c70 f   sfc_debug:sfcdebug.obj
 0001:000183c0       fill_single_message_info   00000001800193c0 f   sfc_debug:sfcdebug.obj
 0001:00018640       sf_debug_sim_status_listener 0000000180019640 f   sfc_debug:sfcdebug.obj
 0001:00018bd0       sf_debug_form_mask_bits    0000000180019bd0 f   sfc_debug:sfcdebug.obj
 0001:00018bf0       sf_debug_form_sf_data_type_offsets 0000000180019bf0 f   sfc_debug:sfcdebug.obj
 0001:00018cb0       sf_debug_free_all          0000000180019cb0 f   sfc_debug:sfcdebug.obj
 0001:00018e40       sf_debug_append_debugger_context 0000000180019e40 f   sfc_debug:sfcdebug.obj
 0001:000191b0       local_strdup               000000018001a1b0 f   sfc_debug:sfcdebug.obj
 0001:0001a130       sf_debug_em_terminate      000000018001b130 f   sfc_debug:sfcdebug.obj
 0001:0001a170       sf_debug_push_eml_function 000000018001b170 f   sfc_debug:sfcdebug.obj
 0001:0001a210       sf_debug_pop_eml_function  000000018001b210 f   sfc_debug:sfcdebug.obj
 0001:0001aeb0       sf_debug_get_machine_number_from_id_or_name 000000018001beb0 f   sfc_debug:sfcdebug.obj
 0001:0001b000       sf_debug_get_chart_number_from_id 000000018001c000 f   sfc_debug:sfcdebug.obj
 0001:0001bde0       sf_debug_transfer_control_to_debugger_GUI 000000018001cde0 f   sfc_debug:sfcdebug.obj
 0001:0001cd50       sf_debug_scripts_rehash    000000018001dd50 f   sfc_debug:sfcdebug.obj
 0001:0001cf60       sf_debug_get_script_line_count 000000018001df60 f   sfc_debug:sfcdebug.obj
 0001:0001d9b0       cv_eml_state_cvId          000000018001e9b0 f   sfc_debug:sfcdebug.obj
 0001:0001da20       cv_eml_trans_cvId          000000018001ea20 f   sfc_debug:sfcdebug.obj
 0001:0001eea0       sf_debug_data_array_bounds_error 000000018001fea0 f   sfc_debug:sfcdebug.obj
 0001:0001f250       eml_debug_runtime_error_doclink 0000000180020250 f   sfc_debug:sfcdebug.obj
 0001:0001f3c0       sf_debug_runtime_error     00000001800203c0 f   sfc_debug:sfcdebug.obj
 0001:0001f430       sf_debug_matlab_error      0000000180020430 f   sfc_debug:sfcdebug.obj
 0001:0001fda0       sf_debug_data_value_error  0000000180020da0 f   sfc_debug:sfcdebug.obj
 0001:00020670       sf_debug_data_loss_error   0000000180021670 f   sfc_debug:sfcdebug.obj
 0001:00021590       call_cv_range_check        0000000180022590 f   sfc_debug:sfcdebug.obj
 0001:00021df0       sf_debug_invoke_cycle_detection_code 0000000180022df0 f   sfc_debug:sfcdebug.obj
 0001:00022960       sf_reset_debug_info_struct 0000000180023960 f   sfc_debug:sfcdebug.obj
 0001:00023150       cv_script_cvId             0000000180024150 f   sfc_debug:sfcdebug.obj
 0001:00024310       sfc_api_chart_visible      0000000180025310 f   sfc_debug:sfc_api.obj
 0001:000243a0       sfc_api_active_instance    00000001800253a0 f   sfc_debug:sfc_api.obj
 0001:00024430       sfc_api_machine_load       0000000180025430 f   sfc_debug:sfc_api.obj
 0001:00024520       sfc_api_debugger_alive     0000000180025520 f   sfc_debug:sfc_api.obj
 0001:00024530       sfc_api_go                 0000000180025530 f   sfc_debug:sfc_api.obj
 0001:00024540       sfc_api_step_over          0000000180025540 f   sfc_debug:sfc_api.obj
 0001:00024550       sfc_api_step_out           0000000180025550 f   sfc_debug:sfc_api.obj
 0001:00024560       sfc_api_resume             0000000180025560 f   sfc_debug:sfc_api.obj
 0001:00024570       sfc_api_break              0000000180025570 f   sfc_debug:sfc_api.obj
 0001:00024580       sfc_api_stop_debugging     0000000180025580 f   sfc_debug:sfc_api.obj
 0001:000245e0       sfc_api_is_cycle_detected  00000001800255e0 f   sfc_debug:sfc_api.obj
 0001:00024640       sfc_api_is_array_bounds_detected 0000000180025640 f   sfc_debug:sfc_api.obj
 0001:000246a0       sfc_api_set_disable_all_breakpoints 00000001800256a0 f   sfc_debug:sfc_api.obj
 0001:00024720       sfc_api_disable_all_breakpoints_and_go 0000000180025720 f   sfc_debug:sfc_api.obj
 0001:00024730       sfc_api_close              0000000180025730 f   sfc_debug:sfc_api.obj
 0001:00024740       sfc_api_browse_data        0000000180025740 f   sfc_debug:sfc_api.obj
 0001:000247c0       sfc_api_watch_data         00000001800257c0 f   sfc_debug:sfc_api.obj
 0001:000248d0       sfc_api_extract_message_post_receive_info 00000001800258d0 f   sfc_debug:sfc_api.obj
 0001:000248f0       sfc_api_assign_data        00000001800258f0 f   sfc_debug:sfc_api.obj
 0001:000249a0       sfc_api_whos               00000001800259a0 f   sfc_debug:sfc_api.obj
 0001:00024a30       sfc_api_get_consistency_info 0000000180025a30 f   sfc_debug:sfc_api.obj
 0001:00024a40       sfc_api_browse_trace       0000000180025a40 f   sfc_debug:sfc_api.obj
 0001:00024a50       sfc_api_break_on_chart_entry 0000000180025a50 f   sfc_debug:sfc_api.obj
 0001:00024a80       sfc_api_break_on_event_broadcast 0000000180025a80 f   sfc_debug:sfc_api.obj
 0001:00024ab0       sfc_api_break_on_state_entry 0000000180025ab0 f   sfc_debug:sfc_api.obj
 0001:00024ae0       sfc_api_set_watch          0000000180025ae0 f   sfc_debug:sfc_api.obj
 0001:00024b90       sfc_api_set_breakpoints    0000000180025b90 f   sfc_debug:sfc_api.obj
 0001:00024c50       sfc_api_set_eml_breakpoints 0000000180025c50 f   sfc_debug:sfc_api.obj
 0001:00024cf0       sfc_api_set_script_breakpoints 0000000180025cf0 f   sfc_debug:sfc_api.obj
 0001:00024d50       sfc_api_add_script_breakpoints 0000000180025d50 f   sfc_debug:sfc_api.obj
 0001:00024db0       sfc_api_clear_script_breakpoints 0000000180025db0 f   sfc_debug:sfc_api.obj
 0001:00024e10       sfc_api_query_script_breakpoints 0000000180025e10 f   sfc_debug:sfc_api.obj
 0001:00024e80       sfc_api_get_script_id      0000000180025e80 f   sfc_debug:sfc_api.obj
 0001:00024f40       sfc_api_get_active_states  0000000180025f40 f   sfc_debug:sfc_api.obj
 0001:00024fd0       sfc_api_break_between_times 0000000180025fd0 f   sfc_debug:sfc_api.obj
 0001:00025040       sfc_api_get_instance_handle 0000000180026040 f   sfc_debug:sfc_api.obj
 0001:00025110       sfc_api_set_animation      0000000180026110 f   sfc_debug:sfc_api.obj
 0001:00025160       sfc_api_select_chart       0000000180026160 f   sfc_debug:sfc_api.obj
 0001:000251d0       sfc_api_select_charts      00000001800261d0 f   sfc_debug:sfc_api.obj
 0001:00025200       sfc_api_cycle_detection_check 0000000180026200 f   sfc_debug:sfc_api.obj
 0001:00025250       sfc_api_data_range_check   0000000180026250 f   sfc_debug:sfc_api.obj
 0001:000252a0       sfc_api_transition_conflict_check 00000001800262a0 f   sfc_debug:sfc_api.obj
 0001:000252f0       sfc_api_state_consistency_check 00000001800262f0 f   sfc_debug:sfc_api.obj
 0001:00025340       sfc_api_set_instance_cv_ids 0000000180026340 f   sfc_debug:sfc_api.obj
 0001:00025470       sfc_api_set_script_cv_ids  0000000180026470 f   sfc_debug:sfc_api.obj
 0001:00025540       sfc_api_get_current_machine_id 0000000180026540 f   sfc_debug:sfc_api.obj
 0001:00025570       sfc_api_get_current_machine_number 0000000180026570 f   sfc_debug:sfc_api.obj
 0001:000255a0       sfc_api_get_current_chart_number 00000001800265a0 f   sfc_debug:sfc_api.obj
 0001:000255d0       sfc_api_get_current_instance_number 00000001800265d0 f   sfc_debug:sfc_api.obj
 0001:00025600       sfc_api_get_current_instance_handle 0000000180026600 f   sfc_debug:sfc_api.obj
 0001:00025620       sfc_api_get_current_is_minor_time_step 0000000180026620 f   sfc_debug:sfc_api.obj
 0001:00025650       sfc_api_get_current_machine_name 0000000180026650 f   sfc_debug:sfc_api.obj
 0001:00025670       sfc_api_get_current_chart_id 0000000180026670 f   sfc_debug:sfc_api.obj
 0001:000256a0       sfc_api_get_current_object_type 00000001800266a0 f   sfc_debug:sfc_api.obj
 0001:000256d0       sfc_api_get_current_event_type 00000001800266d0 f   sfc_debug:sfc_api.obj
 0001:00025700       sfc_api_get_current_object_id 0000000180026700 f   sfc_debug:sfc_api.obj
 0001:00025730       sfc_get_current_active_event_type 0000000180026730 f   sfc_debug:sfc_api.obj
 0001:00025760       sfc_api_get_current_active_event_id 0000000180026760 f   sfc_debug:sfc_api.obj
 0001:00025790       sfc_api_get_current_simulation_time 0000000180026790 f   sfc_debug:sfc_api.obj
 0001:000257b0       sfc_get_current_tag_type   00000001800267b0 f   sfc_debug:sfc_api.obj
 0001:000257e0       sfc_get_current_coverage_percentage 00000001800267e0 f   sfc_debug:sfc_api.obj
 0001:00025800       sfc_get_current_statement_context 0000000180026800 f   sfc_debug:sfc_api.obj
 0001:00025820       sfc_get_current_optional_integer 0000000180026820 f   sfc_debug:sfc_api.obj
 0001:00025850       sfc_get_current_statement_info 0000000180026850 f   sfc_debug:sfc_api.obj
 0001:000258f0       sfc_api_get                00000001800268f0 f   sfc_debug:sfc_api.obj
 0001:00026550       sf_debug_sm_fill_state_activity_data 0000000180027550 f   sfc_debug:sfdb_animation.obj
 0001:00028d90       void_ptr_stack_vector_free_total 0000000180029d90 f   sfc_debug:sfdb_data_browse.obj
 0001:00028e10       sf_debug_st_terminate_machine 0000000180029e10 f   sfc_debug:sfdb_data_browse.obj
 0001:00028e50       sf_debug_st_terminate_instance 0000000180029e50 f   sfc_debug:sfdb_data_browse.obj
 0001:00029200       push_on_to_void_ptr_stack  000000018002a200 f   sfc_debug:sfdb_data_browse.obj
 0001:00029390       pop_from_void_ptr_stack    000000018002a390 f   sfc_debug:sfdb_data_browse.obj
 0001:000294c0       sf_debug_st_get_data_value 000000018002a4c0 f   sfc_debug:sfdb_data_browse.obj
 0001:000299f0       mx_value                   000000018002a9f0 f   sfc_debug:sfdb_data_browse.obj
 0001:00029a30       sf_debug_st_fill_data_struct 000000018002aa30 f   sfc_debug:sfdb_data_browse.obj
 0001:00029d70       data_type_format_strings   000000018002ad70 f   sfc_debug:sfdb_data_browse.obj
 0001:00029e20       sf_debug_st_fill_data      000000018002ae20 f   sfc_debug:sfdb_data_browse.obj
 0001:0002ab10       sf_debug_hm_get_simulink_handle 000000018002bb10 f   sfc_debug:sfdb_handle_management.obj
 0001:0002b5c0       sf_debug_hm_initialize_globals 000000018002c5c0 f   sfc_debug:sfdb_handle_management.obj
 0001:0002b6c0       sf_debug_hm_get_machine_debug_flag 000000018002c6c0 f   sfc_debug:sfdb_handle_management.obj
 0001:0002b830       sf_debug_hm_get_machine_id 000000018002c830 f   sfc_debug:sfdb_handle_management.obj
 0001:0002b950       sf_debug_hm_get_chart_id   000000018002c950 f   sfc_debug:sfdb_handle_management.obj
 0001:0002baf0       sf_debug_hm_register_executing_SFunction 000000018002caf0 f   sfc_debug:sfdb_handle_management.obj
 0001:0002be80       sf_debug_hm_form_object_boolean_properties 000000018002ce80 f   sfc_debug:sfdb_handle_management.obj
 0001:0002c150       sf_debug_hm_form_object_properties 000000018002d150 f   sfc_debug:sfdb_handle_management.obj
 0001:0002c390       sf_debug_hm_terminate_charts 000000018002d390 f   sfc_debug:sfdb_handle_management.obj
 0001:0002ca70       sf_debug_hm_terminate_machines 000000018002da70 f   sfc_debug:sfdb_handle_management.obj
 0001:0002e4e0       sf_debug_ss_copy_dimension 000000018002f4e0 f   sfc_debug:sfdb_symbol_scope.obj
 0001:0002e5a0       sf_debug_ss_get_number_elements 000000018002f5a0 f   sfc_debug:sfdb_symbol_scope.obj
 0001:0002e5c0       sf_debug_ss_fill_data_struct 000000018002f5c0 f   sfc_debug:sfdb_symbol_scope.obj
 0001:0002e910       sf_debug_ss_reset_data_info 000000018002f910 f   sfc_debug:sfdb_symbol_scope.obj
 0001:0002e970       sf_debug_fill_data_info_by_symbol_scope_entry 000000018002f970 f   sfc_debug:sfdb_symbol_scope.obj
 0001:0002ea30       sf_debug_fill_data_info_by_data_vector 000000018002fa30 f   sfc_debug:sfdb_symbol_scope.obj
 0001:0002ec80       get_data_info_helper       000000018002fc80 f   sfc_debug:sfdb_symbol_scope.obj
 0001:0002ef70       sf_debug_ss_get_data_info  000000018002ff70 f   sfc_debug:sfdb_symbol_scope.obj
 0001:0002f190       sf_debug_select_mex_function 0000000180030190 f   sfc_debug:sfdb_symbol_scope.obj
 0001:0002f1c0       sf_debug_is_dyn_matrix_initialized 00000001800301c0 f   sfc_debug:sfdb_symbol_scope.obj
 0001:0002f1e0       sf_debug_ss_set_data_value_try 00000001800301e0 f   sfc_debug:sfdb_symbol_scope.obj
 0001:0002f3d0       sf_debug_ss_get_data_value 00000001800303d0 f   sfc_debug:sfdb_symbol_scope.obj
 0001:0002fb30       sf_debug_ss_data_bytes_string 0000000180030b30 f   sfc_debug:sfdb_symbol_scope.obj
 0001:0002fbc0       sf_debug_ss_data_class_string 0000000180030bc0 f   sfc_debug:sfdb_symbol_scope.obj
 0001:0002ff40       sf_debug_ss_data_size_string 0000000180030f40 f   sfc_debug:sfdb_symbol_scope.obj
 0001:00030020       sf_debug_ss_data_create_data_info_struct 0000000180031020 f   sfc_debug:sfdb_symbol_scope.obj
 0001:000302d0       sf_debug_ss_data_create_name_value_pair 00000001800312d0 f   sfc_debug:sfdb_symbol_scope.obj
 0001:00030370       sf_debug_ss_data_get_whos_info 0000000180031370 f   sfc_debug:sfdb_symbol_scope.obj
 0001:00030380       same_named_data_in_data_array 0000000180031380 f   sfc_debug:sfdb_symbol_scope.obj
 0001:00031b10       sf_debug_cc_terminate_chart 0000000180032b10 f   sfc_debug:sfdb_coverage.obj
 0001:00031e20       sf_debug_cc_terminate_instance 0000000180032e20 f   sfc_debug:sfdb_coverage.obj
 0001:000329f0       sf_debug_cc_mark_object_if_needed 00000001800339f0 f   sfc_debug:sfdb_coverage.obj
 0001:00033270       sf_debug_bm_initialize_eml 0000000180034270 f   sfc_debug:sfdb_breakpoints.obj
 0001:00034330       sf_debug_bm_map_debug_tag_to_breakpoint_tag 0000000180035330 f   sfc_debug:sfdb_breakpoints.obj
 0001:00034410       sf_debug_bm_is_a_eml_breakpoint_impl 0000000180035410 f   sfc_debug:sfdb_breakpoints.obj
 0001:00035d40       sf_debug_sc_push_on_error_stack 0000000180036d40 f   sfc_debug:sfdb_state_consistency.obj
 0001:00035e60       sf_debug_sc_reset_error_stack 0000000180036e60 f   sfc_debug:sfdb_state_consistency.obj
 0001:00035ff0       sf_debug_sc_is_state_inconsistent 0000000180036ff0 f   sfc_debug:sfdb_state_consistency.obj
 0001:000362e0       sf_debug_sc_fill_consistency_info 00000001800372e0 f   sfc_debug:sfdb_state_consistency.obj
 0001:00036880       void_assertion_fcn         0000000180037880 f   sfc_debug:sfdb_call_stack.obj
 0001:00036dd0       sf_debug_tm_fill_local_trace 0000000180037dd0 f   sfc_debug:sfdb_call_stack.obj
 0001:00037370       sf_debug_cd_terminate_instance 0000000180038370 f   sfc_debug:sfdb_cycle_detection.obj
 0001:000373d0       sf_debug_cd_free_checksum_stack 00000001800383d0 f   sfc_debug:sfdb_cycle_detection.obj
 0001:00037420       sf_debug_cd_reset_pack_strings 0000000180038420 f   sfc_debug:sfdb_cycle_detection.obj
 0001:00037ac0       md5file_clear              0000000180038ac0 f   sfc_debug:ckmd5.obj
 0001:00037af0       Encode                     0000000180038af0 f   sfc_debug:ckmd5.obj
 0001:00037b40       Decode                     0000000180038b40 f   sfc_debug:ckmd5.obj
 0001:00037be0       MD5Transform               0000000180038be0 f   sfc_debug:ckmd5.obj
 0001:00038440       md5file_addn               0000000180039440 f   sfc_debug:ckmd5.obj
 0001:00038510       md5file_hash               0000000180039510 f   sfc_debug:ckmd5.obj
 0001:00038a18       pre_c_init                 0000000180039a18 f   MSVCRT:crtdll.obj
 0001:00038cd4       __DllMainCRTStartup        0000000180039cd4 f   MSVCRT:crtdll.obj
 0001:000393d0       __DllMainCRTStartup$filt$0 000000018003a3d0 f   MSVCRT:crtdll.obj
 0001:00039400       __DllMainCRTStartup$fin$1  000000018003a400 f   MSVCRT:crtdll.obj
 0001:0003941a       _onexit$fin$0              000000018003a41a f   MSVCRT:atonexit.obj
 0001:00039440       _IsNonwritableInCurrentImage$filt$0 000000018003a440 f   MSVCRT:pesect.obj
