 two_generators_grid_sfun

 Timestamp is 53aab41f (Wed Jun 25 14:35:59 2014)

 Preferred load address is 0000000180000000

 Start         Length     Name                   Class
 0001:00000000 0003e5c8H .text                   CODE
 0001:0003e5d0 00000092H .text$x                 CODE
 0002:00000000 000004a8H .idata$5                DATA
 0002:000004a8 00000008H .CRT$XCA                DATA
 0002:000004b0 00000008H .CRT$XCZ                DATA
 0002:000004b8 00000008H .CRT$XIA                DATA
 0002:000004c0 00000008H .CRT$XIAA               DATA
 0002:000004c8 00000008H .CRT$XIZ                DATA
 0002:000004d0 00004b7cH .rdata                  DATA
 0002:00005050 00000008H .rtc$IAA                DATA
 0002:00005058 00000008H .rtc$IZZ                DATA
 0002:00005060 00000008H .rtc$TAA                DATA
 0002:00005068 00000008H .rtc$TZZ                DATA
 0002:00005070 00004424H .xdata                  DATA
 0002:00009494 000000a0H .idata$2                DATA
 0002:00009534 00000014H .idata$3                DATA
 0002:00009548 000004a8H .idata$4                DATA
 0002:000099f0 00000aeeH .idata$6                DATA
 0002:0000a4e0 0000005eH .edata                  DATA
 0003:00000000 000037d8H .data                   DATA
 0003:000037e0 00002440H .bss                    DATA
 0004:00000000 00003498H .pdata                  DATA

  Address         Publics by Value              Rva+Base               Lib:Object

 0000:00000000       ___safe_se_handler_count   0000000000000000     <absolute>
 0000:00000000       ___safe_se_handler_table   0000000000000000     <absolute>
 0000:00000000       __ImageBase                0000000180000000     <linker-defined>
 0001:00000000       sf_process_check_sum_call  0000000180001000 f   two_generators_grid_sfun_registry.obj
 0001:00000090       sf_process_autoinheritance_call 0000000180001090 f   two_generators_grid_sfun_registry.obj
 0001:00000370       sf_process_get_third_party_uses_info_call 0000000180001370 f   two_generators_grid_sfun_registry.obj
 0001:00000650       sf_process_get_eml_resolved_functions_info_call 0000000180001650 f   two_generators_grid_sfun_registry.obj
 0001:000008c0       sf_mex_unlock_call         00000001800018c0 f   two_generators_grid_sfun_registry.obj
 0001:00000970       sf_machine_global_initializer_called 0000000180001970 f   two_generators_grid_sfun_registry.obj
 0001:000009a0       sf_machine_global_method_dispatcher 00000001800019a0 f   two_generators_grid_sfun_registry.obj
 0001:00000a70       sf_machine_global_terminator 0000000180001a70 f   two_generators_grid_sfun_registry.obj
 0001:00000ac0       sf_register_machine_exported_symbols 0000000180001ac0 f   two_generators_grid_sfun_registry.obj
 0001:00000b00       callCustomFcn              0000000180001b00 f   two_generators_grid_sfun_registry.obj
 0001:00000b10       sf_machine_global_initializer 0000000180001b10 f   two_generators_grid_sfun_registry.obj
 0001:00000bc0       _ssSetStateAbsTol          0000000180001bc0 f   two_generators_grid_sfun_registry.obj
 0001:00000ca0       _ssGetAbsTol               0000000180001ca0 f   two_generators_grid_sfun_registry.obj
 0001:00000d10       _ssSetInputPortMatrixDimensions 0000000180001d10 f   two_generators_grid_sfun_registry.obj
 0001:00000e20       _ssSetOutputPortMatrixDimensions 0000000180001e20 f   two_generators_grid_sfun_registry.obj
 0001:00000f30       _ssSetInputPortVectorDimension 0000000180001f30 f   two_generators_grid_sfun_registry.obj
 0001:00001000       _ssSetOutputPortVectorDimension 0000000180002000 f   two_generators_grid_sfun_registry.obj
 0001:000010d0       ssIsRunTimeParamTunable    00000001800020d0 f   two_generators_grid_sfun_registry.obj
 0001:00001140       ssGetSFuncBlockHandle      0000000180002140 f   two_generators_grid_sfun_registry.obj
 0001:000011b0       _ssGetCurrentInputPortWidth 00000001800021b0 f   two_generators_grid_sfun_registry.obj
 0001:000012d0       _ssGetCurrentOutputPortWidth 00000001800022d0 f   two_generators_grid_sfun_registry.obj
 0001:000013f0       _ssGetCallSystemNumFcnCallDestinations 00000001800023f0 f   two_generators_grid_sfun_registry.obj
 0001:00001460       ssWarning                  0000000180002460 f   two_generators_grid_sfun_registry.obj
 0001:00001570       ssGetIsZeroCrossControlDisabled 0000000180002570 f   two_generators_grid_sfun_registry.obj
 0001:000015e0       ssSetIsInputPortUsedForContZcSignal 00000001800025e0 f   two_generators_grid_sfun_registry.obj
 0001:00001650       ssSetZcSignalIsZcElementDisc 0000000180002650 f   two_generators_grid_sfun_registry.obj
 0001:00001700       ssSetZcSignalName          0000000180002700 f   two_generators_grid_sfun_registry.obj
 0001:00001770       ssSetZcSignalWidth         0000000180002770 f   two_generators_grid_sfun_registry.obj
 0001:000017e0       ssSetZcSignalZcEventType   00000001800027e0 f   two_generators_grid_sfun_registry.obj
 0001:00001850       ssSetZcSignalType          0000000180002850 f   two_generators_grid_sfun_registry.obj
 0001:000018c0       ssSetZcSignalZcTol         00000001800028c0 f   two_generators_grid_sfun_registry.obj
 0001:00001930       ssSetZcSignalNeedsEventNotification 0000000180002930 f   two_generators_grid_sfun_registry.obj
 0001:000019a0       ssCreateAndAddZcSignalInfo 00000001800029a0 f   two_generators_grid_sfun_registry.obj
 0001:00001a10       ssCloneAndAddZcSignalInfo  0000000180002a10 f   two_generators_grid_sfun_registry.obj
 0001:00001a80       ssGetNumZcSignals          0000000180002a80 f   two_generators_grid_sfun_registry.obj
 0001:00001af0       ssGetZcSignalVector        0000000180002af0 f   two_generators_grid_sfun_registry.obj
 0001:00001b60       ssGetZcSignalZcEvents      0000000180002b60 f   two_generators_grid_sfun_registry.obj
 0001:00001bd0       ssGetZcSignalName          0000000180002bd0 f   two_generators_grid_sfun_registry.obj
 0001:00001c40       ssGetZcSignalWidth         0000000180002c40 f   two_generators_grid_sfun_registry.obj
 0001:00001cb0       ssGetZcSignalZcEventType   0000000180002cb0 f   two_generators_grid_sfun_registry.obj
 0001:00001d20       ssGetZcSignalType          0000000180002d20 f   two_generators_grid_sfun_registry.obj
 0001:00001d90       ssGetZcSignalZcTol         0000000180002d90 f   two_generators_grid_sfun_registry.obj
 0001:00001e10       ssGetZcSignalNeedsEventNotification 0000000180002e10 f   two_generators_grid_sfun_registry.obj
 0001:00001e80       ssGetZcSignalIsZcElementDisc 0000000180002e80 f   two_generators_grid_sfun_registry.obj
 0001:00001f20       ssGetIsInputPortElementContinuous 0000000180002f20 f   two_generators_grid_sfun_registry.obj
 0001:00001fc0       _ssGetInputPortSignalPtrsFcn 0000000180002fc0 f   two_generators_grid_sfun_registry.obj
 0001:00002280       _ssGetInputPortSignalFcn   0000000180003280 f   two_generators_grid_sfun_registry.obj
 0001:000024a0       _ssSetInputPortDirectFeedThroughFcn 00000001800034a0 f   two_generators_grid_sfun_registry.obj
 0001:00002600       _ssSetInputPortReusableFcn 0000000180003600 f   two_generators_grid_sfun_registry.obj
 0001:000026f0       _ssSetOutputPortReusableFcn 00000001800036f0 f   two_generators_grid_sfun_registry.obj
 0001:000027d0       ssGetDTypeIdFromMxArray    00000001800037d0 f   two_generators_grid_sfun_registry.obj
 0001:000028f0       ssWriteRTWStr              00000001800038f0 f   two_generators_grid_sfun_registry.obj
 0001:00002950       ssWriteRTWMxVectParam      0000000180003950 f   two_generators_grid_sfun_registry.obj
 0001:000029b0       ssWriteRTWMx2dMatParam     00000001800039b0 f   two_generators_grid_sfun_registry.obj
 0001:00002a30       ssWriteRTWNameValuePair    0000000180003a30 f   two_generators_grid_sfun_registry.obj
 0001:00002f20       ssWriteRTWParameters       0000000180003f20 f   two_generators_grid_sfun_registry.obj
 0001:00003520       ssWriteRTWParamSettings    0000000180004520 f   two_generators_grid_sfun_registry.obj
 0001:00003bf0       ssWriteRTWWorkVect         0000000180004bf0 f   two_generators_grid_sfun_registry.obj
 0001:000040f0       mexFunction                00000001800050f0 f   two_generators_grid_sfun_registry.obj
 0001:00005e20       ProcessMexSfunctionEveryCall 0000000180006e20 f   two_generators_grid_sfun_registry.obj
 0001:00005f90       two_generators_grid_initializer 0000000180006f90 f   two_generators_grid_sfun.obj
 0001:00005fa0       two_generators_grid_terminator 0000000180006fa0 f   two_generators_grid_sfun.obj
 0001:00005fb0       sf_two_generators_grid_method_dispatcher 0000000180006fb0 f   two_generators_grid_sfun.obj
 0001:00005fd0       sf_two_generators_grid_process_check_sum_call 0000000180006fd0 f   two_generators_grid_sfun.obj
 0001:000063d0       sf_two_generators_grid_autoinheritance_info 00000001800073d0 f   two_generators_grid_sfun.obj
 0001:000064f0       sf_two_generators_grid_get_eml_resolved_functions_info 00000001800074f0 f   two_generators_grid_sfun.obj
 0001:000065d0       sf_two_generators_grid_third_party_uses_info 00000001800075d0 f   two_generators_grid_sfun.obj
 0001:000066f0       two_generators_grid_debug_initialize 00000001800076f0 f   two_generators_grid_sfun.obj
 0001:00006770       two_generators_grid_register_exported_symbols 0000000180007770 f   two_generators_grid_sfun.obj
 0001:00006780       load_two_generators_grid_optimization_info 0000000180007780 f   two_generators_grid_sfun.obj
 0001:000067d0       unload_two_generators_grid_optimization_info 00000001800077d0 f   two_generators_grid_sfun.obj
 0001:00006800       sf_send_message_wrapper    0000000180007800 f   sfc_mex:sfc_sf.obj
 0001:00006830       sf_receive_message_wrapper 0000000180007830 f   sfc_mex:sfc_sf.obj
 0001:00006870       sf_check_out_message_wrapper 0000000180007870 f   sfc_mex:sfc_sf.obj
 0001:000068b0       sf_check_in_message_wrapper 00000001800078b0 f   sfc_mex:sfc_sf.obj
 0001:000068f0       sf_no_message_wrapper      00000001800078f0 f   sfc_mex:sfc_sf.obj
 0001:00006c80       sim_mode_is_rtw_gen        0000000180007c80 f   sfc_mex:sfc_sf.obj
 0001:00006cb0       sim_mode_is_external       0000000180007cb0 f   sfc_mex:sfc_sf.obj
 0001:00006cc0       sim_mode_is_modelref_sim   0000000180007cc0 f   sfc_mex:sfc_sf.obj
 0001:00006ce0       mdlInitializeSizes         0000000180007ce0 f   sfc_mex:sfc_sf.obj
 0001:00006d00       mdlInitializeSampleTimes   0000000180007d00 f   sfc_mex:sfc_sf.obj
 0001:00006d40       mdlZeroCrossings           0000000180007d40 f   sfc_mex:sfc_sf.obj
 0001:00006e30       mdlDerivatives             0000000180007e30 f   sfc_mex:sfc_sf.obj
 0001:00006ef0       mdl_initialize_conditions_processing 0000000180007ef0 f   sfc_mex:sfc_sf.obj
 0001:00006f20       mdlInitializeConditions    0000000180007f20 f   sfc_mex:sfc_sf.obj
 0001:00006fe0       mdlGetSimState             0000000180007fe0 f   sfc_mex:sfc_sf.obj
 0001:00006ff0       mdlSetSimState             0000000180007ff0 f   sfc_mex:sfc_sf.obj
 0001:00007000       mdl_ext_mode_exec_processing 0000000180008000 f   sfc_mex:sfc_sf.obj
 0001:00007020       mdlExtModeExec             0000000180008020 f   sfc_mex:sfc_sf.obj
 0001:000071c0       mdlTerminate               00000001800081c0 f   sfc_mex:sfc_sf.obj
 0001:00007230       mdlRTW                     0000000180008230 f   sfc_mex:sfc_sf.obj
 0001:00007260       mdlSetWorkWidths           0000000180008260 f   sfc_mex:sfc_sf.obj
 0001:00007270       mdlProcessParameters       0000000180008270 f   sfc_mex:sfc_sf.obj
 0001:00007280       mdl_start_processing       0000000180008280 f   sfc_mex:sfc_sf.obj
 0001:000072e0       mdlStart                   00000001800082e0 f   sfc_mex:sfc_sf.obj
 0001:000073f0       mdlEnable                  00000001800083f0 f   sfc_mex:sfc_sf.obj
 0001:000074d0       mdlDisable                 00000001800084d0 f   sfc_mex:sfc_sf.obj
 0001:00007590       sf_get_chart_instance_ptr  0000000180008590 f   sfc_mex:sfc_sf.obj
 0001:000075b0       sf_load_rtw_optimization_info 00000001800085b0 f   sfc_mex:sfc_sf.obj
 0001:00007680       sf_update_buildInfo        0000000180008680 f   sfc_mex:sfc_sf.obj
 0001:00007780       sf_rtw_info_uint_prop      0000000180008780 f   sfc_mex:sfc_sf.obj
 0001:000078c0       sf_is_chart_inlinable      00000001800088c0 f   sfc_mex:sfc_sf.obj
 0001:000078e0       sf_mark_output_events_with_multiple_callers 00000001800088e0 f   sfc_mex:sfc_sf.obj
 0001:00007a70       sf_mark_chart_reusable_outputs 0000000180008a70 f   sfc_mex:sfc_sf.obj
 0001:00007cd0       sf_mark_chart_expressionable_inputs 0000000180008cd0 f   sfc_mex:sfc_sf.obj
 0001:00007f30       sf_get_subchart_simstruct  0000000180008f30 f   sfc_mex:sfc_sf.obj
 0001:00007f80       sf_get_fixpt_data_type_id  0000000180008f80 f   sfc_mex:sfc_sf.obj
 0001:00007fc0       sf_get_enum_data_type_id   0000000180008fc0 f   sfc_mex:sfc_sf.obj
 0001:00008000       sf_get_param_data_type_id  0000000180009000 f   sfc_mex:sfc_sf.obj
 0001:00008030       sf_mex_listen_for_ctrl_c_force 0000000180009030 f   sfc_mex:sfc_sf.obj
 0001:00008140       sf_mex_draw_now            0000000180009140 f   sfc_mex:sfc_sf.obj
 0001:00008180       sf_mex_set_debugger_sim_status_listener_fcn 0000000180009180 f   sfc_mex:sfc_sf.obj
 0001:00008190       sf_mex_listen_for_ctrl_c   0000000180009190 f   sfc_mex:sfc_sf.obj
 0001:00008230       sf_mex_get_sfun_param      0000000180009230 f   sfc_mex:sfc_sf.obj
 0001:00008280       sf_get_runtime_param_data  0000000180009280 f   sfc_mex:sfc_sf.obj
 0001:000082c0       sf_call_output_fcn_call    00000001800092c0 f   sfc_mex:sfc_sf.obj
 0001:00008400       sf_call_output_fcn_enable  0000000180009400 f   sfc_mex:sfc_sf.obj
 0001:00008490       sf_call_output_fcn_disable 0000000180009490 f   sfc_mex:sfc_sf.obj
 0001:00008520       sf_clear_rtw_identifier    0000000180009520 f   sfc_mex:sfc_sf.obj
 0001:00008d40       sf_set_encoded_dwork_info  0000000180009d40 f   sfc_mex:sfc_sf.obj
 0001:00008d90       sf_get_dwork_info_from_mat_file 0000000180009d90 f   sfc_mex:sfc_sf.obj
 0001:00008f50       sf_set_rtw_dwork_info      0000000180009f50 f   sfc_mex:sfc_sf.obj
 0001:000090c0       mdlOutputs                 000000018000a0c0 f   sfc_mex:sfc_sf.obj
 0001:000092b0       sf_mex_mx_is_numeric       000000018000a2b0 f   sfc_mex:sfc_mex.obj
 0001:000092f0       strcmp_ignore_ws           000000018000a2f0 f   sfc_mex:sfc_mex.obj
 0001:00009430       sf_mex_duplicatearraysafe  000000018000a430 f   sfc_mex:sfc_mex.obj
 0001:00009590       sf_set_error_debugger_context_message_fcn 000000018000a590 f   sfc_mex:sfc_mex.obj
 0001:000095a0       sf_set_debugger_matlab_error_fcn 000000018000a5a0 f   sfc_mex:sfc_mex.obj
 0001:000095e0       sf_set_error_prefix_string 000000018000a5e0 f   sfc_mex:sfc_mex.obj
 0001:00009610       sf_get_error_prefix_string 000000018000a610 f   sfc_mex:sfc_mex.obj
 0001:00009620       sf_mex_enter_parallel_region 000000018000a620 f   sfc_mex:sfc_mex.obj
 0001:00009630       sf_mex_exit_parallel_region 000000018000a630 f   sfc_mex:sfc_mex.obj
 0001:00009640       sf_get_current_jmp_buf_ptr 000000018000a640 f   sfc_mex:sfc_mex.obj
 0001:00009650       sf_set_current_jmp_buf_ptr 000000018000a650 f   sfc_mex:sfc_mex.obj
 0001:00009660       sf_mex_set_halt_simulation 000000018000a660 f   sfc_mex:sfc_mex.obj
 0001:00009670       sf_mex_get_halt_simulation 000000018000a670 f   sfc_mex:sfc_mex.obj
 0001:00009680       sf_mex_clear_error_message 000000018000a680 f   sfc_mex:sfc_mex.obj
 0001:000096a0       sf_mex_get_error_message_for_read 000000018000a6a0 f   sfc_mex:sfc_mex.obj
 0001:000096b0       sf_mex_get_error_message_buffer_length 000000018000a6b0 f   sfc_mex:sfc_mex.obj
 0001:00009790       sf_mex_warning_message     000000018000a790 f   sfc_mex:sfc_mex.obj
 0001:00009800       sf_mex_v_errbuf_createf    000000018000a800 f   sfc_mex:sfc_mex.obj
 0001:00009810       sf_mex_errbuf_createf      000000018000a810 f   sfc_mex:sfc_mex.obj
 0001:00009840       sf_mex_v_errbuf_catf       000000018000a840 f   sfc_mex:sfc_mex.obj
 0001:00009880       sf_mex_errbuf_catf         000000018000a880 f   sfc_mex:sfc_mex.obj
 0001:000098d0       sf_mex_errbuf_copy         000000018000a8d0 f   sfc_mex:sfc_mex.obj
 0001:000098e0       sf_mex_errbuf_clear        000000018000a8e0 f   sfc_mex:sfc_mex.obj
 0001:000098f0       sf_mex_errbuf_isempty      000000018000a8f0 f   sfc_mex:sfc_mex.obj
 0001:000099f0       sf_mex_set_error_status    000000018000a9f0 f   sfc_mex:sfc_mex.obj
 0001:00009a40       sf_mex_error_direct_call   000000018000aa40 f   sfc_mex:sfc_mex.obj
 0001:00009a60       sf_mex_error_message_no_long_jump 000000018000aa60 f   sfc_mex:sfc_mex.obj
 0001:00009a80       sf_mex_long_jump_on_error  000000018000aa80 f   sfc_mex:sfc_mex.obj
 0001:00009ab0       sf_mex_call_matlab         000000018000aab0 f   sfc_mex:sfc_mex.obj
 0001:00009bd0       sf_mex_check_builtin       000000018000abd0 f   sfc_mex:sfc_mex.obj
 0001:00009c70       sf_mex_check_builtin_vs    000000018000ac70 f   sfc_mex:sfc_mex.obj
 0001:00009d30       sf_mex_check_enum          000000018000ad30 f   sfc_mex:sfc_mex.obj
 0001:00009db0       sf_mex_create_enum         000000018000adb0 f   sfc_mex:sfc_mex.obj
 0001:00009e20       sf_mex_get_enum_element    000000018000ae20 f   sfc_mex:sfc_mex.obj
 0001:00009e30       sf_mex_createcellarray     000000018000ae30 f   sfc_mex:sfc_mex.obj
 0001:00009e40       sf_mex_setcell             000000018000ae40 f   sfc_mex:sfc_mex.obj
 0001:00009e50       sf_mex_getcell             000000018000ae50 f   sfc_mex:sfc_mex.obj
 0001:00009e60       sf_mex_dup                 000000018000ae60 f   sfc_mex:sfc_mex.obj
 0001:00009e80       sf_mex_assign              000000018000ae80 f   sfc_mex:sfc_mex.obj
 0001:00009f00       sf_mex_destroy             000000018000af00 f   sfc_mex:sfc_mex.obj
 0001:00009f30       mx_array_has_fi_type       000000018000af30 f   sfc_mex:sfc_mex.obj
 0001:00009f60       sf_mex_convert_from_fi     000000018000af60 f   sfc_mex:sfc_mex.obj
 0001:0000a090       sf_mex_convert_to_double   000000018000b090 f   sfc_mex:sfc_mex.obj
 0001:0000a1b0       sf_mex_import_fi_vs        000000018000b1b0 f   sfc_mex:sfc_mex.obj
 0001:0000a3e0       sf_matrix_matrix_index_ok  000000018000b3e0 f   sfc_mex:sfc_mex.obj
 0001:0000a470       sf_vector_vector_index_ok  000000018000b470 f   sfc_mex:sfc_mex.obj
 0001:0000a4a0       ssGetCurrentInputPortDimensions_wrapper 000000018000b4a0 f   sfc_mex:sfc_mex.obj
 0001:0000a4c0       ssGetCurrentOutputPortDimensions_wrapper 000000018000b4c0 f   sfc_mex:sfc_mex.obj
 0001:0000a4e0       sf_mex_emlrt_context_is_debug_mode 000000018000b4e0 f   sfc_mex:sfc_mex.obj
 0001:0000a4f0       sf_mex_emlrt_context_set_debug_mode 000000018000b4f0 f   sfc_mex:sfc_mex.obj
 0001:0000a500       sf_mex_emlrtNameCapturePostProcessR2012a 000000018000b500 f   sfc_mex:sfc_mex.obj
 0001:0000a570       sf_clear_error_manager_info 000000018000b570 f   sfc_mex:sfc_mex.obj
 0001:0000a5d0       sf_mex_stop_simulation_abruptly_wo_error 000000018000b5d0 f   sfc_mex:sfc_mex.obj
 0001:0000a610       sf_mex_error_message       000000018000b610 f   sfc_mex:sfc_mex.obj
 0001:0000a680       sf_react_to_error_in_matlab_call 000000018000b680 f   sfc_mex:sfc_mex.obj
 0001:0000a6b0       sf_mex_addfield            000000018000b6b0 f   sfc_mex:sfc_mex.obj
 0001:0000a750       sf_mex_getfield            000000018000b750 f   sfc_mex:sfc_mex.obj
 0001:0000aa50       sf_mex_check_class         000000018000ba50 f   sfc_mex:sfc_mex.obj
 0001:0000aaf0       sf_mex_is_real             000000018000baf0 f   sfc_mex:sfc_mex.obj
 0001:0000af60       sf_mex_decode_encoded_mx_struct_array 000000018000bf60 f   sfc_mex:sfc_mex.obj
 0001:0000b250       sf_mex_lw_bounds_check     000000018000c250 f   sfc_mex:sfc_mex.obj
 0001:0000b280       sf_mex_lw_size_eq_check_1d 000000018000c280 f   sfc_mex:sfc_mex.obj
 0001:0000b2a0       sf_mex_lw_size_eq_check_nd 000000018000c2a0 f   sfc_mex:sfc_mex.obj
 0001:0000b480       sf_mex_lw_dim_size_eq_check 000000018000c480 f   sfc_mex:sfc_mex.obj
 0001:0000b4b0       sf_mex_lw_dim_size_geq_check 000000018000c4b0 f   sfc_mex:sfc_mex.obj
 0001:0000b4e0       sf_mex_lw_sub_assign_size_check_nd 000000018000c4e0 f   sfc_mex:sfc_mex.obj
 0001:0000b6b0       sf_mex_lw_runtime_error_msgid 000000018000c6b0 f   sfc_mex:sfc_mex.obj
 0001:0000b7a0       sf_mex_lw_matrix_matrix_index_check 000000018000c7a0 f   sfc_mex:sfc_mex.obj
 0001:0000b7c0       sf_mex_lw_vector_vector_index_check 000000018000c7c0 f   sfc_mex:sfc_mex.obj
 0001:0000b800       sf_mex_lw_for_loop_vector_check 000000018000c800 f   sfc_mex:sfc_mex.obj
 0001:0000b890       sf_mex_lw_non_negative_check 000000018000c890 f   sfc_mex:sfc_mex.obj
 0001:0000b8d0       sf_mex_overflow_error      000000018000c8d0 f   sfc_mex:sfc_mex.obj
 0001:0000b8e0       sf_mex_dividebyzero_error  000000018000c8e0 f   sfc_mex:sfc_mex.obj
 0001:0000b8f0       sf_mex_unsafe_enum_error   000000018000c8f0 f   sfc_mex:sfc_mex.obj
 0001:0000b900       sf_emlrtErrHandler         000000018000c900 f   sfc_mex:sfc_mex.obj
 0001:0000b9e0       sf_mex_size_one_check      000000018000c9e0 f   sfc_mex:sfc_mex.obj
 0001:0000ba00       sf_mex_printf              000000018000ca00 f   sfc_mex:sfc_mex.obj
 0001:0000bbd0       sf_mex_check_size          000000018000cbd0 f   sfc_mex:sfc_mex.obj
 0001:0000be70       sf_mex_check_struct        000000018000ce70 f   sfc_mex:sfc_mex.obj
 0001:0000c0d0       sf_mex_check_struct_vs     000000018000d0d0 f   sfc_mex:sfc_mex.obj
 0001:0000c160       sf_mex_check_fi            000000018000d160 f   sfc_mex:sfc_mex.obj
 0001:0000c260       sf_mex_check_fi_vs         000000018000d260 f   sfc_mex:sfc_mex.obj
 0001:0000c300       sf_echo_expression         000000018000d300 f   sfc_mex:sfc_mex.obj
 0001:0000c360       sf_assertion_failed        000000018000d360 f   sfc_mex:sfc_mex.obj
 0001:0000c640       sf_mex_evalin              000000018000d640 f   sfc_mex:sfc_mex.obj
 0001:0000c8b0       sf_mex_export              000000018000d8b0 f   sfc_mex:sfc_mex.obj
 0001:0000c970       sf_mex_get_ml_var_no_error 000000018000d970 f   sfc_mex:sfc_mex.obj
 0001:0000cb10       sf_mex_get_ml_var          000000018000db10 f   sfc_mex:sfc_mex.obj
 0001:0000cfa0       ml_set_element_value_in_array 000000018000dfa0 f   sfc_mex:sfc_mex.obj
 0001:0000e060       sf_mex_call_impl           000000018000f060 f   sfc_mex:sfc_mex.obj
 0001:0000e480       sf_mex_call_debug          000000018000f480 f   sfc_mex:sfc_mex.obj
 0001:0000e4b0       sf_mex_call                000000018000f4b0 f   sfc_mex:sfc_mex.obj
 0001:0000eb00       sf_mex_createstruct        000000018000fb00 f   sfc_mex:sfc_mex.obj
 0001:0000ec10       sf_mex_createstructarray   000000018000fc10 f   sfc_mex:sfc_mex.obj
 0001:0000ec90       sf_mex_get_mx_datatype_from_sf_datatype 000000018000fc90 f   sfc_mex:sfc_mex.obj
 0001:0000efa0       sf_mex_ml_var_sub          000000018000ffa0 f   sfc_mex:sfc_mex.obj
 0001:0000f180       sf_mex_ml_var_subsasgn     0000000180010180 f   sfc_mex:sfc_mex.obj
 0001:0000f580       sf_mex_sub                 0000000180010580 f   sfc_mex:sfc_mex.obj
 0001:0000f790       sf_mex_subsasgn            0000000180010790 f   sfc_mex:sfc_mex.obj
 0001:0000fca0       sf_mex_create              0000000180010ca0 f   sfc_mex:sfc_mex.obj
 0001:00010640       sf_mex_import_named        0000000180011640 f   sfc_mex:sfc_mex.obj
 0001:000106a0       sf_mex_import              00000001800116a0 f   sfc_mex:sfc_mex.obj
 0001:000106f0       sf_mex_import_vs           00000001800116f0 f   sfc_mex:sfc_mex.obj
 0001:00010800       sf_mex_lower_fixpt_mx_array 0000000180011800 f   sfc_mex:sfc_mex.obj
 0001:00010b20       sf_debug_chart_instance_initialized_quick 0000000180011b20 f   sfc_debug:sfcdebug.obj
 0001:00010ba0       sf_debug_disp              0000000180011ba0 f   sfc_debug:sfcdebug.obj
 0001:00010e70       sf_debug_data_runtime_size_mismatch_error_check 0000000180011e70 f   sfc_debug:sfcdebug.obj
 0001:00010f20       sf_debug_try_loading_machine 0000000180011f20 f   sfc_debug:sfcdebug.obj
 0001:00011020       sf_debug_reset_current_state_configuration 0000000180012020 f   sfc_debug:sfcdebug.obj
 0001:000110a0       sf_debug_store_current_state_configuration 00000001800120a0 f   sfc_debug:sfcdebug.obj
 0001:00011120       sf_debug_restore_previous_state_configuration 0000000180012120 f   sfc_debug:sfcdebug.obj
 0001:000111a0       sf_debug_restore_previous_state_configuration2 00000001800121a0 f   sfc_debug:sfcdebug.obj
 0001:00011220       sf_debug_get_event_scope   0000000180012220 f   sfc_debug:sfcdebug.obj
 0001:00011390       use_debugger_step_animation 0000000180012390 f   sfc_debug:sfcdebug.obj
 0001:000113b0       sf_debug_get_script_id     00000001800123b0 f   sfc_debug:sfcdebug.obj
 0001:00011440       sf_debug_set_script_translation 0000000180012440 f   sfc_debug:sfcdebug.obj
 0001:000115c0       sf_debug_extract_message_post_receive_info 00000001800125c0 f   sfc_debug:sfcdebug.obj
 0001:00011780       sf_debug_get_current_machine_id 0000000180012780 f   sfc_debug:sfcdebug.obj
 0001:000117a0       sf_debug_get_current_optional_integer 00000001800127a0 f   sfc_debug:sfcdebug.obj
 0001:000117b0       sf_debug_get_current_machine_number 00000001800127b0 f   sfc_debug:sfcdebug.obj
 0001:000117d0       sf_debug_get_current_machine_name 00000001800127d0 f   sfc_debug:sfcdebug.obj
 0001:000117f0       sf_debug_get_current_chart_id 00000001800127f0 f   sfc_debug:sfcdebug.obj
 0001:00011830       sf_debug_get_current_chart_number 0000000180012830 f   sfc_debug:sfcdebug.obj
 0001:00011840       sf_debug_get_current_instance_number 0000000180012840 f   sfc_debug:sfcdebug.obj
 0001:00011850       sf_debug_get_current_is_minor_time_step 0000000180012850 f   sfc_debug:sfcdebug.obj
 0001:000118d0       sf_debug_get_current_object_type 00000001800128d0 f   sfc_debug:sfcdebug.obj
 0001:000118e0       sf_debug_get_current_instance_handle 00000001800128e0 f   sfc_debug:sfcdebug.obj
 0001:00011940       sf_debug_get_current_event_type 0000000180012940 f   sfc_debug:sfcdebug.obj
 0001:00011950       sf_debug_get_current_object_id 0000000180012950 f   sfc_debug:sfcdebug.obj
 0001:00011990       sf_debug_get_current_active_event_type 0000000180012990 f   sfc_debug:sfcdebug.obj
 0001:000119a0       sf_debug_get_current_active_event_id 00000001800129a0 f   sfc_debug:sfcdebug.obj
 0001:000119e0       sf_debug_get_current_tag_type 00000001800129e0 f   sfc_debug:sfcdebug.obj
 0001:000119f0       sf_debug_get_current_simulation_time 00000001800129f0 f   sfc_debug:sfcdebug.obj
 0001:00011a00       sf_debug_get_current_coverage_percentage 0000000180012a00 f   sfc_debug:sfcdebug.obj
 0001:00011a10       sf_debug_current_statement_context 0000000180012a10 f   sfc_debug:sfcdebug.obj
 0001:00011a90       sf_debug_get_current_statement_info 0000000180012a90 f   sfc_debug:sfcdebug.obj
 0001:00011c30       sf_debug_terminate_instance 0000000180012c30 f   sfc_debug:sfcdebug.obj
 0001:00011f50       sf_debug_assertion_failed  0000000180012f50 f   sfc_debug:sfcdebug.obj
 0001:00012120       sf_debug_create_debug_instance_struct 0000000180013120 f   sfc_debug:sfcdebug.obj
 0001:00012170       sf_debug_set_number_of_data_with_change_event_for_machine 0000000180013170 f   sfc_debug:sfcdebug.obj
 0001:000121c0       sf_debug_set_machine_event_thresholds 00000001800131c0 f   sfc_debug:sfcdebug.obj
 0001:000121e0       sf_debug_set_machine_event_scope 00000001800131e0 f   sfc_debug:sfcdebug.obj
 0001:00012230       sf_debug_set_machine_data_thresholds 0000000180013230 f   sfc_debug:sfcdebug.obj
 0001:00012280       sf_debug_set_machine_data_scope 0000000180013280 f   sfc_debug:sfcdebug.obj
 0001:00012320       sf_debug_set_machine_data_name 0000000180013320 f   sfc_debug:sfcdebug.obj
 0001:000123d0       sf_debug_set_machine_data_size 00000001800133d0 f   sfc_debug:sfcdebug.obj
 0001:00012520       sf_debug_set_machine_data_type 0000000180013520 f   sfc_debug:sfcdebug.obj
 0001:00012690       sf_debug_get_chart_data_number 0000000180013690 f   sfc_debug:sfcdebug.obj
 0001:000126b0       sf_debug_get_chart_event_number 00000001800136b0 f   sfc_debug:sfcdebug.obj
 0001:000126d0       sf_debug_set_chart_state_info 00000001800136d0 f   sfc_debug:sfcdebug.obj
 0001:00012760       sf_debug_set_chart_decomposition 0000000180013760 f   sfc_debug:sfcdebug.obj
 0001:000127d0       sf_debug_set_chart_substate_count 00000001800137d0 f   sfc_debug:sfcdebug.obj
 0001:000128b0       sf_debug_set_chart_substate_index 00000001800138b0 f   sfc_debug:sfcdebug.obj
 0001:00012930       sf_debug_set_chart_state_substate_count 0000000180013930 f   sfc_debug:sfcdebug.obj
 0001:00012a50       sf_debug_set_chart_state_substate_index 0000000180013a50 f   sfc_debug:sfcdebug.obj
 0001:00012ae0       sf_debug_set_number_of_data_with_change_event_for_chart 0000000180013ae0 f   sfc_debug:sfcdebug.obj
 0001:00012b70       sf_debug_set_number_of_states_with_entry_event_for_chart 0000000180013b70 f   sfc_debug:sfcdebug.obj
 0001:00012bf0       sf_debug_set_number_of_states_with_exit_event_for_chart 0000000180013bf0 f   sfc_debug:sfcdebug.obj
 0001:00012c70       sf_debug_set_chart_disable_implicit_casting 0000000180013c70 f   sfc_debug:sfcdebug.obj
 0001:00012ce0       sf_debug_set_chart_event_thresholds 0000000180013ce0 f   sfc_debug:sfcdebug.obj
 0001:00012d60       sf_debug_set_chart_data_compiled_props 0000000180013d60 f   sfc_debug:sfcdebug.obj
 0001:000130a0       sf_debug_set_chart_data_props 00000001800140a0 f   sfc_debug:sfcdebug.obj
 0001:000133c0       sf_debug_check_fi_license  00000001800143c0 f   sfc_debug:sfcdebug.obj
 0001:00013580       sf_debug_symbol_scope_push 0000000180014580 f   sfc_debug:sfcdebug.obj
 0001:000135c0       sf_debug_symbol_scope_push_eml 00000001800145c0 f   sfc_debug:sfcdebug.obj
 0001:00013610       sf_debug_symbol_scope_pop  0000000180014610 f   sfc_debug:sfcdebug.obj
 0001:00013650       sf_debug_symbol_scope_add_importable 0000000180014650 f   sfc_debug:sfcdebug.obj
 0001:000136d0       sf_debug_symbol_scope_add  00000001800146d0 f   sfc_debug:sfcdebug.obj
 0001:00013750       sf_debug_symbol_scope_add_dyn_importable 0000000180014750 f   sfc_debug:sfcdebug.obj
 0001:00013810       sf_debug_symbol_scope_add_dyn 0000000180014810 f   sfc_debug:sfcdebug.obj
 0001:00013850       sf_debug_symbol_scope_add_eml_importable 0000000180014850 f   sfc_debug:sfcdebug.obj
 0001:00013890       sf_debug_symbol_scope_add_eml 0000000180014890 f   sfc_debug:sfcdebug.obj
 0001:000138d0       sf_debug_symbol_scope_add_eml_dyn_importable 00000001800148d0 f   sfc_debug:sfcdebug.obj
 0001:00013930       sf_debug_symbol_scope_add_eml_dyn 0000000180014930 f   sfc_debug:sfcdebug.obj
 0001:00013990       sf_debug_symbol_switch     0000000180014990 f   sfc_debug:sfcdebug.obj
 0001:000139b0       sf_debug_symbol_scope_add_verbose 00000001800149b0 f   sfc_debug:sfcdebug.obj
 0001:00013a80       sf_debug_set_machine_data_value_ptr 0000000180014a80 f   sfc_debug:sfcdebug.obj
 0001:00013ac0       sf_debug_set_instance_data_value_ptr 0000000180014ac0 f   sfc_debug:sfcdebug.obj
 0001:00013b90       sf_debug_unset_instance_data_value_ptr 0000000180014b90 f   sfc_debug:sfcdebug.obj
 0001:00013c40       sf_debug_set_chart_event_scope 0000000180014c40 f   sfc_debug:sfcdebug.obj
 0001:00013cc0       sf_debug_set_chart_transition_coverage_maps 0000000180014cc0 f   sfc_debug:sfcdebug.obj
 0001:00013dc0       sf_debug_set_chart_state_coverage_maps 0000000180014dc0 f   sfc_debug:sfcdebug.obj
 0001:00013e90       sf_debug_set_instance_transition_coverage_weights 0000000180014e90 f   sfc_debug:sfcdebug.obj
 0001:00013f20       sf_debug_set_instance_state_coverage_weights 0000000180014f20 f   sfc_debug:sfcdebug.obj
 0001:00014170       sf_debug_unload_machine    0000000180015170 f   sfc_debug:sfcdebug.obj
 0001:000141c0       sf_debug_load_machine      00000001800151c0 f   sfc_debug:sfcdebug.obj
 0001:000142d0       sf_debug_set_active_instance_in_data_dictionary 00000001800152d0 f   sfc_debug:sfcdebug.obj
 0001:000144b0       sf_debug_set_active_instance 00000001800154b0 f   sfc_debug:sfcdebug.obj
 0001:00014610       sf_debug_chart_visiblity_change 0000000180015610 f   sfc_debug:sfcdebug.obj
 0001:00014700       sf_debug_select_chart      0000000180015700 f   sfc_debug:sfcdebug.obj
 0001:00014860       sf_debug_set_instance_cv_ids 0000000180015860 f   sfc_debug:sfcdebug.obj
 0001:00014b90       sf_debug_select_charts     0000000180015b90 f   sfc_debug:sfcdebug.obj
 0001:00014d40       sf_debug_initialized       0000000180015d40 f   sfc_debug:sfcdebug.obj
 0001:00014d60       sf_debug_is_uninterruptible 0000000180015d60 f   sfc_debug:sfcdebug.obj
 0001:00014d90       sf_debug_initialize_debugger_gui 0000000180015d90 f   sfc_debug:sfcdebug.obj
 0001:00015170       sf_debug_resume            0000000180016170 f   sfc_debug:sfcdebug.obj
 0001:00015190       sf_debug_go                0000000180016190 f   sfc_debug:sfcdebug.obj
 0001:000151a0       sf_debug_break             00000001800161a0 f   sfc_debug:sfcdebug.obj
 0001:000151b0       sf_debug_step_over         00000001800161b0 f   sfc_debug:sfcdebug.obj
 0001:000151c0       sf_debug_step_out          00000001800161c0 f   sfc_debug:sfcdebug.obj
 0001:000151d0       sf_debug_set_disable_all_breakpoints 00000001800161d0 f   sfc_debug:sfcdebug.obj
 0001:000151e0       sf_debug_disable_all_breakpoints_and_go 00000001800161e0 f   sfc_debug:sfcdebug.obj
 0001:000151f0       sf_debug_break_on_chart_entry 00000001800161f0 f   sfc_debug:sfcdebug.obj
 0001:00015200       sf_debug_break_on_event_broadcast 0000000180016200 f   sfc_debug:sfcdebug.obj
 0001:00015210       sf_debug_break_on_state_entry 0000000180016210 f   sfc_debug:sfcdebug.obj
 0001:00015220       sf_debug_break_between_times 0000000180016220 f   sfc_debug:sfcdebug.obj
 0001:00015240       sf_debug_browse_data       0000000180016240 f   sfc_debug:sfcdebug.obj
 0001:00015250       sf_debug_watch_data        0000000180016250 f   sfc_debug:sfcdebug.obj
 0001:00015280       sf_debug_assign_data       0000000180016280 f   sfc_debug:sfcdebug.obj
 0001:00015290       sf_debug_whos              0000000180016290 f   sfc_debug:sfcdebug.obj
 0001:000152b0       sf_debug_get_consistency_info 00000001800162b0 f   sfc_debug:sfcdebug.obj
 0001:000152c0       sf_debug_browse_trace      00000001800162c0 f   sfc_debug:sfcdebug.obj
 0001:000152d0       sf_debug_set_breakpoints   00000001800162d0 f   sfc_debug:sfcdebug.obj
 0001:00015440       sf_debug_set_eml_breakpoints 0000000180016440 f   sfc_debug:sfcdebug.obj
 0001:000155a0       sf_debug_set_script_breakpoints 00000001800165a0 f   sfc_debug:sfcdebug.obj
 0001:00015620       sf_debug_add_script_breakpoints 0000000180016620 f   sfc_debug:sfcdebug.obj
 0001:00015690       sf_debug_clear_script_breakpoints 0000000180016690 f   sfc_debug:sfcdebug.obj
 0001:00015700       sf_debug_query_script_breakpoints 0000000180016700 f   sfc_debug:sfcdebug.obj
 0001:000157b0       sf_debug_get_eml_script_id 00000001800167b0 f   sfc_debug:sfcdebug.obj
 0001:00015800       sf_debug_set_watch         0000000180016800 f   sfc_debug:sfcdebug.obj
 0001:00015a20       sf_debug_get_instance_handle 0000000180016a20 f   sfc_debug:sfcdebug.obj
 0001:00015ab0       sf_debug_get_active_states 0000000180016ab0 f   sfc_debug:sfcdebug.obj
 0001:00015ac0       sf_debug_set_honor_breakpoints 0000000180016ac0 f   sfc_debug:sfcdebug.obj
 0001:00015ad0       sf_debug_get_animation     0000000180016ad0 f   sfc_debug:sfcdebug.obj
 0001:00015ae0       sf_debug_set_animation     0000000180016ae0 f   sfc_debug:sfcdebug.obj
 0001:00015af0       sf_debug_animate           0000000180016af0 f   sfc_debug:sfcdebug.obj
 0001:00015b10       sf_debug_cycle_detection_check 0000000180016b10 f   sfc_debug:sfcdebug.obj
 0001:00015b20       sf_debug_data_range_check  0000000180016b20 f   sfc_debug:sfcdebug.obj
 0001:00015b30       sf_debug_transition_conflict_check 0000000180016b30 f   sfc_debug:sfcdebug.obj
 0001:00015b40       sf_debug_state_consistency_check 0000000180016b40 f   sfc_debug:sfcdebug.obj
 0001:00015b50       sf_debug_data_range_check_enabled 0000000180016b50 f   sfc_debug:sfcdebug.obj
 0001:00015b70       sf_debug_transition_conflict_check_enabled 0000000180016b70 f   sfc_debug:sfcdebug.obj
 0001:00015b90       sf_debug_transition_conflict_check_begin 0000000180016b90 f   sfc_debug:sfcdebug.obj
 0001:00015bb0       sf_debug_transition_conflict_check_end 0000000180016bb0 f   sfc_debug:sfcdebug.obj
 0001:00015bd0       sf_debug_stop_debugging    0000000180016bd0 f   sfc_debug:sfcdebug.obj
 0001:00015c00       sf_debug_is_cycle_detected 0000000180016c00 f   sfc_debug:sfcdebug.obj
 0001:00015c10       sf_debug_is_array_bounds_detected 0000000180016c10 f   sfc_debug:sfcdebug.obj
 0001:00015c20       sf_debug_get_state_vectors_data_size 0000000180016c20 f   sfc_debug:sfcdebug.obj
 0001:00015c60       sf_debug_get_state_vectors_data 0000000180016c60 f   sfc_debug:sfcdebug.obj
 0001:00015d70       sf_debug_set_state_vectors_data 0000000180016d70 f   sfc_debug:sfcdebug.obj
 0001:00016000       sf_debug_get_script_index  0000000180017000 f   sfc_debug:sfcdebug.obj
 0001:00016190       sf_debug_add_script        0000000180017190 f   sfc_debug:sfcdebug.obj
 0001:00016320       cv_eval_point              0000000180017320 f   sfc_debug:sfcdebug.obj
 0001:00016490       cv_eval_testobjective      0000000180017490 f   sfc_debug:sfcdebug.obj
 0001:000165a0       sf_debug_cv_init_state     00000001800175a0 f   sfc_debug:sfcdebug.obj
 0001:000166d0       sf_debug_cv_init_chart     00000001800176d0 f   sfc_debug:sfcdebug.obj
 0001:000167c0       sf_debug_cv_init_trans     00000001800177c0 f   sfc_debug:sfcdebug.obj
 0001:000168d0       sf_debug_cv_init_saturation 00000001800178d0 f   sfc_debug:sfcdebug.obj
 0001:000169d0       sf_debug_cv_init_testobjectives 00000001800179d0 f   sfc_debug:sfcdebug.obj
 0001:00016bb0       cv_eml_init_script         0000000180017bb0 f   sfc_debug:sfcdebug.obj
 0001:00016cd0       cv_eml_init_fcn            0000000180017cd0 f   sfc_debug:sfcdebug.obj
 0001:00016de0       cv_eml_init_testobjective  0000000180017de0 f   sfc_debug:sfcdebug.obj
 0001:00016ec0       cv_eml_init_saturation     0000000180017ec0 f   sfc_debug:sfcdebug.obj
 0001:00016f90       cv_eml_init_if             0000000180017f90 f   sfc_debug:sfcdebug.obj
 0001:00017070       cv_eml_init_for            0000000180018070 f   sfc_debug:sfcdebug.obj
 0001:00017140       cv_eml_init_while          0000000180018140 f   sfc_debug:sfcdebug.obj
 0001:00017210       cv_eml_init_mcdc           0000000180018210 f   sfc_debug:sfcdebug.obj
 0001:00017330       cv_eml_init_switch         0000000180018330 f   sfc_debug:sfcdebug.obj
 0001:00017430       cv_eml_eval                0000000180018430 f   sfc_debug:sfcdebug.obj
 0001:00017520       sf_debug_bm_is_a_eml_breakpoint 0000000180018520 f   sfc_debug:sfcdebug.obj
 0001:00017670       sf_debug_temporal_threshold 0000000180018670 f   sfc_debug:sfcdebug.obj
 0001:000179e0       sf_debug_transition_conflict_error 00000001800189e0 f   sfc_debug:sfcdebug.obj
 0001:00017d40       sf_debug_state_inconsistency_error 0000000180018d40 f   sfc_debug:sfcdebug.obj
 0001:00017e60       sf_debug_check_for_state_inconsistency 0000000180018e60 f   sfc_debug:sfcdebug.obj
 0001:00017ea0       sf_debug_cycle_detecton_error 0000000180018ea0 f   sfc_debug:sfcdebug.obj
 0001:000185f0       sf_debug_size_eq_check_1d  00000001800195f0 f   sfc_debug:sfcdebug.obj
 0001:00018610       sf_debug_size_eq_check_nd  0000000180019610 f   sfc_debug:sfcdebug.obj
 0001:00018810       sf_debug_dim_size_eq_check 0000000180019810 f   sfc_debug:sfcdebug.obj
 0001:00018840       sf_debug_dim_size_geq_check 0000000180019840 f   sfc_debug:sfcdebug.obj
 0001:00018870       sf_debug_sub_assign_size_check_nd 0000000180019870 f   sfc_debug:sfcdebug.obj
 0001:00018a50       sf_debug_matrix_matrix_index_check 0000000180019a50 f   sfc_debug:sfcdebug.obj
 0001:00018aa0       sf_debug_vector_vector_index_check 0000000180019aa0 f   sfc_debug:sfcdebug.obj
 0001:00018af0       sf_debug_for_loop_vector_check 0000000180019af0 f   sfc_debug:sfcdebug.obj
 0001:00018b90       sf_debug_runtime_error_msgid 0000000180019b90 f   sfc_debug:sfcdebug.obj
 0001:00018c30       sf_debug_data_array_bounds_error_check 0000000180019c30 f   sfc_debug:sfcdebug.obj
 0001:00018d40       sf_debug_eml_data_array_bounds_error_check 0000000180019d40 f   sfc_debug:sfcdebug.obj
 0001:00019200       sf_debug_integer_check     000000018001a200 f   sfc_debug:sfcdebug.obj
 0001:000192f0       sf_debug_not_nan_check     000000018001a2f0 f   sfc_debug:sfcdebug.obj
 0001:000193c0       sf_debug_non_negative_check 000000018001a3c0 f   sfc_debug:sfcdebug.obj
 0001:00019490       sf_debug_overflow_detection 000000018001a490 f   sfc_debug:sfcdebug.obj
 0001:00019af0       sf_debug_cast_to_real32_T  000000018001aaf0 f   sfc_debug:sfcdebug.obj
 0001:00019bc0       sf_debug_cast_to_int8_T    000000018001abc0 f   sfc_debug:sfcdebug.obj
 0001:00019c90       sf_debug_cast_to_uint8_T   000000018001ac90 f   sfc_debug:sfcdebug.obj
 0001:00019d60       sf_debug_cast_to_int16_T   000000018001ad60 f   sfc_debug:sfcdebug.obj
 0001:00019e30       sf_debug_cast_to_uint16_T  000000018001ae30 f   sfc_debug:sfcdebug.obj
 0001:00019f00       sf_debug_cast_to_int32_T   000000018001af00 f   sfc_debug:sfcdebug.obj
 0001:00019fd0       sf_debug_cast_to_uint32_T  000000018001afd0 f   sfc_debug:sfcdebug.obj
 0001:0001a0a0       sf_debug_data_range_error  000000018001b0a0 f   sfc_debug:sfcdebug.obj
 0001:0001a3b0       sf_debug_read_before_write_check 000000018001b3b0 f   sfc_debug:sfcdebug.obj
 0001:0001a7e0       sf_debug_data_range_error_wrapper_min_max 000000018001b7e0 f   sfc_debug:sfcdebug.obj
 0001:0001a900       sf_debug_data_range_error_wrapper_min 000000018001b900 f   sfc_debug:sfcdebug.obj
 0001:0001aa10       sf_debug_data_range_error_wrapper_max 000000018001ba10 f   sfc_debug:sfcdebug.obj
 0001:0001ab20       sf_debug_data_range_wrapper 000000018001bb20 f   sfc_debug:sfcdebug.obj
 0001:0001abe0       sf_debug_set_current_status_info 000000018001bbe0 f   sfc_debug:sfcdebug.obj
 0001:0001af80       sf_debug_register_message_post_receive_info 000000018001bf80 f   sfc_debug:sfcdebug.obj
 0001:0001b1d0       sf_debug_call              000000018001c1d0 f   sfc_debug:sfcdebug.obj
 0001:0001bb30       sf_debug_initialize_machine 000000018001cb30 f   sfc_debug:sfcdebug.obj
 0001:0001bde0       sf_debug_initialize_chart  000000018001cde0 f   sfc_debug:sfcdebug.obj
 0001:0001c230       sf_debug_ensure_script     000000018001d230 f   sfc_debug:sfcdebug.obj
 0001:0001c2e0       cv_eval_saturation         000000018001d2e0 f   sfc_debug:sfcdebug.obj
 0001:0001c460       cv_saturation_accum        000000018001d460 f   sfc_debug:sfcdebug.obj
 0001:0001c5a0       cv_script_init_script      000000018001d5a0 f   sfc_debug:sfcdebug.obj
 0001:0001c690       cv_script_init_fcn         000000018001d690 f   sfc_debug:sfcdebug.obj
 0001:0001c750       cv_script_init_testobjective 000000018001d750 f   sfc_debug:sfcdebug.obj
 0001:0001c810       cv_script_init_saturation  000000018001d810 f   sfc_debug:sfcdebug.obj
 0001:0001c8c0       cv_script_init_if          000000018001d8c0 f   sfc_debug:sfcdebug.obj
 0001:0001c980       cv_script_init_for         000000018001d980 f   sfc_debug:sfcdebug.obj
 0001:0001ca30       cv_script_init_while       000000018001da30 f   sfc_debug:sfcdebug.obj
 0001:0001cae0       cv_script_init_mcdc        000000018001dae0 f   sfc_debug:sfcdebug.obj
 0001:0001cbe0       cv_script_init_switch      000000018001dbe0 f   sfc_debug:sfcdebug.obj
 0001:0001ccc0       cv_script_eval             000000018001dcc0 f   sfc_debug:sfcdebug.obj
 0001:0001cd90       eml_debug_line_call        000000018001dd90 f   sfc_debug:sfcdebug.obj
 0001:0001cf60       sf_debug_terminate         000000018001df60 f   sfc_debug:sfcdebug.obj
 0001:0001d170       sf_debug_set_script_cv_ids 000000018001e170 f   sfc_debug:sfcdebug.obj
 0001:0001d2a0       sf_debug_api               000000018001e2a0 f   sfc_debug:sfc_api.obj
 0001:0001eb90       sf_debug_sm_terminate      000000018001fb90 f   sfc_debug:sfdb_animation.obj
 0001:0001ed40       sf_debug_reset_path_objects 000000018001fd40 f   sfc_debug:sfdb_animation.obj
 0001:0001edc0       sf_debug_sm_reset_object_selection_status 000000018001fdc0 f   sfc_debug:sfdb_animation.obj
 0001:0001ee60       sf_debug_sm_reset_state_buffer 000000018001fe60 f   sfc_debug:sfdb_animation.obj
 0001:0001ef30       sf_debug_sm_store_state_buffer 000000018001ff30 f   sfc_debug:sfdb_animation.obj
 0001:0001efb0       sf_debug_sm_restore_state_buffer1 000000018001ffb0 f   sfc_debug:sfdb_animation.obj
 0001:0001f020       sf_debug_sm_restore_state_buffer2 0000000180020020 f   sfc_debug:sfdb_animation.obj
 0001:0001f090       sf_debug_sm_chart_active   0000000180020090 f   sfc_debug:sfdb_animation.obj
 0001:0001f0e0       sf_debug_sm_select_active_objects 00000001800200e0 f   sfc_debug:sfdb_animation.obj
 0001:0001f5b0       sf_debug_sm_is_chart_active 00000001800205b0 f   sfc_debug:sfdb_animation.obj
 0001:0001f5f0       sf_debug_sm_is_state_active 00000001800205f0 f   sfc_debug:sfdb_animation.obj
 0001:0001f830       sf_debug_sm_get_active_states 0000000180020830 f   sfc_debug:sfdb_animation.obj
 0001:0001fde0       sf_debug_sm_initialize_instance 0000000180020de0 f   sfc_debug:sfdb_animation.obj
 0001:0001fff0       sf_debug_sm_change_object_selection_status 0000000180020ff0 f   sfc_debug:sfdb_animation.obj
 0001:000202c0       cv_create_interface        00000001800212c0 f   sfc_debug:cv_sfinterface.obj
 0001:000205d0       cv_init_trans              00000001800215d0 f   sfc_debug:cv_sfinterface.obj
 0001:00020620       cv_init_saturation         0000000180021620 f   sfc_debug:cv_sfinterface.obj
 0001:00020660       cv_init_testobjective      0000000180021660 f   sfc_debug:cv_sfinterface.obj
 0001:000206a0       cv_init_state              00000001800216a0 f   sfc_debug:cv_sfinterface.obj
 0001:00020710       cv_init_chart              0000000180021710 f   sfc_debug:cv_sfinterface.obj
 0001:00020760       cv_dec_update_call         0000000180021760 f   sfc_debug:cv_sfinterface.obj
 0001:000207a0       cv_cond_update_call        00000001800217a0 f   sfc_debug:cv_sfinterface.obj
 0001:000207e0       cv_saturation_update_call  00000001800217e0 f   sfc_debug:cv_sfinterface.obj
 0001:00020820       cv_saturation_update_accum 0000000180021820 f   sfc_debug:cv_sfinterface.obj
 0001:00020860       cv_testobjective_update_call 0000000180021860 f   sfc_debug:cv_sfinterface.obj
 0001:000208a0       cv_sigrange_update         00000001800218a0 f   sfc_debug:cv_sfinterface.obj
 0001:000208e0       cvsf_eml_eval              00000001800218e0 f   sfc_debug:cv_sfinterface.obj
 0001:000209c0       cvsf_eml_init_script       00000001800219c0 f   sfc_debug:cv_sfinterface.obj
 0001:00020a50       cvsf_eml_init_fcn          0000000180021a50 f   sfc_debug:cv_sfinterface.obj
 0001:00020ab0       cvsf_eml_init_testobjective 0000000180021ab0 f   sfc_debug:cv_sfinterface.obj
 0001:00020b10       cvsf_eml_init_saturation   0000000180021b10 f   sfc_debug:cv_sfinterface.obj
 0001:00020b60       cvsf_eml_init_if           0000000180021b60 f   sfc_debug:cv_sfinterface.obj
 0001:00020bc0       cvsf_eml_init_for          0000000180021bc0 f   sfc_debug:cv_sfinterface.obj
 0001:00020c10       cvsf_eml_init_while        0000000180021c10 f   sfc_debug:cv_sfinterface.obj
 0001:00020c60       cvsf_eml_init_mcdc         0000000180021c60 f   sfc_debug:cv_sfinterface.obj
 0001:00020cf0       cvsf_eml_init_switch       0000000180021cf0 f   sfc_debug:cv_sfinterface.obj
 0001:00020d60       cvsf_script_eval           0000000180021d60 f   sfc_debug:cv_sfinterface.obj
 0001:00020e40       cvsf_script_init_script    0000000180021e40 f   sfc_debug:cv_sfinterface.obj
 0001:00020ed0       cvsf_script_init_fcn       0000000180021ed0 f   sfc_debug:cv_sfinterface.obj
 0001:00020f30       cvsf_script_init_testobjective 0000000180021f30 f   sfc_debug:cv_sfinterface.obj
 0001:00020f90       cvsf_script_init_saturation 0000000180021f90 f   sfc_debug:cv_sfinterface.obj
 0001:00020fe0       cvsf_script_init_if        0000000180021fe0 f   sfc_debug:cv_sfinterface.obj
 0001:00021040       cvsf_script_init_for       0000000180022040 f   sfc_debug:cv_sfinterface.obj
 0001:00021090       cvsf_script_init_while     0000000180022090 f   sfc_debug:cv_sfinterface.obj
 0001:000210e0       cvsf_script_init_mcdc      00000001800220e0 f   sfc_debug:cv_sfinterface.obj
 0001:00021170       cvsf_script_init_switch    0000000180022170 f   sfc_debug:cv_sfinterface.obj
 0001:000211e0       cv_destroy_interface       00000001800221e0 f   sfc_debug:cv_sfinterface.obj
 0001:00021200       cv_create_instance_objects 0000000180022200 f   sfc_debug:cv_sfinterface.obj
 0001:00021670       cv_is_enabled              0000000180022670 f   sfc_debug:cv_sfinterface.obj
 0001:00021680       sf_debug_cv_initialize_script 0000000180022680 f   sfc_debug:cv_sfinterface.obj
 0001:00021810       sf_debug_cv_initialize_instance 0000000180022810 f   sfc_debug:cv_sfinterface.obj
 0001:00021ba0       sf_debug_cv_terminate_chart 0000000180022ba0 f   sfc_debug:cv_sfinterface.obj
 0001:00021cc0       cv_call_trans_test         0000000180022cc0 f   sfc_debug:cv_sfinterface.obj
 0001:00021cd0       cv_call_sub_cond_test      0000000180022cd0 f   sfc_debug:cv_sfinterface.obj
 0001:00021d10       sf_debug_st_initialize_machine 0000000180022d10 f   sfc_debug:sfdb_data_browse.obj
 0001:00021dc0       sf_debug_st_initialize_instance 0000000180022dc0 f   sfc_debug:sfdb_data_browse.obj
 0001:00021fd0       sf_debug_st_terminate      0000000180022fd0 f   sfc_debug:sfdb_data_browse.obj
 0001:00022370       sf_debug_st_set_data_value_ptr_in_machine 0000000180023370 f   sfc_debug:sfdb_data_browse.obj
 0001:00022400       sf_debug_st_set_data_value_ptr_in_instance 0000000180023400 f   sfc_debug:sfdb_data_browse.obj
 0001:000224e0       sf_debug_st_unset_data_value_ptr_in_machine 00000001800234e0 f   sfc_debug:sfdb_data_browse.obj
 0001:00022550       sf_debug_st_unset_data_value_ptr_in_instance 0000000180023550 f   sfc_debug:sfdb_data_browse.obj
 0001:00022810       sf_debug_mx_value          0000000180023810 f   sfc_debug:sfdb_data_browse.obj
 0001:00022870       sf_debug_mx_packed_vector  0000000180023870 f   sfc_debug:sfdb_data_browse.obj
 0001:00022950       sf_debug_mx_uint_vector    0000000180023950 f   sfc_debug:sfdb_data_browse.obj
 0001:00022a00       sf_debug_st_get_double_value_from_void_ptr_vector 0000000180023a00 f   sfc_debug:sfdb_data_browse.obj
 0001:000234e0       sf_debug_st_browse_data    00000001800244e0 f   sfc_debug:sfdb_data_browse.obj
 0001:00023d20       sf_debug_hm_initialize_instance 0000000180024d20 f   sfc_debug:sfdb_handle_management.obj
 0001:00024200       sf_debug_hm_get_object_id  0000000180025200 f   sfc_debug:sfdb_handle_management.obj
 0001:00024db0       sf_debug_hm_update_chart_visibility 0000000180025db0 f   sfc_debug:sfdb_handle_management.obj
 0001:00025fa0       sf_debug_object_is_eml_function 0000000180026fa0 f   sfc_debug:sfdb_handle_management.obj
 0001:00026010       sf_debug_hm_initialize_ids_in_machine 0000000180027010 f   sfc_debug:sfdb_handle_management.obj
 0001:00026180       sf_debug_hm_initialize_ids_in_chart 0000000180027180 f   sfc_debug:sfdb_handle_management.obj
 0001:00026280       sf_debug_hm_initialize_chart 0000000180027280 f   sfc_debug:sfdb_handle_management.obj
 0001:00026980       sf_debug_hm_terminate      0000000180027980 f   sfc_debug:sfdb_handle_management.obj
 0001:000269e0       sf_debug_hm_initialize_machine 00000001800279e0 f   sfc_debug:sfdb_handle_management.obj
 0001:00027100       sf_debug_ss_initialize     0000000180028100 f   sfc_debug:sfdb_symbol_scope.obj
 0001:00027120       sf_debug_ss_terminate      0000000180028120 f   sfc_debug:sfdb_symbol_scope.obj
 0001:000271b0       sf_debug_ss_push_symbol_scope 00000001800281b0 f   sfc_debug:sfdb_symbol_scope.obj
 0001:000272b0       sf_debug_ss_push_symbol_scope_eml 00000001800282b0 f   sfc_debug:sfdb_symbol_scope.obj
 0001:00027310       sf_debug_ss_pop_symbol_scope 0000000180028310 f   sfc_debug:sfdb_symbol_scope.obj
 0001:000273c0       sf_debug_ss_add_symbol     00000001800283c0 f   sfc_debug:sfdb_symbol_scope.obj
 0001:00027530       sf_debug_ss_add_symbol_eml 0000000180028530 f   sfc_debug:sfdb_symbol_scope.obj
 0001:00028430       sf_debug_ss_set_data_value 0000000180029430 f   sfc_debug:sfdb_symbol_scope.obj
 0001:00028880       getInstanceNumber          0000000180029880 f   sfc_debug:sfdb_symbol_scope.obj
 0001:00028950       sf_debug_ss_watch_data     0000000180029950 f   sfc_debug:sfdb_symbol_scope.obj
 0001:00028b40       sf_debug_ss_assign_data    0000000180029b40 f   sfc_debug:sfdb_symbol_scope.obj
 0001:00029550       get_data_entry_name        000000018002a550 f   sfc_debug:sfdb_symbol_scope.obj
 0001:000295a0       sf_debug_ss_whos           000000018002a5a0 f   sfc_debug:sfdb_symbol_scope.obj
 0001:00029bf0       sf_debug_cc_initialize_chart 000000018002abf0 f   sfc_debug:sfdb_coverage.obj
 0001:0002a5e0       sf_debug_cc_initialize_instance 000000018002b5e0 f   sfc_debug:sfdb_coverage.obj
 0001:0002b320       sf_debug_cc_terminate      000000018002c320 f   sfc_debug:sfdb_coverage.obj
 0001:0002b410       sf_debug_cc_set_transition_maps 000000018002c410 f   sfc_debug:sfdb_coverage.obj
 0001:0002b540       sf_debug_cc_set_state_maps 000000018002c540 f   sfc_debug:sfdb_coverage.obj
 0001:0002b620       sf_debug_cc_set_transition_weights 000000018002c620 f   sfc_debug:sfdb_coverage.obj
 0001:0002b8e0       sf_debug_cc_set_state_weights 000000018002c8e0 f   sfc_debug:sfdb_coverage.obj
 0001:0002bbb0       sf_debug_cc_mark_transition_guard 000000018002cbb0 f   sfc_debug:sfdb_coverage.obj
 0001:0002bc40       sf_debug_cc_mark_transition_trigger 000000018002cc40 f   sfc_debug:sfdb_coverage.obj
 0001:0002bcd0       sf_debug_cc_mark_transition_decision 000000018002ccd0 f   sfc_debug:sfdb_coverage.obj
 0001:0002bd40       sf_debug_cc_mark_transition_condition_action 000000018002cd40 f   sfc_debug:sfdb_coverage.obj
 0001:0002bd90       sf_debug_cc_mark_transition_transition_action 000000018002cd90 f   sfc_debug:sfdb_coverage.obj
 0001:0002bde0       sf_debug_cc_mark_state_entry 000000018002cde0 f   sfc_debug:sfdb_coverage.obj
 0001:0002be30       sf_debug_cc_mark_state_during 000000018002ce30 f   sfc_debug:sfdb_coverage.obj
 0001:0002be80       sf_debug_cc_mark_state_exit 000000018002ce80 f   sfc_debug:sfdb_coverage.obj
 0001:0002bed0       sf_debug_bm_clear_script_breakpoints 000000018002ced0 f   sfc_debug:sfdb_breakpoints.obj
 0001:0002bf00       sf_debug_bm_set_script_breakpoint 000000018002cf00 f   sfc_debug:sfdb_breakpoints.obj
 0001:0002bf80       sf_debug_bm_clear_single_script_breakpoint 000000018002cf80 f   sfc_debug:sfdb_breakpoints.obj
 0001:0002c000       sf_debug_bm_query_script_breakpoint 000000018002d000 f   sfc_debug:sfdb_breakpoints.obj
 0001:0002c050       sf_debug_bm_initialize_scripts 000000018002d050 f   sfc_debug:sfdb_breakpoints.obj
 0001:0002c6e0       sf_debug_bm_terminate      000000018002d6e0 f   sfc_debug:sfdb_breakpoints.obj
 0001:0002c9c0       sf_debug_bm_remove_all_breakpoints_in_machine 000000018002d9c0 f   sfc_debug:sfdb_breakpoints.obj
 0001:0002ca20       sf_debug_bm_remove_all_breakpoints_in_chart 000000018002da20 f   sfc_debug:sfdb_breakpoints.obj
 0001:0002cb70       sf_debug_bm_initialize_global_breakpoints 000000018002db70 f   sfc_debug:sfdb_breakpoints.obj
 0001:0002ccf0       sf_debug_bm_set_breakpoint 000000018002dcf0 f   sfc_debug:sfdb_breakpoints.obj
 0001:0002d2b0       sf_debug_bm_set_eml_breakpoint 000000018002e2b0 f   sfc_debug:sfdb_breakpoints.obj
 0001:0002d340       sf_debug_bm_initialize_machine_breakpoint_map 000000018002e340 f   sfc_debug:sfdb_breakpoints.obj
 0001:0002d760       sf_debug_bm_is_a_breakpoint 000000018002e760 f   sfc_debug:sfdb_breakpoints.obj
 0001:0002dc80       sf_debug_bm_get_all_breakpoints_in_machine 000000018002ec80 f   sfc_debug:sfdb_breakpoints.obj
 0001:0002df80       sf_debug_bm_get_all_breakpoints_in_chart 000000018002ef80 f   sfc_debug:sfdb_breakpoints.obj
 0001:0002eb10       sf_debug_bm_initialize_machine 000000018002fb10 f   sfc_debug:sfdb_breakpoints.obj
 0001:0002ebe0       sf_debug_bm_initialize_chart 000000018002fbe0 f   sfc_debug:sfdb_breakpoints.obj
 0001:0002efd0       sf_debug_sc_terminate      000000018002ffd0 f   sfc_debug:sfdb_state_consistency.obj
 0001:0002f2f0       sf_debug_sc_is_chart_consistent 00000001800302f0 f   sfc_debug:sfdb_state_consistency.obj
 0001:0002f5a0       sf_debug_sc_get_consistency_error_info 00000001800305a0 f   sfc_debug:sfdb_state_consistency.obj
 0001:0002f9b0       sf_debug_tm_terminate      00000001800309b0 f   sfc_debug:sfdb_call_stack.obj
 0001:0002fa60       sf_debug_tm_push_chart_instance 0000000180030a60 f   sfc_debug:sfdb_call_stack.obj
 0001:0002fba0       sf_debug_tm_pop_chart_instance 0000000180030ba0 f   sfc_debug:sfdb_call_stack.obj
 0001:0002fc00       sf_debug_tm_push_trace_node 0000000180030c00 f   sfc_debug:sfdb_call_stack.obj
 0001:0002fd80       sf_debug_tm_pop_trace_node 0000000180030d80 f   sfc_debug:sfdb_call_stack.obj
 0001:0002fe00       sf_debug_tm_get_current_global_trace_index 0000000180030e00 f   sfc_debug:sfdb_call_stack.obj
 0001:0002fe10       sf_debug_tm_get_current_local_trace_index 0000000180030e10 f   sfc_debug:sfdb_call_stack.obj
 0001:0002fe40       sf_debug_tm_set_cycle_detected_flag 0000000180030e40 f   sfc_debug:sfdb_call_stack.obj
 0001:0002fe80       sf_debug_tm_set_cycle_started_flag 0000000180030e80 f   sfc_debug:sfdb_call_stack.obj
 0001:0002fec0       sf_debug_tm_get_chart_number_from_stack 0000000180030ec0 f   sfc_debug:sfdb_call_stack.obj
 0001:000300c0       sf_debug_tm_browse_trace   00000001800310c0 f   sfc_debug:sfdb_call_stack.obj
 0001:000303d0       sf_debug_cd_initialize_instance 00000001800313d0 f   sfc_debug:sfdb_cycle_detection.obj
 0001:00030680       sf_debug_cd_mark_processed_transition_in_instance 0000000180031680 f   sfc_debug:sfdb_cycle_detection.obj
 0001:00030720       sf_debug_cd_checksum_push  0000000180031720 f   sfc_debug:sfdb_cycle_detection.obj
 0001:000309d0       sf_debug_cd_checksum_pop   00000001800319d0 f   sfc_debug:sfdb_cycle_detection.obj
 0001:00030a40       sf_debug_cd_turn_off_cycle_detection 0000000180031a40 f   sfc_debug:sfdb_cycle_detection.obj
 0001:00030a90       sf_debug_cd_terminate      0000000180031a90 f   sfc_debug:sfdb_cycle_detection.obj
 0001:00030cc0       md5_initialize_state       0000000180031cc0 f   sfc_debug:ckmd5.obj
 0001:00031750       md5_update_state           0000000180032750 f   sfc_debug:ckmd5.obj
 0001:00031770       md5_get_hash               0000000180032770 f   sfc_debug:ckmd5.obj
 0001:000317a0       md5_get_hash_for_a_single_string 00000001800327a0 f   sfc_debug:ckmd5.obj
 0001:00031800       mxGetString_730            0000000180032800 f   libmx:libmx.dll
 0001:00031806       mxIsChar                   0000000180032806 f   libmx:libmx.dll
 0001:0003180c       mxCreateString             000000018003280c f   libmx:libmx.dll
 0001:00031812       mxGetClassID               0000000180032812 f   libmx:libmx.dll
 0001:00031818       mxGetPr                    0000000180032818 f   libmx:libmx.dll
 0001:0003181e       mxCreateDoubleMatrix_730   000000018003281e f   libmx:libmx.dll
 0001:00031824       mxIsNumeric                0000000180032824 f   libmx:libmx.dll
 0001:0003182a       mxIsComplex                000000018003282a f   libmx:libmx.dll
 0001:00031830       mxGetN                     0000000180032830 f   libmx:libmx.dll
 0001:00031836       mxGetM                     0000000180032836 f   libmx:libmx.dll
 0001:0003183c       mxCalloc                   000000018003283c f   libmx:libmx.dll
 0001:00031842       mxGetScalar                0000000180032842 f   libmx:libmx.dll
 0001:00031848       mxDestroyArray             0000000180032848 f   libmx:libmx.dll
 0001:0003184e       mxGetString_700            000000018003284e f   libmx:libmx.dll
 0001:00031854       mxCreateDoubleScalar       0000000180032854 f   libmx:libmx.dll
 0001:0003185a       mxFree                     000000018003285a f   libmx:libmx.dll
 0001:00031860       mxArrayToString            0000000180032860 f   libmx:libmx.dll
 0001:00031866       mxGetNumberOfElements      0000000180032866 f   libmx:libmx.dll
 0001:0003186c       mxDuplicateArray           000000018003286c f   libmx:libmx.dll
 0001:00031872       mxGetField_700             0000000180032872 f   libmx:libmx.dll
 0001:00031878       mxSetFieldByNumber_700     0000000180032878 f   libmx:libmx.dll
 0001:0003187e       mxCreateStructArray_700    000000018003287e f   libmx:libmx.dll
 0001:00031884       mxGetData                  0000000180032884 f   libmx:libmx.dll
 0001:0003188a       mxCreateNumericArray_700   000000018003288a f   libmx:libmx.dll
 0001:00031890       mxIsLogical                0000000180032890 f   libmx:libmx.dll
 0001:00031896       mxCreateDoubleMatrix_700   0000000180032896 f   libmx:libmx.dll
 0001:0003189c       mxCreateCellMatrix_700     000000018003289c f   libmx:libmx.dll
 0001:000318a2       mxSetCell_700              00000001800328a2 f   libmx:libmx.dll
 0001:000318a8       mxGetCell_700              00000001800328a8 f   libmx:libmx.dll
 0001:000318ae       mxGetClassName             00000001800328ae f   libmx:libmx.dll
 0001:000318b4       mxSetField_700             00000001800328b4 f   libmx:libmx.dll
 0001:000318ba       mxAddField                 00000001800328ba f   libmx:libmx.dll
 0001:000318c0       mxIsStruct                 00000001800328c0 f   libmx:libmx.dll
 0001:000318c6       mxIsA                      00000001800328c6 f   libmx:libmx.dll
 0001:000318cc       mxIsClass                  00000001800328cc f   libmx:libmx.dll
 0001:000318d2       mxGetLogicals              00000001800328d2 f   libmx:libmx.dll
 0001:000318d8       mxIsSparse                 00000001800328d8 f   libmx:libmx.dll
 0001:000318de       mxGetFieldByNumber_700     00000001800328de f   libmx:libmx.dll
 0001:000318e4       mxGetFieldNameByNumber     00000001800328e4 f   libmx:libmx.dll
 0001:000318ea       mxGetNumberOfFields        00000001800328ea f   libmx:libmx.dll
 0001:000318f0       mxCreateStructMatrix_700   00000001800328f0 f   libmx:libmx.dll
 0001:000318f6       mxGetFieldNumber           00000001800328f6 f   libmx:libmx.dll
 0001:000318fc       mxIsNaN                    00000001800328fc f   libmx:libmx.dll
 0001:00031902       mxIsEmpty                  0000000180032902 f   libmx:libmx.dll
 0001:00031908       mxGetImagData              0000000180032908 f   libmx:libmx.dll
 0001:0003190e       mxArrayClassIDName         000000018003290e f   libmx:libmx.dll
 0001:00031914       mxCreateNumericMatrix_700  0000000180032914 f   libmx:libmx.dll
 0001:0003191a       mxCalcSingleSubscript_700  000000018003291a f   libmx:libmx.dll
 0001:00031920       mxGetDimensions_700        0000000180032920 f   libmx:libmx.dll
 0001:00031926       mxGetNumberOfDimensions_700 0000000180032926 f   libmx:libmx.dll
 0001:0003192c       mxGetElementSize           000000018003292c f   libmx:libmx.dll
 0001:00031932       mxCreateStringFromNChars_700 0000000180032932 f   libmx:libmx.dll
 0001:00031938       mxIsLogicalScalarTrue      0000000180032938 f   libmx:libmx.dll
 0001:0003193e       mxCreateLogicalScalar      000000018003293e f   libmx:libmx.dll
 0001:00031944       mexUnlock                  0000000180032944 f   libmex:libmex.dll
 0001:0003194a       mexIsLocked                000000018003294a f   libmex:libmex.dll
 0001:00031950       mexWarnMsgTxt              0000000180032950 f   libmex:libmex.dll
 0001:00031956       mexCallMATLAB              0000000180032956 f   libmex:libmex.dll
 0001:0003195c       mexErrMsgTxt               000000018003295c f   libmex:libmex.dll
 0001:00031962       mexMakeArrayPersistent     0000000180032962 f   libmex:libmex.dll
 0001:00031968       mexLock                    0000000180032968 f   libmex:libmex.dll
 0001:0003196e       mexMakeMemoryPersistent    000000018003296e f   libmex:libmex.dll
 0001:00031974       mexSetTrapFlag             0000000180032974 f   libmex:libmex.dll
 0001:0003197a       mexPutVariable             000000018003297a f   libmex:libmex.dll
 0001:00031980       mexGetVariable             0000000180032980 f   libmex:libmex.dll
 0001:00031986       mexFunctionName            0000000180032986 f   libmex:libmex.dll
 0001:0003198c       ssRegisterDataTypeFxpFSlopeFixExpBias 000000018003298c f   libfixedpoint:libfixedpoint.dll
 0001:00031992       ssRegisterDataTypeFxpScaledDouble 0000000180032992 f   libfixedpoint:libfixedpoint.dll
 0001:00031998       utCPUtime                  0000000180032998 f   libut:libut.dll
 0001:0003199e       utVSNprintf                000000018003299e f   libut:libut.dll
 0001:000319a4       utFree                     00000001800329a4 f   libut:libut.dll
 0001:000319aa       utMalloc                   00000001800329aa f   libut:libut.dll
 0001:000319b0       utCalloc                   00000001800329b0 f   libut:libut.dll
 0001:000319b6       utRealloc                  00000001800329b6 f   libut:libut.dll
 0001:000319bc       emlrtCreateRootTLS         00000001800329bc f   libemlrt:libemlrt.dll
 0001:000319c2       emlrtDestroyRootTLS        00000001800329c2 f   libemlrt:libemlrt.dll
 0001:000319c8       emlrtCheckBuiltInR2012b    00000001800329c8 f   libemlrt:libemlrt.dll
 0001:000319ce       emlrtCheckVsBuiltInR2012b  00000001800329ce f   libemlrt:libemlrt.dll
 0001:000319d4       emlrtCheckEnumR2012b       00000001800329d4 f   libemlrt:libemlrt.dll
 0001:000319da       emlrtCreateEnumR2012b      00000001800329da f   libemlrt:libemlrt.dll
 0001:000319e0       emlrtGetEnumElementR2009a  00000001800329e0 f   libemlrt:libemlrt.dll
 0001:000319e6       emlrtCreateReference       00000001800329e6 f   libemlrt:libemlrt.dll
 0001:000319ec       emlrtImportVsFiArrayR2009b 00000001800329ec f   libemlrt:libemlrt.dll
 0001:000319f2       emlrtNameCapturePostProcessR2012a 00000001800329f2 f   libemlrt:libemlrt.dll
 0001:000319f8       emlrtExtractMessageId      00000001800329f8 f   libemlrt:libemlrt.dll
 0001:000319fe       emlrtTranslateMessageIDtoLCPstring 00000001800329fe f   libemlrt:libemlrt.dll
 0001:00031a04       emlrtForLoopVectorIsValidR2011b 0000000180032a04 f   libemlrt:libemlrt.dll
 0001:00031a0a       emlrtTranslateUTF16MessagetoLCPstring 0000000180032a0a f   libemlrt:libemlrt.dll
 0001:00031a10       emlrtGetEnumUnderlyingArrayR2009a 0000000180032a10 f   libemlrt:libemlrt.dll
 0001:00031a16       emlrtIsEnumR2009a          0000000180032a16 f   libemlrt:libemlrt.dll
 0001:00031a20       SyncGenLib_initializer     0000000180032a20 f   SyncGenLib_sfun:SyncGenLib_sfun.obj
 0001:00031a30       SyncGenLib_terminator      0000000180032a30 f   SyncGenLib_sfun:SyncGenLib_sfun.obj
 0001:00031a40       sf_SyncGenLib_method_dispatcher 0000000180032a40 f   SyncGenLib_sfun:SyncGenLib_sfun.obj
 0001:00031ab0       sf_SyncGenLib_process_check_sum_call 0000000180032ab0 f   SyncGenLib_sfun:SyncGenLib_sfun.obj
 0001:00031d90       sf_SyncGenLib_autoinheritance_info 0000000180032d90 f   SyncGenLib_sfun:SyncGenLib_sfun.obj
 0001:00031f50       sf_SyncGenLib_get_eml_resolved_functions_info 0000000180032f50 f   SyncGenLib_sfun:SyncGenLib_sfun.obj
 0001:000320c0       sf_SyncGenLib_third_party_uses_info 00000001800330c0 f   SyncGenLib_sfun:SyncGenLib_sfun.obj
 0001:00032240       SyncGenLib_debug_initialize 0000000180033240 f   SyncGenLib_sfun:SyncGenLib_sfun.obj
 0001:000322d0       SyncGenLib_register_exported_symbols 00000001800332d0 f   SyncGenLib_sfun:SyncGenLib_sfun.obj
 0001:000322e0       load_SyncGenLib_optimization_info 00000001800332e0 f   SyncGenLib_sfun:SyncGenLib_sfun.obj
 0001:00032330       unload_SyncGenLib_optimization_info 0000000180033330 f   SyncGenLib_sfun:SyncGenLib_sfun.obj
 0001:00032360       sf_c4_SyncGenLib_get_eml_resolved_functions_info 0000000180033360 f   SyncGenLib_sfun:c4_SyncGenLib.obj
 0001:00032b10       sf_c4_SyncGenLib_get_check_sum 0000000180033b10 f   SyncGenLib_sfun:c4_SyncGenLib.obj
 0001:00032b90       sf_c4_SyncGenLib_get_autoinheritance_info 0000000180033b90 f   SyncGenLib_sfun:c4_SyncGenLib.obj
 0001:00033250       sf_c4_SyncGenLib_third_party_uses_info 0000000180034250 f   SyncGenLib_sfun:c4_SyncGenLib.obj
 0001:00033280       sf_internal_get_sim_state_c4_SyncGenLib 0000000180034280 f   SyncGenLib_sfun:c4_SyncGenLib.obj
 0001:00033750       sf_internal_set_sim_state_c4_SyncGenLib 0000000180034750 f   SyncGenLib_sfun:c4_SyncGenLib.obj
 0001:00033be0       c4_SyncGenLib_method_dispatcher 0000000180034be0 f   SyncGenLib_sfun:c4_SyncGenLib.obj
 0001:00035bb0       sf_c3_SyncGenLib_get_eml_resolved_functions_info 0000000180036bb0 f   SyncGenLib_sfun:c3_SyncGenLib.obj
 0001:00036450       sf_c3_SyncGenLib_get_check_sum 0000000180037450 f   SyncGenLib_sfun:c3_SyncGenLib.obj
 0001:000364d0       sf_c3_SyncGenLib_get_autoinheritance_info 00000001800374d0 f   SyncGenLib_sfun:c3_SyncGenLib.obj
 0001:00036b90       sf_c3_SyncGenLib_third_party_uses_info 0000000180037b90 f   SyncGenLib_sfun:c3_SyncGenLib.obj
 0001:00036bc0       sf_internal_get_sim_state_c3_SyncGenLib 0000000180037bc0 f   SyncGenLib_sfun:c3_SyncGenLib.obj
 0001:000370a0       sf_internal_set_sim_state_c3_SyncGenLib 00000001800380a0 f   SyncGenLib_sfun:c3_SyncGenLib.obj
 0001:00037530       c3_SyncGenLib_method_dispatcher 0000000180038530 f   SyncGenLib_sfun:c3_SyncGenLib.obj
 0001:00039500       ControledSyncGenLib_initializer 000000018003a500 f   ControledSyncGenLib_sfun:ControledSyncGenLib_sfun.obj
 0001:00039510       ControledSyncGenLib_terminator 000000018003a510 f   ControledSyncGenLib_sfun:ControledSyncGenLib_sfun.obj
 0001:00039520       sf_ControledSyncGenLib_method_dispatcher 000000018003a520 f   ControledSyncGenLib_sfun:ControledSyncGenLib_sfun.obj
 0001:00039570       sf_ControledSyncGenLib_process_check_sum_call 000000018003a570 f   ControledSyncGenLib_sfun:ControledSyncGenLib_sfun.obj
 0001:00039840       sf_ControledSyncGenLib_autoinheritance_info 000000018003a840 f   ControledSyncGenLib_sfun:ControledSyncGenLib_sfun.obj
 0001:000399b0       sf_ControledSyncGenLib_get_eml_resolved_functions_info 000000018003a9b0 f   ControledSyncGenLib_sfun:ControledSyncGenLib_sfun.obj
 0001:00039ae0       sf_ControledSyncGenLib_third_party_uses_info 000000018003aae0 f   ControledSyncGenLib_sfun:ControledSyncGenLib_sfun.obj
 0001:00039c30       ControledSyncGenLib_debug_initialize 000000018003ac30 f   ControledSyncGenLib_sfun:ControledSyncGenLib_sfun.obj
 0001:00039cc0       ControledSyncGenLib_register_exported_symbols 000000018003acc0 f   ControledSyncGenLib_sfun:ControledSyncGenLib_sfun.obj
 0001:00039cd0       load_ControledSyncGenLib_optimization_info 000000018003acd0 f   ControledSyncGenLib_sfun:ControledSyncGenLib_sfun.obj
 0001:00039d20       unload_ControledSyncGenLib_optimization_info 000000018003ad20 f   ControledSyncGenLib_sfun:ControledSyncGenLib_sfun.obj
 0001:00039d50       sf_c2_ControledSyncGenLib_get_eml_resolved_functions_info 000000018003ad50 f   ControledSyncGenLib_sfun:c2_ControledSyncGenLib.obj
 0001:0003aa50       sf_c2_ControledSyncGenLib_get_check_sum 000000018003ba50 f   ControledSyncGenLib_sfun:c2_ControledSyncGenLib.obj
 0001:0003aad0       sf_c2_ControledSyncGenLib_get_autoinheritance_info 000000018003bad0 f   ControledSyncGenLib_sfun:c2_ControledSyncGenLib.obj
 0001:0003b180       sf_c2_ControledSyncGenLib_third_party_uses_info 000000018003c180 f   ControledSyncGenLib_sfun:c2_ControledSyncGenLib.obj
 0001:0003b1b0       sf_internal_get_sim_state_c2_ControledSyncGenLib 000000018003c1b0 f   ControledSyncGenLib_sfun:c2_ControledSyncGenLib.obj
 0001:0003b500       sf_internal_set_sim_state_c2_ControledSyncGenLib 000000018003c500 f   ControledSyncGenLib_sfun:c2_ControledSyncGenLib.obj
 0001:0003b900       c2_ControledSyncGenLib_method_dispatcher 000000018003c900 f   ControledSyncGenLib_sfun:c2_ControledSyncGenLib.obj
 0001:0003dafc       __GSHandlerCheckCommon     000000018003eafc f   MSVCRT:gshandler.obj
 0001:0003db60       __GSHandlerCheck           000000018003eb60 f   MSVCRT:gshandler.obj
 0001:0003db7e       strcmp                     000000018003eb7e f   MSVCRT:MSVCR100.dll
 0001:0003dba0       __security_check_cookie    000000018003eba0 f   MSVCRT:amdsecgs.obj
 0001:0003dbc0       free                       000000018003ebc0 f   MSVCRT:MSVCR100.dll
 0001:0003dbc6       sprintf                    000000018003ebc6 f   MSVCRT:MSVCR100.dll
 0001:0003dbcc       malloc                     000000018003ebcc f   MSVCRT:MSVCR100.dll
 0001:0003dbd2       strlen                     000000018003ebd2 f   MSVCRT:MSVCR100.dll
 0001:0003dbd8       strcat                     000000018003ebd8 f   MSVCRT:MSVCR100.dll
 0001:0003dbde       memcpy                     000000018003ebde f   MSVCRT:MSVCR100.dll
 0001:0003dbe4       NtCurrentTeb               000000018003ebe4 f i MSVCRT:crtdll.obj
 0001:0003dc50       _CRT_INIT                  000000018003ec50 f   MSVCRT:crtdll.obj
 0001:0003dfe8       _DllMainCRTStartup         000000018003efe8 f   MSVCRT:crtdll.obj
 0001:0003e026       _setjmp                    000000018003f026 f   MSVCRT:MSVCR100.dll
 0001:0003e02c       strncpy                    000000018003f02c f   MSVCRT:MSVCR100.dll
 0001:0003e050       _alloca_probe              000000018003f050     MSVCRT:chkstk.obj
 0001:0003e050       __chkstk                   000000018003f050 f   MSVCRT:chkstk.obj
 0001:0003e09e       longjmp                    000000018003f09e f   MSVCRT:MSVCR100.dll
 0001:0003e0a4       strncmp                    000000018003f0a4 f   MSVCRT:MSVCR100.dll
 0001:0003e0aa       ceil                       000000018003f0aa f   MSVCRT:MSVCR100.dll
 0001:0003e0b0       strrchr                    000000018003f0b0 f   MSVCRT:MSVCR100.dll
 0001:0003e0b6       memset                     000000018003f0b6 f   MSVCRT:MSVCR100.dll
 0001:0003e0bc       ldexp                      000000018003f0bc f   MSVCRT:MSVCR100.dll
 0001:0003e0c4       __report_gsfailure         000000018003f0c4 f   MSVCRT:gs_report.obj
 0001:0003e210       __clean_type_info_names    000000018003f210 f   MSVCRT:tncleanup.obj
 0001:0003e21c       _onexit                    000000018003f21c f   MSVCRT:atonexit.obj
 0001:0003e2cc       atexit                     000000018003f2cc f   MSVCRT:atonexit.obj
 0001:0003e2e4       _RTC_Initialize            000000018003f2e4 f   MSVCRT:_initsect_.obj
 0001:0003e31c       _RTC_Terminate             000000018003f31c f   MSVCRT:_initsect_.obj
 0001:0003e354       _malloc_crt                000000018003f354 f   MSVCRT:MSVCR100.dll
 0001:0003e360       _ValidateImageBase         000000018003f360 f   MSVCRT:pesect.obj
 0001:0003e390       _FindPESection             000000018003f390 f   MSVCRT:pesect.obj
 0001:0003e3e0       _IsNonwritableInCurrentImage 000000018003f3e0 f   MSVCRT:pesect.obj
 0001:0003e422       _initterm                  000000018003f422 f   MSVCRT:MSVCR100.dll
 0001:0003e428       _initterm_e                000000018003f428 f   MSVCRT:MSVCR100.dll
 0001:0003e42e       _encoded_null              000000018003f42e f   MSVCRT:MSVCR100.dll
 0001:0003e434       _amsg_exit                 000000018003f434 f   MSVCRT:MSVCR100.dll
 0001:0003e43a       __C_specific_handler       000000018003f43a f   MSVCRT:MSVCR100.dll
 0001:0003e440       __CppXcptFilter            000000018003f440 f   MSVCRT:MSVCR100.dll
 0001:0003e448       DllMain                    000000018003f448 f   MSVCRT:dllmain.obj
 0001:0003e46c       __security_init_cookie     000000018003f46c f   MSVCRT:gs_support.obj
 0001:0003e520       __crt_debugger_hook        000000018003f520 f   MSVCRT:MSVCR100.dll
 0001:0003e526       __clean_type_info_names_internal 000000018003f526 f   MSVCRT:MSVCR100.dll
 0001:0003e52c       _unlock                    000000018003f52c f   MSVCRT:MSVCR100.dll
 0001:0003e532       __dllonexit                000000018003f532 f   MSVCRT:MSVCR100.dll
 0001:0003e538       _lock                      000000018003f538 f   MSVCRT:MSVCR100.dll
 0001:0003e53e       EncodePointer              000000018003f53e f   kernel32:KERNEL32.dll
 0001:0003e544       DecodePointer              000000018003f544 f   kernel32:KERNEL32.dll
 0001:0003e54a       Sleep                      000000018003f54a f   kernel32:KERNEL32.dll
 0001:0003e550       TerminateProcess           000000018003f550 f   kernel32:KERNEL32.dll
 0001:0003e556       GetCurrentProcess          000000018003f556 f   kernel32:KERNEL32.dll
 0001:0003e55c       UnhandledExceptionFilter   000000018003f55c f   kernel32:KERNEL32.dll
 0001:0003e562       SetUnhandledExceptionFilter 000000018003f562 f   kernel32:KERNEL32.dll
 0001:0003e568       IsDebuggerPresent          000000018003f568 f   kernel32:KERNEL32.dll
 0001:0003e56e       RtlVirtualUnwind           000000018003f56e f   kernel32:KERNEL32.dll
 0001:0003e574       RtlLookupFunctionEntry     000000018003f574 f   kernel32:KERNEL32.dll
 0001:0003e57a       RtlCaptureContext          000000018003f57a f   kernel32:KERNEL32.dll
 0001:0003e580       DisableThreadLibraryCalls  000000018003f580 f   kernel32:KERNEL32.dll
 0001:0003e586       QueryPerformanceCounter    000000018003f586 f   kernel32:KERNEL32.dll
 0001:0003e58c       GetTickCount               000000018003f58c f   kernel32:KERNEL32.dll
 0001:0003e592       GetCurrentThreadId         000000018003f592 f   kernel32:KERNEL32.dll
 0001:0003e598       GetCurrentProcessId        000000018003f598 f   kernel32:KERNEL32.dll
 0001:0003e59e       GetSystemTimeAsFileTime    000000018003f59e f   kernel32:KERNEL32.dll
 0001:0003e5a4       mxSetField_730             000000018003f5a4 f   libmx:libmx.dll
 0001:0003e5aa       mxCreateStructMatrix_730   000000018003f5aa f   libmx:libmx.dll
 0001:0003e5b0       mxCreateCellMatrix_730     000000018003f5b0 f   libmx:libmx.dll
 0001:0003e5b6       muDoubleScalarCos          000000018003f5b6 f   libmwmathutil:libmwmathutil.dll
 0001:0003e5bc       muDoubleScalarSin          000000018003f5bc f   libmwmathutil:libmwmathutil.dll
 0001:0003e5c2       muDoubleScalarSqrt         000000018003f5c2 f   libmwmathutil:libmwmathutil.dll
 0002:00000000       __imp_GetSystemTimeAsFileTime 0000000180040000     kernel32:KERNEL32.dll
 0002:00000008       __imp_GetCurrentProcessId  0000000180040008     kernel32:KERNEL32.dll
 0002:00000010       __imp_GetCurrentThreadId   0000000180040010     kernel32:KERNEL32.dll
 0002:00000018       __imp_GetTickCount         0000000180040018     kernel32:KERNEL32.dll
 0002:00000020       __imp_QueryPerformanceCounter 0000000180040020     kernel32:KERNEL32.dll
 0002:00000028       __imp_DisableThreadLibraryCalls 0000000180040028     kernel32:KERNEL32.dll
 0002:00000030       __imp_RtlCaptureContext    0000000180040030     kernel32:KERNEL32.dll
 0002:00000038       __imp_RtlLookupFunctionEntry 0000000180040038     kernel32:KERNEL32.dll
 0002:00000040       __imp_RtlVirtualUnwind     0000000180040040     kernel32:KERNEL32.dll
 0002:00000048       __imp_IsDebuggerPresent    0000000180040048     kernel32:KERNEL32.dll
 0002:00000050       __imp_SetUnhandledExceptionFilter 0000000180040050     kernel32:KERNEL32.dll
 0002:00000058       __imp_UnhandledExceptionFilter 0000000180040058     kernel32:KERNEL32.dll
 0002:00000060       __imp_GetCurrentProcess    0000000180040060     kernel32:KERNEL32.dll
 0002:00000068       __imp_TerminateProcess     0000000180040068     kernel32:KERNEL32.dll
 0002:00000070       __imp_Sleep                0000000180040070     kernel32:KERNEL32.dll
 0002:00000078       __imp_DecodePointer        0000000180040078     kernel32:KERNEL32.dll
[...]
 0001:0001e790       sfc_api_get_current_chart_id 000000018001f790 f   sfc_debug:sfc_api.obj
 0001:0001e7c0       sfc_api_get_current_object_type 000000018001f7c0 f   sfc_debug:sfc_api.obj
 0001:0001e7f0       sfc_api_get_current_event_type 000000018001f7f0 f   sfc_debug:sfc_api.obj
 0001:0001e820       sfc_api_get_current_object_id 000000018001f820 f   sfc_debug:sfc_api.obj
 0001:0001e850       sfc_get_current_active_event_type 000000018001f850 f   sfc_debug:sfc_api.obj
 0001:0001e880       sfc_api_get_current_active_event_id 000000018001f880 f   sfc_debug:sfc_api.obj
 0001:0001e8b0       sfc_api_get_current_simulation_time 000000018001f8b0 f   sfc_debug:sfc_api.obj
 0001:0001e8d0       sfc_get_current_tag_type   000000018001f8d0 f   sfc_debug:sfc_api.obj
 0001:0001e900       sfc_get_current_coverage_percentage 000000018001f900 f   sfc_debug:sfc_api.obj
 0001:0001e920       sfc_get_current_statement_context 000000018001f920 f   sfc_debug:sfc_api.obj
 0001:0001e940       sfc_get_current_optional_integer 000000018001f940 f   sfc_debug:sfc_api.obj
 0001:0001e970       sfc_get_current_statement_info 000000018001f970 f   sfc_debug:sfc_api.obj
 0001:0001ea10       sfc_api_get                000000018001fa10 f   sfc_debug:sfc_api.obj
 0001:0001f670       sf_debug_sm_fill_state_activity_data 0000000180020670 f   sfc_debug:sfdb_animation.obj
 0001:00021eb0       void_ptr_stack_vector_free_total 0000000180022eb0 f   sfc_debug:sfdb_data_browse.obj
 0001:00021f30       sf_debug_st_terminate_machine 0000000180022f30 f   sfc_debug:sfdb_data_browse.obj
 0001:00021f70       sf_debug_st_terminate_instance 0000000180022f70 f   sfc_debug:sfdb_data_browse.obj
 0001:00022320       push_on_to_void_ptr_stack  0000000180023320 f   sfc_debug:sfdb_data_browse.obj
 0001:000224b0       pop_from_void_ptr_stack    00000001800234b0 f   sfc_debug:sfdb_data_browse.obj
 0001:000225e0       sf_debug_st_get_data_value 00000001800235e0 f   sfc_debug:sfdb_data_browse.obj
 0001:00022b10       mx_value                   0000000180023b10 f   sfc_debug:sfdb_data_browse.obj
 0001:00022b50       sf_debug_st_fill_data_struct 0000000180023b50 f   sfc_debug:sfdb_data_browse.obj
 0001:00022e90       data_type_format_strings   0000000180023e90 f   sfc_debug:sfdb_data_browse.obj
 0001:00022f40       sf_debug_st_fill_data      0000000180023f40 f   sfc_debug:sfdb_data_browse.obj
 0001:00023c30       sf_debug_hm_get_simulink_handle 0000000180024c30 f   sfc_debug:sfdb_handle_management.obj
 0001:000246e0       sf_debug_hm_initialize_globals 00000001800256e0 f   sfc_debug:sfdb_handle_management.obj
 0001:000247e0       sf_debug_hm_get_machine_debug_flag 00000001800257e0 f   sfc_debug:sfdb_handle_management.obj
 0001:00024950       sf_debug_hm_get_machine_id 0000000180025950 f   sfc_debug:sfdb_handle_management.obj
 0001:00024a70       sf_debug_hm_get_chart_id   0000000180025a70 f   sfc_debug:sfdb_handle_management.obj
 0001:00024c10       sf_debug_hm_register_executing_SFunction 0000000180025c10 f   sfc_debug:sfdb_handle_management.obj
 0001:00024fa0       sf_debug_hm_form_object_boolean_properties 0000000180025fa0 f   sfc_debug:sfdb_handle_management.obj
 0001:00025270       sf_debug_hm_form_object_properties 0000000180026270 f   sfc_debug:sfdb_handle_management.obj
 0001:000254b0       sf_debug_hm_terminate_charts 00000001800264b0 f   sfc_debug:sfdb_handle_management.obj
 0001:00025b90       sf_debug_hm_terminate_machines 0000000180026b90 f   sfc_debug:sfdb_handle_management.obj
 0001:00027600       sf_debug_ss_copy_dimension 0000000180028600 f   sfc_debug:sfdb_symbol_scope.obj
 0001:000276c0       sf_debug_ss_get_number_elements 00000001800286c0 f   sfc_debug:sfdb_symbol_scope.obj
 0001:000276e0       sf_debug_ss_fill_data_struct 00000001800286e0 f   sfc_debug:sfdb_symbol_scope.obj
 0001:00027a30       sf_debug_ss_reset_data_info 0000000180028a30 f   sfc_debug:sfdb_symbol_scope.obj
 0001:00027a90       sf_debug_fill_data_info_by_symbol_scope_entry 0000000180028a90 f   sfc_debug:sfdb_symbol_scope.obj
 0001:00027b50       sf_debug_fill_data_info_by_data_vector 0000000180028b50 f   sfc_debug:sfdb_symbol_scope.obj
 0001:00027da0       get_data_info_helper       0000000180028da0 f   sfc_debug:sfdb_symbol_scope.obj
 0001:00028090       sf_debug_ss_get_data_info  0000000180029090 f   sfc_debug:sfdb_symbol_scope.obj
 0001:000282b0       sf_debug_select_mex_function 00000001800292b0 f   sfc_debug:sfdb_symbol_scope.obj
 0001:000282e0       sf_debug_is_dyn_matrix_initialized 00000001800292e0 f   sfc_debug:sfdb_symbol_scope.obj
 0001:00028300       sf_debug_ss_set_data_value_try 0000000180029300 f   sfc_debug:sfdb_symbol_scope.obj
 0001:000284f0       sf_debug_ss_get_data_value 00000001800294f0 f   sfc_debug:sfdb_symbol_scope.obj
 0001:00028c50       sf_debug_ss_data_bytes_string 0000000180029c50 f   sfc_debug:sfdb_symbol_scope.obj
 0001:00028ce0       sf_debug_ss_data_class_string 0000000180029ce0 f   sfc_debug:sfdb_symbol_scope.obj
 0001:00029060       sf_debug_ss_data_size_string 000000018002a060 f   sfc_debug:sfdb_symbol_scope.obj
 0001:00029140       sf_debug_ss_data_create_data_info_struct 000000018002a140 f   sfc_debug:sfdb_symbol_scope.obj
 0001:000293f0       sf_debug_ss_data_create_name_value_pair 000000018002a3f0 f   sfc_debug:sfdb_symbol_scope.obj
 0001:00029490       sf_debug_ss_data_get_whos_info 000000018002a490 f   sfc_debug:sfdb_symbol_scope.obj
 0001:000294a0       same_named_data_in_data_array 000000018002a4a0 f   sfc_debug:sfdb_symbol_scope.obj
 0001:0002ac30       sf_debug_cc_terminate_chart 000000018002bc30 f   sfc_debug:sfdb_coverage.obj
 0001:0002af40       sf_debug_cc_terminate_instance 000000018002bf40 f   sfc_debug:sfdb_coverage.obj
 0001:0002bb10       sf_debug_cc_mark_object_if_needed 000000018002cb10 f   sfc_debug:sfdb_coverage.obj
 0001:0002c390       sf_debug_bm_initialize_eml 000000018002d390 f   sfc_debug:sfdb_breakpoints.obj
 0001:0002d450       sf_debug_bm_map_debug_tag_to_breakpoint_tag 000000018002e450 f   sfc_debug:sfdb_breakpoints.obj
 0001:0002d530       sf_debug_bm_is_a_eml_breakpoint_impl 000000018002e530 f   sfc_debug:sfdb_breakpoints.obj
 0001:0002ee60       sf_debug_sc_push_on_error_stack 000000018002fe60 f   sfc_debug:sfdb_state_consistency.obj
 0001:0002ef80       sf_debug_sc_reset_error_stack 000000018002ff80 f   sfc_debug:sfdb_state_consistency.obj
 0001:0002f110       sf_debug_sc_is_state_inconsistent 0000000180030110 f   sfc_debug:sfdb_state_consistency.obj
 0001:0002f400       sf_debug_sc_fill_consistency_info 0000000180030400 f   sfc_debug:sfdb_state_consistency.obj
 0001:0002f9a0       void_assertion_fcn         00000001800309a0 f   sfc_debug:sfdb_call_stack.obj
 0001:0002fef0       sf_debug_tm_fill_local_trace 0000000180030ef0 f   sfc_debug:sfdb_call_stack.obj
 0001:00030490       sf_debug_cd_terminate_instance 0000000180031490 f   sfc_debug:sfdb_cycle_detection.obj
 0001:000304f0       sf_debug_cd_free_checksum_stack 00000001800314f0 f   sfc_debug:sfdb_cycle_detection.obj
 0001:00030540       sf_debug_cd_reset_pack_strings 0000000180031540 f   sfc_debug:sfdb_cycle_detection.obj
 0001:00030be0       md5file_clear              0000000180031be0 f   sfc_debug:ckmd5.obj
 0001:00030c10       Encode                     0000000180031c10 f   sfc_debug:ckmd5.obj
 0001:00030c60       Decode                     0000000180031c60 f   sfc_debug:ckmd5.obj
 0001:00030d00       MD5Transform               0000000180031d00 f   sfc_debug:ckmd5.obj
 0001:00031560       md5file_addn               0000000180032560 f   sfc_debug:ckmd5.obj
 0001:00031630       md5file_hash               0000000180032630 f   sfc_debug:ckmd5.obj
 0001:00033370       get_sim_state_c4_SyncGenLib 0000000180034370 f   SyncGenLib_sfun:c4_SyncGenLib.obj
 0001:00033690       sf_get_sim_state_info_c4_SyncGenLib 0000000180034690 f   SyncGenLib_sfun:c4_SyncGenLib.obj
 0001:00033870       set_sim_state_c4_SyncGenLib 0000000180034870 f   SyncGenLib_sfun:c4_SyncGenLib.obj
 0001:000339e0       c4_update_debugger_state_c4_SyncGenLib 00000001800349e0 f   SyncGenLib_sfun:c4_SyncGenLib.obj
 0001:000339f0       c4_emlrt_marshallIn        00000001800349f0 f   SyncGenLib_sfun:c4_SyncGenLib.obj
 0001:00033a60       c4_b_emlrt_marshallIn      0000000180034a60 f   SyncGenLib_sfun:c4_SyncGenLib.obj
 0001:00033af0       c4_d_emlrt_marshallIn      0000000180034af0 f   SyncGenLib_sfun:c4_SyncGenLib.obj
 0001:00033b50       c4_e_emlrt_marshallIn      0000000180034b50 f   SyncGenLib_sfun:c4_SyncGenLib.obj
 0001:00033c50       mdlProcessParameters_c4_SyncGenLib 0000000180034c50 f   SyncGenLib_sfun:c4_SyncGenLib.obj
 0001:00033d10       initialize_params_c4_SyncGenLib 0000000180034d10 f   SyncGenLib_sfun:c4_SyncGenLib.obj
 0001:00033d20       mdlSetWorkWidths_c4_SyncGenLib 0000000180034d20 f   SyncGenLib_sfun:c4_SyncGenLib.obj
 0001:00034210       sf_get_instance_specialization 0000000180035210 f   SyncGenLib_sfun:c4_SyncGenLib.obj
 0001:00034220       mdlStart_c4_SyncGenLib     0000000180035220 f   SyncGenLib_sfun:c4_SyncGenLib.obj
 0001:00034420       init_dsm_address_info      0000000180035420 f   SyncGenLib_sfun:c4_SyncGenLib.obj
 0001:00034430       chart_debug_initialization 0000000180035430 f   SyncGenLib_sfun:c4_SyncGenLib.obj
 0001:00034f00       init_script_number_translation 0000000180035f00 f   SyncGenLib_sfun:c4_SyncGenLib.obj
 0001:00034f10       c4_sf_marshallOut          0000000180035f10 f   SyncGenLib_sfun:c4_SyncGenLib.obj
 0001:00034fc0       c4_sf_marshallIn           0000000180035fc0 f   SyncGenLib_sfun:c4_SyncGenLib.obj
 0001:00035060       sf_opaque_initialize_c4_SyncGenLib 0000000180036060 f   SyncGenLib_sfun:c4_SyncGenLib.obj
 0001:000350a0       initialize_c4_SyncGenLib   00000001800360a0 f   SyncGenLib_sfun:c4_SyncGenLib.obj
 0001:000350f0       sf_opaque_enable_c4_SyncGenLib 00000001800360f0 f   SyncGenLib_sfun:c4_SyncGenLib.obj
 0001:00035110       enable_c4_SyncGenLib       0000000180036110 f   SyncGenLib_sfun:c4_SyncGenLib.obj
 0001:00035140       sf_opaque_disable_c4_SyncGenLib 0000000180036140 f   SyncGenLib_sfun:c4_SyncGenLib.obj
 0001:00035160       disable_c4_SyncGenLib      0000000180036160 f   SyncGenLib_sfun:c4_SyncGenLib.obj
 0001:00035190       sf_opaque_gateway_c4_SyncGenLib 0000000180036190 f   SyncGenLib_sfun:c4_SyncGenLib.obj
 0001:000351b0       sf_c4_SyncGenLib           00000001800361b0 f   SyncGenLib_sfun:c4_SyncGenLib.obj
 0001:00035a60       sf_opaque_get_sim_state_c4_SyncGenLib 0000000180036a60 f   SyncGenLib_sfun:c4_SyncGenLib.obj
 0001:00035a80       sf_opaque_set_sim_state_c4_SyncGenLib 0000000180036a80 f   SyncGenLib_sfun:c4_SyncGenLib.obj
 0001:00035ab0       sf_opaque_terminate_c4_SyncGenLib 0000000180036ab0 f   SyncGenLib_sfun:c4_SyncGenLib.obj
 0001:00035b30       finalize_c4_SyncGenLib     0000000180036b30 f   SyncGenLib_sfun:c4_SyncGenLib.obj
 0001:00035b40       sf_opaque_init_subchart_simstructs 0000000180036b40 f   SyncGenLib_sfun:c4_SyncGenLib.obj
 0001:00035b60       initSimStructsc4_SyncGenLib 0000000180036b60 f   SyncGenLib_sfun:c4_SyncGenLib.obj
 0001:00035b70       mdlRTW_c4_SyncGenLib       0000000180036b70 f   SyncGenLib_sfun:c4_SyncGenLib.obj
 0001:00036cb0       get_sim_state_c3_SyncGenLib 0000000180037cb0 f   SyncGenLib_sfun:c3_SyncGenLib.obj
 0001:00036fe0       sf_get_sim_state_info_c3_SyncGenLib 0000000180037fe0 f   SyncGenLib_sfun:c3_SyncGenLib.obj
 0001:000371c0       set_sim_state_c3_SyncGenLib 00000001800381c0 f   SyncGenLib_sfun:c3_SyncGenLib.obj
 0001:00037330       c3_update_debugger_state_c3_SyncGenLib 0000000180038330 f   SyncGenLib_sfun:c3_SyncGenLib.obj
 0001:00037340       c3_emlrt_marshallIn        0000000180038340 f   SyncGenLib_sfun:c3_SyncGenLib.obj
 0001:000373b0       c3_b_emlrt_marshallIn      00000001800383b0 f   SyncGenLib_sfun:c3_SyncGenLib.obj
 0001:00037440       c3_d_emlrt_marshallIn      0000000180038440 f   SyncGenLib_sfun:c3_SyncGenLib.obj
 0001:000374a0       c3_e_emlrt_marshallIn      00000001800384a0 f   SyncGenLib_sfun:c3_SyncGenLib.obj
 0001:000375a0       mdlProcessParameters_c3_SyncGenLib 00000001800385a0 f   SyncGenLib_sfun:c3_SyncGenLib.obj
 0001:00037660       initialize_params_c3_SyncGenLib 0000000180038660 f   SyncGenLib_sfun:c3_SyncGenLib.obj
 0001:00037670       mdlSetWorkWidths_c3_SyncGenLib 0000000180038670 f   SyncGenLib_sfun:c3_SyncGenLib.obj
 0001:00037b60       sf_get_instance_specialization 0000000180038b60 f   SyncGenLib_sfun:c3_SyncGenLib.obj
 0001:00037b70       mdlStart_c3_SyncGenLib     0000000180038b70 f   SyncGenLib_sfun:c3_SyncGenLib.obj
 0001:00037d70       init_dsm_address_info      0000000180038d70 f   SyncGenLib_sfun:c3_SyncGenLib.obj
 0001:00037d80       chart_debug_initialization 0000000180038d80 f   SyncGenLib_sfun:c3_SyncGenLib.obj
 0001:00038850       init_script_number_translation 0000000180039850 f   SyncGenLib_sfun:c3_SyncGenLib.obj
 0001:00038860       c3_sf_marshallOut          0000000180039860 f   SyncGenLib_sfun:c3_SyncGenLib.obj
 0001:00038910       c3_sf_marshallIn           0000000180039910 f   SyncGenLib_sfun:c3_SyncGenLib.obj
 0001:000389b0       sf_opaque_initialize_c3_SyncGenLib 00000001800399b0 f   SyncGenLib_sfun:c3_SyncGenLib.obj
 0001:000389f0       initialize_c3_SyncGenLib   00000001800399f0 f   SyncGenLib_sfun:c3_SyncGenLib.obj
 0001:00038a40       sf_opaque_enable_c3_SyncGenLib 0000000180039a40 f   SyncGenLib_sfun:c3_SyncGenLib.obj
 0001:00038a60       enable_c3_SyncGenLib       0000000180039a60 f   SyncGenLib_sfun:c3_SyncGenLib.obj
 0001:00038a90       sf_opaque_disable_c3_SyncGenLib 0000000180039a90 f   SyncGenLib_sfun:c3_SyncGenLib.obj
 0001:00038ab0       disable_c3_SyncGenLib      0000000180039ab0 f   SyncGenLib_sfun:c3_SyncGenLib.obj
 0001:00038ae0       sf_opaque_gateway_c3_SyncGenLib 0000000180039ae0 f   SyncGenLib_sfun:c3_SyncGenLib.obj
 0001:00038b00       sf_c3_SyncGenLib           0000000180039b00 f   SyncGenLib_sfun:c3_SyncGenLib.obj
 0001:000393b0       sf_opaque_get_sim_state_c3_SyncGenLib 000000018003a3b0 f   SyncGenLib_sfun:c3_SyncGenLib.obj
 0001:000393d0       sf_opaque_set_sim_state_c3_SyncGenLib 000000018003a3d0 f   SyncGenLib_sfun:c3_SyncGenLib.obj
 0001:00039400       sf_opaque_terminate_c3_SyncGenLib 000000018003a400 f   SyncGenLib_sfun:c3_SyncGenLib.obj
 0001:00039480       finalize_c3_SyncGenLib     000000018003a480 f   SyncGenLib_sfun:c3_SyncGenLib.obj
 0001:00039490       sf_opaque_init_subchart_simstructs 000000018003a490 f   SyncGenLib_sfun:c3_SyncGenLib.obj
 0001:000394b0       initSimStructsc3_SyncGenLib 000000018003a4b0 f   SyncGenLib_sfun:c3_SyncGenLib.obj
 0001:000394c0       mdlRTW_c3_SyncGenLib       000000018003a4c0 f   SyncGenLib_sfun:c3_SyncGenLib.obj
 0001:0003a200       c2_info_helper             000000018003b200 f   ControledSyncGenLib_sfun:c2_ControledSyncGenLib.obj
 0001:0003b2a0       get_sim_state_c2_ControledSyncGenLib 000000018003c2a0 f   ControledSyncGenLib_sfun:c2_ControledSyncGenLib.obj
 0001:0003b440       sf_get_sim_state_info_c2_ControledSyncGenLib 000000018003c440 f   ControledSyncGenLib_sfun:c2_ControledSyncGenLib.obj
 0001:0003b620       set_sim_state_c2_ControledSyncGenLib 000000018003c620 f   ControledSyncGenLib_sfun:c2_ControledSyncGenLib.obj
 0001:0003b700       c2_update_debugger_state_c2_ControledSyncGenLib 000000018003c700 f   ControledSyncGenLib_sfun:c2_ControledSyncGenLib.obj
 0001:0003b710       c2_emlrt_marshallIn        000000018003c710 f   ControledSyncGenLib_sfun:c2_ControledSyncGenLib.obj
 0001:0003b780       c2_b_emlrt_marshallIn      000000018003c780 f   ControledSyncGenLib_sfun:c2_ControledSyncGenLib.obj
 0001:0003b810       c2_d_emlrt_marshallIn      000000018003c810 f   ControledSyncGenLib_sfun:c2_ControledSyncGenLib.obj
 0001:0003b870       c2_e_emlrt_marshallIn      000000018003c870 f   ControledSyncGenLib_sfun:c2_ControledSyncGenLib.obj
 0001:0003b970       mdlProcessParameters_c2_ControledSyncGenLib 000000018003c970 f   ControledSyncGenLib_sfun:c2_ControledSyncGenLib.obj
 0001:0003ba30       initialize_params_c2_ControledSyncGenLib 000000018003ca30 f   ControledSyncGenLib_sfun:c2_ControledSyncGenLib.obj
 0001:0003ba40       mdlSetWorkWidths_c2_ControledSyncGenLib 000000018003ca40 f   ControledSyncGenLib_sfun:c2_ControledSyncGenLib.obj
 0001:0003bf90       sf_get_instance_specialization 000000018003cf90 f   ControledSyncGenLib_sfun:c2_ControledSyncGenLib.obj
 0001:0003bfa0       mdlStart_c2_ControledSyncGenLib 000000018003cfa0 f   ControledSyncGenLib_sfun:c2_ControledSyncGenLib.obj
 0001:0003c1a0       init_dsm_address_info      000000018003d1a0 f   ControledSyncGenLib_sfun:c2_ControledSyncGenLib.obj
 0001:0003c1b0       chart_debug_initialization 000000018003d1b0 f   ControledSyncGenLib_sfun:c2_ControledSyncGenLib.obj
 0001:0003cc70       init_script_number_translation 000000018003dc70 f   ControledSyncGenLib_sfun:c2_ControledSyncGenLib.obj
 0001:0003cc80       c2_sf_marshallOut          000000018003dc80 f   ControledSyncGenLib_sfun:c2_ControledSyncGenLib.obj
 0001:0003cd30       c2_sf_marshallIn           000000018003dd30 f   ControledSyncGenLib_sfun:c2_ControledSyncGenLib.obj
 0001:0003cdd0       sf_opaque_initialize_c2_ControledSyncGenLib 000000018003ddd0 f   ControledSyncGenLib_sfun:c2_ControledSyncGenLib.obj
 0001:0003ce10       initialize_c2_ControledSyncGenLib 000000018003de10 f   ControledSyncGenLib_sfun:c2_ControledSyncGenLib.obj
 0001:0003ce60       sf_opaque_enable_c2_ControledSyncGenLib 000000018003de60 f   ControledSyncGenLib_sfun:c2_ControledSyncGenLib.obj
 0001:0003ce80       enable_c2_ControledSyncGenLib 000000018003de80 f   ControledSyncGenLib_sfun:c2_ControledSyncGenLib.obj
 0001:0003ceb0       sf_opaque_disable_c2_ControledSyncGenLib 000000018003deb0 f   ControledSyncGenLib_sfun:c2_ControledSyncGenLib.obj
 0001:0003ced0       disable_c2_ControledSyncGenLib 000000018003ded0 f   ControledSyncGenLib_sfun:c2_ControledSyncGenLib.obj
 0001:0003cf00       sf_opaque_gateway_c2_ControledSyncGenLib 000000018003df00 f   ControledSyncGenLib_sfun:c2_ControledSyncGenLib.obj
 0001:0003cf20       sf_c2_ControledSyncGenLib  000000018003df20 f   ControledSyncGenLib_sfun:c2_ControledSyncGenLib.obj
 0001:0003d720       c2_mpower                  000000018003e720 f   ControledSyncGenLib_sfun:c2_ControledSyncGenLib.obj
 0001:0003d7b0       c2_eml_scalar_eg           000000018003e7b0 f   ControledSyncGenLib_sfun:c2_ControledSyncGenLib.obj
 0001:0003d7c0       c2_eml_error               000000018003e7c0 f   ControledSyncGenLib_sfun:c2_ControledSyncGenLib.obj
 0001:0003d9b0       sf_opaque_get_sim_state_c2_ControledSyncGenLib 000000018003e9b0 f   ControledSyncGenLib_sfun:c2_ControledSyncGenLib.obj
 0001:0003d9d0       sf_opaque_set_sim_state_c2_ControledSyncGenLib 000000018003e9d0 f   ControledSyncGenLib_sfun:c2_ControledSyncGenLib.obj
 0001:0003da00       sf_opaque_terminate_c2_ControledSyncGenLib 000000018003ea00 f   ControledSyncGenLib_sfun:c2_ControledSyncGenLib.obj
 0001:0003da80       finalize_c2_ControledSyncGenLib 000000018003ea80 f   ControledSyncGenLib_sfun:c2_ControledSyncGenLib.obj
 0001:0003da90       sf_opaque_init_subchart_simstructs 000000018003ea90 f   ControledSyncGenLib_sfun:c2_ControledSyncGenLib.obj
 0001:0003dab0       initSimStructsc2_ControledSyncGenLib 000000018003eab0 f   ControledSyncGenLib_sfun:c2_ControledSyncGenLib.obj
 0001:0003dac0       mdlRTW_c2_ControledSyncGenLib 000000018003eac0 f   ControledSyncGenLib_sfun:c2_ControledSyncGenLib.obj
 0001:0003dbf0       pre_c_init                 000000018003ebf0 f   MSVCRT:crtdll.obj
 0001:0003deac       __DllMainCRTStartup        000000018003eeac f   MSVCRT:crtdll.obj
 0001:0003e5d0       __DllMainCRTStartup$filt$0 000000018003f5d0 f   MSVCRT:crtdll.obj
 0001:0003e600       __DllMainCRTStartup$fin$1  000000018003f600 f   MSVCRT:crtdll.obj
 0001:0003e61a       _onexit$fin$0              000000018003f61a f   MSVCRT:atonexit.obj
 0001:0003e640       _IsNonwritableInCurrentImage$filt$0 000000018003f640 f   MSVCRT:pesect.obj
