 SyncGen_with_Grid_controll_sfun

 Timestamp is 532a9d51 (Thu Mar 20 09:48:33 2014)

 Preferred load address is 0000000180000000

 Start         Length     Name                   Class
 0001:00000000 000427f0H .text                   CODE
 0001:000427f0 00000092H .text$x                 CODE
 0002:00000000 000004a8H .idata$5                DATA
 0002:000004a8 00000008H .CRT$XCA                DATA
 0002:000004b0 00000008H .CRT$XCZ                DATA
 0002:000004b8 00000008H .CRT$XIA                DATA
 0002:000004c0 00000008H .CRT$XIAA               DATA
 0002:000004c8 00000008H .CRT$XIZ                DATA
 0002:000004d0 00004bb4H .rdata                  DATA
 0002:00005088 00000008H .rtc$IAA                DATA
 0002:00005090 00000008H .rtc$IZZ                DATA
 0002:00005098 00000008H .rtc$TAA                DATA
 0002:000050a0 00000008H .rtc$TZZ                DATA
 0002:000050a8 0000452cH .xdata                  DATA
 0002:000095d4 000000a0H .idata$2                DATA
 0002:00009674 00000014H .idata$3                DATA
 0002:00009688 000004a8H .idata$4                DATA
 0002:00009b30 00000aeeH .idata$6                DATA
 0002:0000a620 00000065H .edata                  DATA
 0003:00000000 00004468H .data                   DATA
 0003:00004480 00002440H .bss                    DATA
 0004:00000000 0000360cH .pdata                  DATA

  Address         Publics by Value              Rva+Base               Lib:Object

 0000:00000000       ___safe_se_handler_count   0000000000000000     <absolute>
 0000:00000000       ___safe_se_handler_table   0000000000000000     <absolute>
 0000:00000000       __ImageBase                0000000180000000     <linker-defined>
 0001:00000000       sf_c2_SyncGen_with_Grid_controll_get_eml_resolved_functions_info 0000000180001000 f   c2_SyncGen_with_Grid_controll.obj
 0001:00000830       sf_c2_SyncGen_with_Grid_controll_get_check_sum 0000000180001830 f   c2_SyncGen_with_Grid_controll.obj
 0001:000008b0       sf_c2_SyncGen_with_Grid_controll_get_autoinheritance_info 00000001800018b0 f   c2_SyncGen_with_Grid_controll.obj
 0001:00001200       sf_c2_SyncGen_with_Grid_controll_third_party_uses_info 0000000180002200 f   c2_SyncGen_with_Grid_controll.obj
 0001:00001230       sf_internal_get_sim_state_c2_SyncGen_with_Grid_controll 0000000180002230 f   c2_SyncGen_with_Grid_controll.obj
 0001:00001710       sf_internal_set_sim_state_c2_SyncGen_with_Grid_controll 0000000180002710 f   c2_SyncGen_with_Grid_controll.obj
 0001:00001ba0       c2_SyncGen_with_Grid_controll_method_dispatcher 0000000180002ba0 f   c2_SyncGen_with_Grid_controll.obj
 0001:00004110       sf_process_check_sum_call  0000000180005110 f   SyncGen_with_Grid_controll_sfun_registry.obj
 0001:000041a0       sf_process_autoinheritance_call 00000001800051a0 f   SyncGen_with_Grid_controll_sfun_registry.obj
 0001:00004480       sf_process_get_third_party_uses_info_call 0000000180005480 f   SyncGen_with_Grid_controll_sfun_registry.obj
 0001:00004760       sf_process_get_eml_resolved_functions_info_call 0000000180005760 f   SyncGen_with_Grid_controll_sfun_registry.obj
 0001:000049d0       sf_mex_unlock_call         00000001800059d0 f   SyncGen_with_Grid_controll_sfun_registry.obj
 0001:00004a80       sf_machine_global_initializer_called 0000000180005a80 f   SyncGen_with_Grid_controll_sfun_registry.obj
 0001:00004ab0       sf_machine_global_method_dispatcher 0000000180005ab0 f   SyncGen_with_Grid_controll_sfun_registry.obj
 0001:00004b80       sf_machine_global_terminator 0000000180005b80 f   SyncGen_with_Grid_controll_sfun_registry.obj
 0001:00004bd0       sf_register_machine_exported_symbols 0000000180005bd0 f   SyncGen_with_Grid_controll_sfun_registry.obj
 0001:00004c10       callCustomFcn              0000000180005c10 f   SyncGen_with_Grid_controll_sfun_registry.obj
 0001:00004c20       sf_machine_global_initializer 0000000180005c20 f   SyncGen_with_Grid_controll_sfun_registry.obj
 0001:00004cd0       _ssSetStateAbsTol          0000000180005cd0 f   SyncGen_with_Grid_controll_sfun_registry.obj
 0001:00004db0       _ssGetAbsTol               0000000180005db0 f   SyncGen_with_Grid_controll_sfun_registry.obj
 0001:00004e20       _ssSetInputPortMatrixDimensions 0000000180005e20 f   SyncGen_with_Grid_controll_sfun_registry.obj
 0001:00004f30       _ssSetOutputPortMatrixDimensions 0000000180005f30 f   SyncGen_with_Grid_controll_sfun_registry.obj
 0001:00005040       _ssSetInputPortVectorDimension 0000000180006040 f   SyncGen_with_Grid_controll_sfun_registry.obj
 0001:00005110       _ssSetOutputPortVectorDimension 0000000180006110 f   SyncGen_with_Grid_controll_sfun_registry.obj
 0001:000051e0       ssIsRunTimeParamTunable    00000001800061e0 f   SyncGen_with_Grid_controll_sfun_registry.obj
 0001:00005250       ssGetSFuncBlockHandle      0000000180006250 f   SyncGen_with_Grid_controll_sfun_registry.obj
 0001:000052c0       _ssGetCurrentInputPortWidth 00000001800062c0 f   SyncGen_with_Grid_controll_sfun_registry.obj
 0001:000053e0       _ssGetCurrentOutputPortWidth 00000001800063e0 f   SyncGen_with_Grid_controll_sfun_registry.obj
 0001:00005500       _ssGetCallSystemNumFcnCallDestinations 0000000180006500 f   SyncGen_with_Grid_controll_sfun_registry.obj
 0001:00005570       ssWarning                  0000000180006570 f   SyncGen_with_Grid_controll_sfun_registry.obj
 0001:00005680       ssGetIsZeroCrossControlDisabled 0000000180006680 f   SyncGen_with_Grid_controll_sfun_registry.obj
 0001:000056f0       ssSetIsInputPortUsedForContZcSignal 00000001800066f0 f   SyncGen_with_Grid_controll_sfun_registry.obj
 0001:00005760       ssSetZcSignalIsZcElementDisc 0000000180006760 f   SyncGen_with_Grid_controll_sfun_registry.obj
 0001:00005810       ssSetZcSignalName          0000000180006810 f   SyncGen_with_Grid_controll_sfun_registry.obj
 0001:00005880       ssSetZcSignalWidth         0000000180006880 f   SyncGen_with_Grid_controll_sfun_registry.obj
 0001:000058f0       ssSetZcSignalZcEventType   00000001800068f0 f   SyncGen_with_Grid_controll_sfun_registry.obj
 0001:00005960       ssSetZcSignalType          0000000180006960 f   SyncGen_with_Grid_controll_sfun_registry.obj
 0001:000059d0       ssSetZcSignalZcTol         00000001800069d0 f   SyncGen_with_Grid_controll_sfun_registry.obj
 0001:00005a40       ssSetZcSignalNeedsEventNotification 0000000180006a40 f   SyncGen_with_Grid_controll_sfun_registry.obj
 0001:00005ab0       ssCreateAndAddZcSignalInfo 0000000180006ab0 f   SyncGen_with_Grid_controll_sfun_registry.obj
 0001:00005b20       ssCloneAndAddZcSignalInfo  0000000180006b20 f   SyncGen_with_Grid_controll_sfun_registry.obj
 0001:00005b90       ssGetNumZcSignals          0000000180006b90 f   SyncGen_with_Grid_controll_sfun_registry.obj
 0001:00005c00       ssGetZcSignalVector        0000000180006c00 f   SyncGen_with_Grid_controll_sfun_registry.obj
 0001:00005c70       ssGetZcSignalZcEvents      0000000180006c70 f   SyncGen_with_Grid_controll_sfun_registry.obj
 0001:00005ce0       ssGetZcSignalName          0000000180006ce0 f   SyncGen_with_Grid_controll_sfun_registry.obj
 0001:00005d50       ssGetZcSignalWidth         0000000180006d50 f   SyncGen_with_Grid_controll_sfun_registry.obj
 0001:00005dc0       ssGetZcSignalZcEventType   0000000180006dc0 f   SyncGen_with_Grid_controll_sfun_registry.obj
 0001:00005e30       ssGetZcSignalType          0000000180006e30 f   SyncGen_with_Grid_controll_sfun_registry.obj
 0001:00005ea0       ssGetZcSignalZcTol         0000000180006ea0 f   SyncGen_with_Grid_controll_sfun_registry.obj
 0001:00005f20       ssGetZcSignalNeedsEventNotification 0000000180006f20 f   SyncGen_with_Grid_controll_sfun_registry.obj
 0001:00005f90       ssGetZcSignalIsZcElementDisc 0000000180006f90 f   SyncGen_with_Grid_controll_sfun_registry.obj
 0001:00006030       ssGetIsInputPortElementContinuous 0000000180007030 f   SyncGen_with_Grid_controll_sfun_registry.obj
 0001:000060d0       _ssGetInputPortSignalPtrsFcn 00000001800070d0 f   SyncGen_with_Grid_controll_sfun_registry.obj
 0001:00006390       _ssGetInputPortSignalFcn   0000000180007390 f   SyncGen_with_Grid_controll_sfun_registry.obj
 0001:000065b0       _ssSetInputPortDirectFeedThroughFcn 00000001800075b0 f   SyncGen_with_Grid_controll_sfun_registry.obj
 0001:00006710       _ssSetInputPortReusableFcn 0000000180007710 f   SyncGen_with_Grid_controll_sfun_registry.obj
 0001:00006800       _ssSetOutputPortReusableFcn 0000000180007800 f   SyncGen_with_Grid_controll_sfun_registry.obj
 0001:000068e0       ssGetDTypeIdFromMxArray    00000001800078e0 f   SyncGen_with_Grid_controll_sfun_registry.obj
 0001:00006a00       ssWriteRTWStr              0000000180007a00 f   SyncGen_with_Grid_controll_sfun_registry.obj
 0001:00006a60       ssWriteRTWMxVectParam      0000000180007a60 f   SyncGen_with_Grid_controll_sfun_registry.obj
 0001:00006ac0       ssWriteRTWMx2dMatParam     0000000180007ac0 f   SyncGen_with_Grid_controll_sfun_registry.obj
 0001:00006b40       ssWriteRTWNameValuePair    0000000180007b40 f   SyncGen_with_Grid_controll_sfun_registry.obj
 0001:00007030       ssWriteRTWParameters       0000000180008030 f   SyncGen_with_Grid_controll_sfun_registry.obj
 0001:00007630       ssWriteRTWParamSettings    0000000180008630 f   SyncGen_with_Grid_controll_sfun_registry.obj
 0001:00007d00       ssWriteRTWWorkVect         0000000180008d00 f   SyncGen_with_Grid_controll_sfun_registry.obj
 0001:00008200       mexFunction                0000000180009200 f   SyncGen_with_Grid_controll_sfun_registry.obj
 0001:00009f30       ProcessMexSfunctionEveryCall 000000018000af30 f   SyncGen_with_Grid_controll_sfun_registry.obj
 0001:0000a0a0       SyncGen_with_Grid_controll_initializer 000000018000b0a0 f   SyncGen_with_Grid_controll_sfun.obj
 0001:0000a0b0       SyncGen_with_Grid_controll_terminator 000000018000b0b0 f   SyncGen_with_Grid_controll_sfun.obj
 0001:0000a0c0       sf_SyncGen_with_Grid_controll_method_dispatcher 000000018000b0c0 f   SyncGen_with_Grid_controll_sfun.obj
 0001:0000a110       sf_SyncGen_with_Grid_controll_process_check_sum_call 000000018000b110 f   SyncGen_with_Grid_controll_sfun.obj
 0001:0000a520       sf_SyncGen_with_Grid_controll_autoinheritance_info 000000018000b520 f   SyncGen_with_Grid_controll_sfun.obj
 0001:0000a690       sf_SyncGen_with_Grid_controll_get_eml_resolved_functions_info 000000018000b690 f   SyncGen_with_Grid_controll_sfun.obj
 0001:0000a7c0       sf_SyncGen_with_Grid_controll_third_party_uses_info 000000018000b7c0 f   SyncGen_with_Grid_controll_sfun.obj
 0001:0000a910       SyncGen_with_Grid_controll_debug_initialize 000000018000b910 f   SyncGen_with_Grid_controll_sfun.obj
 0001:0000a990       SyncGen_with_Grid_controll_register_exported_symbols 000000018000b990 f   SyncGen_with_Grid_controll_sfun.obj
 0001:0000a9a0       load_SyncGen_with_Grid_controll_optimization_info 000000018000b9a0 f   SyncGen_with_Grid_controll_sfun.obj
 0001:0000a9f0       unload_SyncGen_with_Grid_controll_optimization_info 000000018000b9f0 f   SyncGen_with_Grid_controll_sfun.obj
 0001:0000ab10       sf_mex_mx_is_numeric       000000018000bb10 f   sfc_mex:sfc_mex.obj
 0001:0000ab50       strcmp_ignore_ws           000000018000bb50 f   sfc_mex:sfc_mex.obj
 0001:0000ac90       sf_mex_duplicatearraysafe  000000018000bc90 f   sfc_mex:sfc_mex.obj
 0001:0000adf0       sf_set_error_debugger_context_message_fcn 000000018000bdf0 f   sfc_mex:sfc_mex.obj
 0001:0000ae00       sf_set_debugger_matlab_error_fcn 000000018000be00 f   sfc_mex:sfc_mex.obj
 0001:0000ae40       sf_set_error_prefix_string 000000018000be40 f   sfc_mex:sfc_mex.obj
 0001:0000ae70       sf_get_error_prefix_string 000000018000be70 f   sfc_mex:sfc_mex.obj
 0001:0000ae80       sf_mex_enter_parallel_region 000000018000be80 f   sfc_mex:sfc_mex.obj
 0001:0000ae90       sf_mex_exit_parallel_region 000000018000be90 f   sfc_mex:sfc_mex.obj
 0001:0000aea0       sf_get_current_jmp_buf_ptr 000000018000bea0 f   sfc_mex:sfc_mex.obj
 0001:0000aeb0       sf_set_current_jmp_buf_ptr 000000018000beb0 f   sfc_mex:sfc_mex.obj
 0001:0000aec0       sf_mex_set_halt_simulation 000000018000bec0 f   sfc_mex:sfc_mex.obj
 0001:0000aed0       sf_mex_get_halt_simulation 000000018000bed0 f   sfc_mex:sfc_mex.obj
 0001:0000aee0       sf_mex_clear_error_message 000000018000bee0 f   sfc_mex:sfc_mex.obj
 0001:0000af00       sf_mex_get_error_message_for_read 000000018000bf00 f   sfc_mex:sfc_mex.obj
 0001:0000af10       sf_mex_get_error_message_buffer_length 000000018000bf10 f   sfc_mex:sfc_mex.obj
 0001:0000aff0       sf_mex_warning_message     000000018000bff0 f   sfc_mex:sfc_mex.obj
 0001:0000b060       sf_mex_v_errbuf_createf    000000018000c060 f   sfc_mex:sfc_mex.obj
 0001:0000b070       sf_mex_errbuf_createf      000000018000c070 f   sfc_mex:sfc_mex.obj
 0001:0000b0a0       sf_mex_v_errbuf_catf       000000018000c0a0 f   sfc_mex:sfc_mex.obj
 0001:0000b0e0       sf_mex_errbuf_catf         000000018000c0e0 f   sfc_mex:sfc_mex.obj
 0001:0000b130       sf_mex_errbuf_copy         000000018000c130 f   sfc_mex:sfc_mex.obj
 0001:0000b140       sf_mex_errbuf_clear        000000018000c140 f   sfc_mex:sfc_mex.obj
 0001:0000b150       sf_mex_errbuf_isempty      000000018000c150 f   sfc_mex:sfc_mex.obj
 0001:0000b250       sf_mex_set_error_status    000000018000c250 f   sfc_mex:sfc_mex.obj
 0001:0000b2a0       sf_mex_error_direct_call   000000018000c2a0 f   sfc_mex:sfc_mex.obj
 0001:0000b2c0       sf_mex_error_message_no_long_jump 000000018000c2c0 f   sfc_mex:sfc_mex.obj
 0001:0000b2e0       sf_mex_long_jump_on_error  000000018000c2e0 f   sfc_mex:sfc_mex.obj
 0001:0000b310       sf_mex_call_matlab         000000018000c310 f   sfc_mex:sfc_mex.obj
 0001:0000b430       sf_mex_check_builtin       000000018000c430 f   sfc_mex:sfc_mex.obj
 0001:0000b4d0       sf_mex_check_builtin_vs    000000018000c4d0 f   sfc_mex:sfc_mex.obj
 0001:0000b590       sf_mex_check_enum          000000018000c590 f   sfc_mex:sfc_mex.obj
 0001:0000b610       sf_mex_create_enum         000000018000c610 f   sfc_mex:sfc_mex.obj
 0001:0000b680       sf_mex_get_enum_element    000000018000c680 f   sfc_mex:sfc_mex.obj
 0001:0000b690       sf_mex_createcellarray     000000018000c690 f   sfc_mex:sfc_mex.obj
 0001:0000b6a0       sf_mex_setcell             000000018000c6a0 f   sfc_mex:sfc_mex.obj
 0001:0000b6b0       sf_mex_getcell             000000018000c6b0 f   sfc_mex:sfc_mex.obj
 0001:0000b6c0       sf_mex_dup                 000000018000c6c0 f   sfc_mex:sfc_mex.obj
 0001:0000b6e0       sf_mex_assign              000000018000c6e0 f   sfc_mex:sfc_mex.obj
 0001:0000b760       sf_mex_destroy             000000018000c760 f   sfc_mex:sfc_mex.obj
 0001:0000b790       mx_array_has_fi_type       000000018000c790 f   sfc_mex:sfc_mex.obj
 0001:0000b7c0       sf_mex_convert_from_fi     000000018000c7c0 f   sfc_mex:sfc_mex.obj
 0001:0000b8f0       sf_mex_convert_to_double   000000018000c8f0 f   sfc_mex:sfc_mex.obj
 0001:0000ba10       sf_mex_import_fi_vs        000000018000ca10 f   sfc_mex:sfc_mex.obj
 0001:0000bc40       sf_matrix_matrix_index_ok  000000018000cc40 f   sfc_mex:sfc_mex.obj
 0001:0000bcd0       sf_vector_vector_index_ok  000000018000ccd0 f   sfc_mex:sfc_mex.obj
 0001:0000bd00       ssGetCurrentInputPortDimensions_wrapper 000000018000cd00 f   sfc_mex:sfc_mex.obj
 0001:0000bd20       ssGetCurrentOutputPortDimensions_wrapper 000000018000cd20 f   sfc_mex:sfc_mex.obj
 0001:0000bd40       sf_mex_emlrt_context_is_debug_mode 000000018000cd40 f   sfc_mex:sfc_mex.obj
 0001:0000bd50       sf_mex_emlrt_context_set_debug_mode 000000018000cd50 f   sfc_mex:sfc_mex.obj
 0001:0000bd60       sf_mex_emlrtNameCapturePostProcessR2012a 000000018000cd60 f   sfc_mex:sfc_mex.obj
 0001:0000bdd0       sf_clear_error_manager_info 000000018000cdd0 f   sfc_mex:sfc_mex.obj
 0001:0000be30       sf_mex_stop_simulation_abruptly_wo_error 000000018000ce30 f   sfc_mex:sfc_mex.obj
 0001:0000be70       sf_mex_error_message       000000018000ce70 f   sfc_mex:sfc_mex.obj
 0001:0000bee0       sf_react_to_error_in_matlab_call 000000018000cee0 f   sfc_mex:sfc_mex.obj
 0001:0000bf10       sf_mex_addfield            000000018000cf10 f   sfc_mex:sfc_mex.obj
 0001:0000bfb0       sf_mex_getfield            000000018000cfb0 f   sfc_mex:sfc_mex.obj
 0001:0000c2b0       sf_mex_check_class         000000018000d2b0 f   sfc_mex:sfc_mex.obj
 0001:0000c350       sf_mex_is_real             000000018000d350 f   sfc_mex:sfc_mex.obj
 0001:0000c7c0       sf_mex_decode_encoded_mx_struct_array 000000018000d7c0 f   sfc_mex:sfc_mex.obj
 0001:0000cab0       sf_mex_lw_bounds_check     000000018000dab0 f   sfc_mex:sfc_mex.obj
 0001:0000cae0       sf_mex_lw_size_eq_check_1d 000000018000dae0 f   sfc_mex:sfc_mex.obj
 0001:0000cb00       sf_mex_lw_size_eq_check_nd 000000018000db00 f   sfc_mex:sfc_mex.obj
 0001:0000cce0       sf_mex_lw_dim_size_eq_check 000000018000dce0 f   sfc_mex:sfc_mex.obj
 0001:0000cd10       sf_mex_lw_dim_size_geq_check 000000018000dd10 f   sfc_mex:sfc_mex.obj
 0001:0000cd40       sf_mex_lw_sub_assign_size_check_nd 000000018000dd40 f   sfc_mex:sfc_mex.obj
 0001:0000cf10       sf_mex_lw_runtime_error_msgid 000000018000df10 f   sfc_mex:sfc_mex.obj
 0001:0000d000       sf_mex_lw_matrix_matrix_index_check 000000018000e000 f   sfc_mex:sfc_mex.obj
 0001:0000d020       sf_mex_lw_vector_vector_index_check 000000018000e020 f   sfc_mex:sfc_mex.obj
 0001:0000d060       sf_mex_lw_for_loop_vector_check 000000018000e060 f   sfc_mex:sfc_mex.obj
 0001:0000d0f0       sf_mex_lw_non_negative_check 000000018000e0f0 f   sfc_mex:sfc_mex.obj
 0001:0000d130       sf_mex_overflow_error      000000018000e130 f   sfc_mex:sfc_mex.obj
 0001:0000d140       sf_mex_dividebyzero_error  000000018000e140 f   sfc_mex:sfc_mex.obj
 0001:0000d150       sf_mex_unsafe_enum_error   000000018000e150 f   sfc_mex:sfc_mex.obj
 0001:0000d160       sf_emlrtErrHandler         000000018000e160 f   sfc_mex:sfc_mex.obj
 0001:0000d240       sf_mex_size_one_check      000000018000e240 f   sfc_mex:sfc_mex.obj
 0001:0000d260       sf_mex_printf              000000018000e260 f   sfc_mex:sfc_mex.obj
 0001:0000d430       sf_mex_check_size          000000018000e430 f   sfc_mex:sfc_mex.obj
 0001:0000d6d0       sf_mex_check_struct        000000018000e6d0 f   sfc_mex:sfc_mex.obj
 0001:0000d930       sf_mex_check_struct_vs     000000018000e930 f   sfc_mex:sfc_mex.obj
 0001:0000d9c0       sf_mex_check_fi            000000018000e9c0 f   sfc_mex:sfc_mex.obj
 0001:0000dac0       sf_mex_check_fi_vs         000000018000eac0 f   sfc_mex:sfc_mex.obj
 0001:0000db60       sf_echo_expression         000000018000eb60 f   sfc_mex:sfc_mex.obj
 0001:0000dbc0       sf_assertion_failed        000000018000ebc0 f   sfc_mex:sfc_mex.obj
 0001:0000dea0       sf_mex_evalin              000000018000eea0 f   sfc_mex:sfc_mex.obj
 0001:0000e110       sf_mex_export              000000018000f110 f   sfc_mex:sfc_mex.obj
 0001:0000e1d0       sf_mex_get_ml_var_no_error 000000018000f1d0 f   sfc_mex:sfc_mex.obj
 0001:0000e370       sf_mex_get_ml_var          000000018000f370 f   sfc_mex:sfc_mex.obj
 0001:0000e800       ml_set_element_value_in_array 000000018000f800 f   sfc_mex:sfc_mex.obj
 0001:0000f8c0       sf_mex_call_impl           00000001800108c0 f   sfc_mex:sfc_mex.obj
 0001:0000fce0       sf_mex_call_debug          0000000180010ce0 f   sfc_mex:sfc_mex.obj
 0001:0000fd10       sf_mex_call                0000000180010d10 f   sfc_mex:sfc_mex.obj
 0001:00010360       sf_mex_createstruct        0000000180011360 f   sfc_mex:sfc_mex.obj
 0001:00010470       sf_mex_createstructarray   0000000180011470 f   sfc_mex:sfc_mex.obj
 0001:000104f0       sf_mex_get_mx_datatype_from_sf_datatype 00000001800114f0 f   sfc_mex:sfc_mex.obj
 0001:00010800       sf_mex_ml_var_sub          0000000180011800 f   sfc_mex:sfc_mex.obj
 0001:000109e0       sf_mex_ml_var_subsasgn     00000001800119e0 f   sfc_mex:sfc_mex.obj
 0001:00010de0       sf_mex_sub                 0000000180011de0 f   sfc_mex:sfc_mex.obj
 0001:00010ff0       sf_mex_subsasgn            0000000180011ff0 f   sfc_mex:sfc_mex.obj
 0001:00011500       sf_mex_create              0000000180012500 f   sfc_mex:sfc_mex.obj
 0001:00011ea0       sf_mex_import_named        0000000180012ea0 f   sfc_mex:sfc_mex.obj
 0001:00011f00       sf_mex_import              0000000180012f00 f   sfc_mex:sfc_mex.obj
 0001:00011f50       sf_mex_import_vs           0000000180012f50 f   sfc_mex:sfc_mex.obj
 0001:00012060       sf_mex_lower_fixpt_mx_array 0000000180013060 f   sfc_mex:sfc_mex.obj
 0001:00012360       sf_send_message_wrapper    0000000180013360 f   sfc_mex:sfc_sf.obj
 0001:00012390       sf_receive_message_wrapper 0000000180013390 f   sfc_mex:sfc_sf.obj
 0001:000123d0       sf_check_out_message_wrapper 00000001800133d0 f   sfc_mex:sfc_sf.obj
 0001:00012410       sf_check_in_message_wrapper 0000000180013410 f   sfc_mex:sfc_sf.obj
 0001:00012450       sf_no_message_wrapper      0000000180013450 f   sfc_mex:sfc_sf.obj
 0001:000127e0       sim_mode_is_rtw_gen        00000001800137e0 f   sfc_mex:sfc_sf.obj
 0001:00012810       sim_mode_is_external       0000000180013810 f   sfc_mex:sfc_sf.obj
 0001:00012820       sim_mode_is_modelref_sim   0000000180013820 f   sfc_mex:sfc_sf.obj
 0001:00012840       mdlInitializeSizes         0000000180013840 f   sfc_mex:sfc_sf.obj
 0001:00012860       mdlInitializeSampleTimes   0000000180013860 f   sfc_mex:sfc_sf.obj
 0001:000128a0       mdlZeroCrossings           00000001800138a0 f   sfc_mex:sfc_sf.obj
 0001:00012990       mdlDerivatives             0000000180013990 f   sfc_mex:sfc_sf.obj
 0001:00012a50       mdl_initialize_conditions_processing 0000000180013a50 f   sfc_mex:sfc_sf.obj
 0001:00012a80       mdlInitializeConditions    0000000180013a80 f   sfc_mex:sfc_sf.obj
 0001:00012b40       mdlGetSimState             0000000180013b40 f   sfc_mex:sfc_sf.obj
 0001:00012b50       mdlSetSimState             0000000180013b50 f   sfc_mex:sfc_sf.obj
 0001:00012b60       mdl_ext_mode_exec_processing 0000000180013b60 f   sfc_mex:sfc_sf.obj
 0001:00012b80       mdlExtModeExec             0000000180013b80 f   sfc_mex:sfc_sf.obj
 0001:00012d20       mdlTerminate               0000000180013d20 f   sfc_mex:sfc_sf.obj
 0001:00012d90       mdlRTW                     0000000180013d90 f   sfc_mex:sfc_sf.obj
 0001:00012dc0       mdlSetWorkWidths           0000000180013dc0 f   sfc_mex:sfc_sf.obj
 0001:00012dd0       mdlProcessParameters       0000000180013dd0 f   sfc_mex:sfc_sf.obj
 0001:00012de0       mdl_start_processing       0000000180013de0 f   sfc_mex:sfc_sf.obj
 0001:00012e40       mdlStart                   0000000180013e40 f   sfc_mex:sfc_sf.obj
 0001:00012f50       mdlEnable                  0000000180013f50 f   sfc_mex:sfc_sf.obj
 0001:00013030       mdlDisable                 0000000180014030 f   sfc_mex:sfc_sf.obj
 0001:000130f0       sf_get_chart_instance_ptr  00000001800140f0 f   sfc_mex:sfc_sf.obj
 0001:00013110       sf_load_rtw_optimization_info 0000000180014110 f   sfc_mex:sfc_sf.obj
 0001:000131e0       sf_update_buildInfo        00000001800141e0 f   sfc_mex:sfc_sf.obj
 0001:000132e0       sf_rtw_info_uint_prop      00000001800142e0 f   sfc_mex:sfc_sf.obj
 0001:00013420       sf_is_chart_inlinable      0000000180014420 f   sfc_mex:sfc_sf.obj
 0001:00013440       sf_mark_output_events_with_multiple_callers 0000000180014440 f   sfc_mex:sfc_sf.obj
 0001:000135d0       sf_mark_chart_reusable_outputs 00000001800145d0 f   sfc_mex:sfc_sf.obj
 0001:00013830       sf_mark_chart_expressionable_inputs 0000000180014830 f   sfc_mex:sfc_sf.obj
 0001:00013a90       sf_get_subchart_simstruct  0000000180014a90 f   sfc_mex:sfc_sf.obj
 0001:00013ae0       sf_get_fixpt_data_type_id  0000000180014ae0 f   sfc_mex:sfc_sf.obj
 0001:00013b20       sf_get_enum_data_type_id   0000000180014b20 f   sfc_mex:sfc_sf.obj
 0001:00013b60       sf_get_param_data_type_id  0000000180014b60 f   sfc_mex:sfc_sf.obj
 0001:00013b90       sf_mex_listen_for_ctrl_c_force 0000000180014b90 f   sfc_mex:sfc_sf.obj
 0001:00013ca0       sf_mex_draw_now            0000000180014ca0 f   sfc_mex:sfc_sf.obj
 0001:00013ce0       sf_mex_set_debugger_sim_status_listener_fcn 0000000180014ce0 f   sfc_mex:sfc_sf.obj
 0001:00013cf0       sf_mex_listen_for_ctrl_c   0000000180014cf0 f   sfc_mex:sfc_sf.obj
 0001:00013d90       sf_mex_get_sfun_param      0000000180014d90 f   sfc_mex:sfc_sf.obj
 0001:00013de0       sf_get_runtime_param_data  0000000180014de0 f   sfc_mex:sfc_sf.obj
 0001:00013e20       sf_call_output_fcn_call    0000000180014e20 f   sfc_mex:sfc_sf.obj
 0001:00013f60       sf_call_output_fcn_enable  0000000180014f60 f   sfc_mex:sfc_sf.obj
 0001:00013ff0       sf_call_output_fcn_disable 0000000180014ff0 f   sfc_mex:sfc_sf.obj
 0001:00014080       sf_clear_rtw_identifier    0000000180015080 f   sfc_mex:sfc_sf.obj
 0001:000148a0       sf_set_encoded_dwork_info  00000001800158a0 f   sfc_mex:sfc_sf.obj
 0001:000148f0       sf_get_dwork_info_from_mat_file 00000001800158f0 f   sfc_mex:sfc_sf.obj
 0001:00014ab0       sf_set_rtw_dwork_info      0000000180015ab0 f   sfc_mex:sfc_sf.obj
 0001:00014c20       mdlOutputs                 0000000180015c20 f   sfc_mex:sfc_sf.obj
 0001:00014d40       sf_debug_chart_instance_initialized_quick 0000000180015d40 f   sfc_debug:sfcdebug.obj
 0001:00014dc0       sf_debug_disp              0000000180015dc0 f   sfc_debug:sfcdebug.obj
 0001:00015090       sf_debug_data_runtime_size_mismatch_error_check 0000000180016090 f   sfc_debug:sfcdebug.obj
 0001:00015140       sf_debug_try_loading_machine 0000000180016140 f   sfc_debug:sfcdebug.obj
 0001:00015240       sf_debug_reset_current_state_configuration 0000000180016240 f   sfc_debug:sfcdebug.obj
 0001:000152c0       sf_debug_store_current_state_configuration 00000001800162c0 f   sfc_debug:sfcdebug.obj
 0001:00015340       sf_debug_restore_previous_state_configuration 0000000180016340 f   sfc_debug:sfcdebug.obj
 0001:000153c0       sf_debug_restore_previous_state_configuration2 00000001800163c0 f   sfc_debug:sfcdebug.obj
 0001:00015440       sf_debug_get_event_scope   0000000180016440 f   sfc_debug:sfcdebug.obj
 0001:000155b0       use_debugger_step_animation 00000001800165b0 f   sfc_debug:sfcdebug.obj
 0001:000155d0       sf_debug_get_script_id     00000001800165d0 f   sfc_debug:sfcdebug.obj
 0001:00015660       sf_debug_set_script_translation 0000000180016660 f   sfc_debug:sfcdebug.obj
 0001:000157e0       sf_debug_extract_message_post_receive_info 00000001800167e0 f   sfc_debug:sfcdebug.obj
 0001:000159a0       sf_debug_get_current_machine_id 00000001800169a0 f   sfc_debug:sfcdebug.obj
 0001:000159c0       sf_debug_get_current_optional_integer 00000001800169c0 f   sfc_debug:sfcdebug.obj
 0001:000159d0       sf_debug_get_current_machine_number 00000001800169d0 f   sfc_debug:sfcdebug.obj
 0001:000159f0       sf_debug_get_current_machine_name 00000001800169f0 f   sfc_debug:sfcdebug.obj
 0001:00015a10       sf_debug_get_current_chart_id 0000000180016a10 f   sfc_debug:sfcdebug.obj
 0001:00015a50       sf_debug_get_current_chart_number 0000000180016a50 f   sfc_debug:sfcdebug.obj
 0001:00015a60       sf_debug_get_current_instance_number 0000000180016a60 f   sfc_debug:sfcdebug.obj
 0001:00015a70       sf_debug_get_current_is_minor_time_step 0000000180016a70 f   sfc_debug:sfcdebug.obj
 0001:00015af0       sf_debug_get_current_object_type 0000000180016af0 f   sfc_debug:sfcdebug.obj
 0001:00015b00       sf_debug_get_current_instance_handle 0000000180016b00 f   sfc_debug:sfcdebug.obj
 0001:00015b60       sf_debug_get_current_event_type 0000000180016b60 f   sfc_debug:sfcdebug.obj
 0001:00015b70       sf_debug_get_current_object_id 0000000180016b70 f   sfc_debug:sfcdebug.obj
 0001:00015bb0       sf_debug_get_current_active_event_type 0000000180016bb0 f   sfc_debug:sfcdebug.obj
 0001:00015bc0       sf_debug_get_current_active_event_id 0000000180016bc0 f   sfc_debug:sfcdebug.obj
 0001:00015c00       sf_debug_get_current_tag_type 0000000180016c00 f   sfc_debug:sfcdebug.obj
 0001:00015c10       sf_debug_get_current_simulation_time 0000000180016c10 f   sfc_debug:sfcdebug.obj
 0001:00015c20       sf_debug_get_current_coverage_percentage 0000000180016c20 f   sfc_debug:sfcdebug.obj
 0001:00015c30       sf_debug_current_statement_context 0000000180016c30 f   sfc_debug:sfcdebug.obj
 0001:00015cb0       sf_debug_get_current_statement_info 0000000180016cb0 f   sfc_debug:sfcdebug.obj
 0001:00015e50       sf_debug_terminate_instance 0000000180016e50 f   sfc_debug:sfcdebug.obj
 0001:00016170       sf_debug_assertion_failed  0000000180017170 f   sfc_debug:sfcdebug.obj
 0001:00016340       sf_debug_create_debug_instance_struct 0000000180017340 f   sfc_debug:sfcdebug.obj
 0001:00016390       sf_debug_set_number_of_data_with_change_event_for_machine 0000000180017390 f   sfc_debug:sfcdebug.obj
 0001:000163e0       sf_debug_set_machine_event_thresholds 00000001800173e0 f   sfc_debug:sfcdebug.obj
 0001:00016400       sf_debug_set_machine_event_scope 0000000180017400 f   sfc_debug:sfcdebug.obj
 0001:00016450       sf_debug_set_machine_data_thresholds 0000000180017450 f   sfc_debug:sfcdebug.obj
 0001:000164a0       sf_debug_set_machine_data_scope 00000001800174a0 f   sfc_debug:sfcdebug.obj
 0001:00016540       sf_debug_set_machine_data_name 0000000180017540 f   sfc_debug:sfcdebug.obj
 0001:000165f0       sf_debug_set_machine_data_size 00000001800175f0 f   sfc_debug:sfcdebug.obj
 0001:00016740       sf_debug_set_machine_data_type 0000000180017740 f   sfc_debug:sfcdebug.obj
 0001:000168b0       sf_debug_get_chart_data_number 00000001800178b0 f   sfc_debug:sfcdebug.obj
 0001:000168d0       sf_debug_get_chart_event_number 00000001800178d0 f   sfc_debug:sfcdebug.obj
 0001:000168f0       sf_debug_set_chart_state_info 00000001800178f0 f   sfc_debug:sfcdebug.obj
 0001:00016980       sf_debug_set_chart_decomposition 0000000180017980 f   sfc_debug:sfcdebug.obj
 0001:000169f0       sf_debug_set_chart_substate_count 00000001800179f0 f   sfc_debug:sfcdebug.obj
 0001:00016ad0       sf_debug_set_chart_substate_index 0000000180017ad0 f   sfc_debug:sfcdebug.obj
 0001:00016b50       sf_debug_set_chart_state_substate_count 0000000180017b50 f   sfc_debug:sfcdebug.obj
 0001:00016c70       sf_debug_set_chart_state_substate_index 0000000180017c70 f   sfc_debug:sfcdebug.obj
 0001:00016d00       sf_debug_set_number_of_data_with_change_event_for_chart 0000000180017d00 f   sfc_debug:sfcdebug.obj
 0001:00016d90       sf_debug_set_number_of_states_with_entry_event_for_chart 0000000180017d90 f   sfc_debug:sfcdebug.obj
 0001:00016e10       sf_debug_set_number_of_states_with_exit_event_for_chart 0000000180017e10 f   sfc_debug:sfcdebug.obj
 0001:00016e90       sf_debug_set_chart_disable_implicit_casting 0000000180017e90 f   sfc_debug:sfcdebug.obj
 0001:00016f00       sf_debug_set_chart_event_thresholds 0000000180017f00 f   sfc_debug:sfcdebug.obj
 0001:00016f80       sf_debug_set_chart_data_compiled_props 0000000180017f80 f   sfc_debug:sfcdebug.obj
 0001:000172c0       sf_debug_set_chart_data_props 00000001800182c0 f   sfc_debug:sfcdebug.obj
 0001:000175e0       sf_debug_check_fi_license  00000001800185e0 f   sfc_debug:sfcdebug.obj
 0001:000177a0       sf_debug_symbol_scope_push 00000001800187a0 f   sfc_debug:sfcdebug.obj
 0001:000177e0       sf_debug_symbol_scope_push_eml 00000001800187e0 f   sfc_debug:sfcdebug.obj
 0001:00017830       sf_debug_symbol_scope_pop  0000000180018830 f   sfc_debug:sfcdebug.obj
 0001:00017870       sf_debug_symbol_scope_add_importable 0000000180018870 f   sfc_debug:sfcdebug.obj
 0001:000178f0       sf_debug_symbol_scope_add  00000001800188f0 f   sfc_debug:sfcdebug.obj
 0001:00017970       sf_debug_symbol_scope_add_dyn_importable 0000000180018970 f   sfc_debug:sfcdebug.obj
 0001:00017a30       sf_debug_symbol_scope_add_dyn 0000000180018a30 f   sfc_debug:sfcdebug.obj
 0001:00017a70       sf_debug_symbol_scope_add_eml_importable 0000000180018a70 f   sfc_debug:sfcdebug.obj
 0001:00017ab0       sf_debug_symbol_scope_add_eml 0000000180018ab0 f   sfc_debug:sfcdebug.obj
 0001:00017af0       sf_debug_symbol_scope_add_eml_dyn_importable 0000000180018af0 f   sfc_debug:sfcdebug.obj
 0001:00017b50       sf_debug_symbol_scope_add_eml_dyn 0000000180018b50 f   sfc_debug:sfcdebug.obj
 0001:00017bb0       sf_debug_symbol_switch     0000000180018bb0 f   sfc_debug:sfcdebug.obj
 0001:00017bd0       sf_debug_symbol_scope_add_verbose 0000000180018bd0 f   sfc_debug:sfcdebug.obj
 0001:00017ca0       sf_debug_set_machine_data_value_ptr 0000000180018ca0 f   sfc_debug:sfcdebug.obj
 0001:00017ce0       sf_debug_set_instance_data_value_ptr 0000000180018ce0 f   sfc_debug:sfcdebug.obj
 0001:00017db0       sf_debug_unset_instance_data_value_ptr 0000000180018db0 f   sfc_debug:sfcdebug.obj
 0001:00017e60       sf_debug_set_chart_event_scope 0000000180018e60 f   sfc_debug:sfcdebug.obj
 0001:00017ee0       sf_debug_set_chart_transition_coverage_maps 0000000180018ee0 f   sfc_debug:sfcdebug.obj
 0001:00017fe0       sf_debug_set_chart_state_coverage_maps 0000000180018fe0 f   sfc_debug:sfcdebug.obj
 0001:000180b0       sf_debug_set_instance_transition_coverage_weights 00000001800190b0 f   sfc_debug:sfcdebug.obj
 0001:00018140       sf_debug_set_instance_state_coverage_weights 0000000180019140 f   sfc_debug:sfcdebug.obj
 0001:00018390       sf_debug_unload_machine    0000000180019390 f   sfc_debug:sfcdebug.obj
 0001:000183e0       sf_debug_load_machine      00000001800193e0 f   sfc_debug:sfcdebug.obj
 0001:000184f0       sf_debug_set_active_instance_in_data_dictionary 00000001800194f0 f   sfc_debug:sfcdebug.obj
 0001:000186d0       sf_debug_set_active_instance 00000001800196d0 f   sfc_debug:sfcdebug.obj
 0001:00018830       sf_debug_chart_visiblity_change 0000000180019830 f   sfc_debug:sfcdebug.obj
 0001:00018920       sf_debug_select_chart      0000000180019920 f   sfc_debug:sfcdebug.obj
 0001:00018a80       sf_debug_set_instance_cv_ids 0000000180019a80 f   sfc_debug:sfcdebug.obj
 0001:00018db0       sf_debug_select_charts     0000000180019db0 f   sfc_debug:sfcdebug.obj
 0001:00018f60       sf_debug_initialized       0000000180019f60 f   sfc_debug:sfcdebug.obj
 0001:00018f80       sf_debug_is_uninterruptible 0000000180019f80 f   sfc_debug:sfcdebug.obj
 0001:00018fb0       sf_debug_initialize_debugger_gui 0000000180019fb0 f   sfc_debug:sfcdebug.obj
 0001:00019390       sf_debug_resume            000000018001a390 f   sfc_debug:sfcdebug.obj
 0001:000193b0       sf_debug_go                000000018001a3b0 f   sfc_debug:sfcdebug.obj
 0001:000193c0       sf_debug_break             000000018001a3c0 f   sfc_debug:sfcdebug.obj
 0001:000193d0       sf_debug_step_over         000000018001a3d0 f   sfc_debug:sfcdebug.obj
 0001:000193e0       sf_debug_step_out          000000018001a3e0 f   sfc_debug:sfcdebug.obj
 0001:000193f0       sf_debug_set_disable_all_breakpoints 000000018001a3f0 f   sfc_debug:sfcdebug.obj
 0001:00019400       sf_debug_disable_all_breakpoints_and_go 000000018001a400 f   sfc_debug:sfcdebug.obj
 0001:00019410       sf_debug_break_on_chart_entry 000000018001a410 f   sfc_debug:sfcdebug.obj
 0001:00019420       sf_debug_break_on_event_broadcast 000000018001a420 f   sfc_debug:sfcdebug.obj
 0001:00019430       sf_debug_break_on_state_entry 000000018001a430 f   sfc_debug:sfcdebug.obj
 0001:00019440       sf_debug_break_between_times 000000018001a440 f   sfc_debug:sfcdebug.obj
 0001:00019460       sf_debug_browse_data       000000018001a460 f   sfc_debug:sfcdebug.obj
 0001:00019470       sf_debug_watch_data        000000018001a470 f   sfc_debug:sfcdebug.obj
 0001:000194a0       sf_debug_assign_data       000000018001a4a0 f   sfc_debug:sfcdebug.obj
 0001:000194b0       sf_debug_whos              000000018001a4b0 f   sfc_debug:sfcdebug.obj
 0001:000194d0       sf_debug_get_consistency_info 000000018001a4d0 f   sfc_debug:sfcdebug.obj
 0001:000194e0       sf_debug_browse_trace      000000018001a4e0 f   sfc_debug:sfcdebug.obj
 0001:000194f0       sf_debug_set_breakpoints   000000018001a4f0 f   sfc_debug:sfcdebug.obj
 0001:00019660       sf_debug_set_eml_breakpoints 000000018001a660 f   sfc_debug:sfcdebug.obj
 0001:000197c0       sf_debug_set_script_breakpoints 000000018001a7c0 f   sfc_debug:sfcdebug.obj
 0001:00019840       sf_debug_add_script_breakpoints 000000018001a840 f   sfc_debug:sfcdebug.obj
 0001:000198b0       sf_debug_clear_script_breakpoints 000000018001a8b0 f   sfc_debug:sfcdebug.obj
 0001:00019920       sf_debug_query_script_breakpoints 000000018001a920 f   sfc_debug:sfcdebug.obj
 0001:000199d0       sf_debug_get_eml_script_id 000000018001a9d0 f   sfc_debug:sfcdebug.obj
 0001:00019a20       sf_debug_set_watch         000000018001aa20 f   sfc_debug:sfcdebug.obj
 0001:00019c40       sf_debug_get_instance_handle 000000018001ac40 f   sfc_debug:sfcdebug.obj
 0001:00019cd0       sf_debug_get_active_states 000000018001acd0 f   sfc_debug:sfcdebug.obj
 0001:00019ce0       sf_debug_set_honor_breakpoints 000000018001ace0 f   sfc_debug:sfcdebug.obj
 0001:00019cf0       sf_debug_get_animation     000000018001acf0 f   sfc_debug:sfcdebug.obj
 0001:00019d00       sf_debug_set_animation     000000018001ad00 f   sfc_debug:sfcdebug.obj
 0001:00019d10       sf_debug_animate           000000018001ad10 f   sfc_debug:sfcdebug.obj
 0001:00019d30       sf_debug_cycle_detection_check 000000018001ad30 f   sfc_debug:sfcdebug.obj
 0001:00019d40       sf_debug_data_range_check  000000018001ad40 f   sfc_debug:sfcdebug.obj
 0001:00019d50       sf_debug_transition_conflict_check 000000018001ad50 f   sfc_debug:sfcdebug.obj
 0001:00019d60       sf_debug_state_consistency_check 000000018001ad60 f   sfc_debug:sfcdebug.obj
 0001:00019d70       sf_debug_data_range_check_enabled 000000018001ad70 f   sfc_debug:sfcdebug.obj
 0001:00019d90       sf_debug_transition_conflict_check_enabled 000000018001ad90 f   sfc_debug:sfcdebug.obj
 0001:00019db0       sf_debug_transition_conflict_check_begin 000000018001adb0 f   sfc_debug:sfcdebug.obj
 0001:00019dd0       sf_debug_transition_conflict_check_end 000000018001add0 f   sfc_debug:sfcdebug.obj
 0001:00019df0       sf_debug_stop_debugging    000000018001adf0 f   sfc_debug:sfcdebug.obj
 0001:00019e20       sf_debug_is_cycle_detected 000000018001ae20 f   sfc_debug:sfcdebug.obj
 0001:00019e30       sf_debug_is_array_bounds_detected 000000018001ae30 f   sfc_debug:sfcdebug.obj
 0001:00019e40       sf_debug_get_state_vectors_data_size 000000018001ae40 f   sfc_debug:sfcdebug.obj
 0001:00019e80       sf_debug_get_state_vectors_data 000000018001ae80 f   sfc_debug:sfcdebug.obj
 0001:00019f90       sf_debug_set_state_vectors_data 000000018001af90 f   sfc_debug:sfcdebug.obj
 0001:0001a220       sf_debug_get_script_index  000000018001b220 f   sfc_debug:sfcdebug.obj
 0001:0001a3b0       sf_debug_add_script        000000018001b3b0 f   sfc_debug:sfcdebug.obj
 0001:0001a540       cv_eval_point              000000018001b540 f   sfc_debug:sfcdebug.obj
 0001:0001a6b0       cv_eval_testobjective      000000018001b6b0 f   sfc_debug:sfcdebug.obj
 0001:0001a7c0       sf_debug_cv_init_state     000000018001b7c0 f   sfc_debug:sfcdebug.obj
 0001:0001a8f0       sf_debug_cv_init_chart     000000018001b8f0 f   sfc_debug:sfcdebug.obj
 0001:0001a9e0       sf_debug_cv_init_trans     000000018001b9e0 f   sfc_debug:sfcdebug.obj
 0001:0001aaf0       sf_debug_cv_init_saturation 000000018001baf0 f   sfc_debug:sfcdebug.obj
 0001:0001abf0       sf_debug_cv_init_testobjectives 000000018001bbf0 f   sfc_debug:sfcdebug.obj
 0001:0001add0       cv_eml_init_script         000000018001bdd0 f   sfc_debug:sfcdebug.obj
 0001:0001aef0       cv_eml_init_fcn            000000018001bef0 f   sfc_debug:sfcdebug.obj
 0001:0001b000       cv_eml_init_testobjective  000000018001c000 f   sfc_debug:sfcdebug.obj
 0001:0001b0e0       cv_eml_init_saturation     000000018001c0e0 f   sfc_debug:sfcdebug.obj
 0001:0001b1b0       cv_eml_init_if             000000018001c1b0 f   sfc_debug:sfcdebug.obj
 0001:0001b290       cv_eml_init_for            000000018001c290 f   sfc_debug:sfcdebug.obj
 0001:0001b360       cv_eml_init_while          000000018001c360 f   sfc_debug:sfcdebug.obj
 0001:0001b430       cv_eml_init_mcdc           000000018001c430 f   sfc_debug:sfcdebug.obj
 0001:0001b550       cv_eml_init_switch         000000018001c550 f   sfc_debug:sfcdebug.obj
 0001:0001b650       cv_eml_eval                000000018001c650 f   sfc_debug:sfcdebug.obj
 0001:0001b740       sf_debug_bm_is_a_eml_breakpoint 000000018001c740 f   sfc_debug:sfcdebug.obj
 0001:0001b890       sf_debug_temporal_threshold 000000018001c890 f   sfc_debug:sfcdebug.obj
 0001:0001bc00       sf_debug_transition_conflict_error 000000018001cc00 f   sfc_debug:sfcdebug.obj
 0001:0001bf60       sf_debug_state_inconsistency_error 000000018001cf60 f   sfc_debug:sfcdebug.obj
 0001:0001c080       sf_debug_check_for_state_inconsistency 000000018001d080 f   sfc_debug:sfcdebug.obj
 0001:0001c0c0       sf_debug_cycle_detecton_error 000000018001d0c0 f   sfc_debug:sfcdebug.obj
 0001:0001c810       sf_debug_size_eq_check_1d  000000018001d810 f   sfc_debug:sfcdebug.obj
 0001:0001c830       sf_debug_size_eq_check_nd  000000018001d830 f   sfc_debug:sfcdebug.obj
 0001:0001ca30       sf_debug_dim_size_eq_check 000000018001da30 f   sfc_debug:sfcdebug.obj
 0001:0001ca60       sf_debug_dim_size_geq_check 000000018001da60 f   sfc_debug:sfcdebug.obj
 0001:0001ca90       sf_debug_sub_assign_size_check_nd 000000018001da90 f   sfc_debug:sfcdebug.obj
 0001:0001cc70       sf_debug_matrix_matrix_index_check 000000018001dc70 f   sfc_debug:sfcdebug.obj
 0001:0001ccc0       sf_debug_vector_vector_index_check 000000018001dcc0 f   sfc_debug:sfcdebug.obj
 0001:0001cd10       sf_debug_for_loop_vector_check 000000018001dd10 f   sfc_debug:sfcdebug.obj
 0001:0001cdb0       sf_debug_runtime_error_msgid 000000018001ddb0 f   sfc_debug:sfcdebug.obj
 0001:0001ce50       sf_debug_data_array_bounds_error_check 000000018001de50 f   sfc_debug:sfcdebug.obj
 0001:0001cf60       sf_debug_eml_data_array_bounds_error_check 000000018001df60 f   sfc_debug:sfcdebug.obj
 0001:0001d420       sf_debug_integer_check     000000018001e420 f   sfc_debug:sfcdebug.obj
 0001:0001d510       sf_debug_not_nan_check     000000018001e510 f   sfc_debug:sfcdebug.obj
 0001:0001d5e0       sf_debug_non_negative_check 000000018001e5e0 f   sfc_debug:sfcdebug.obj
 0001:0001d6b0       sf_debug_overflow_detection 000000018001e6b0 f   sfc_debug:sfcdebug.obj
 0001:0001dd10       sf_debug_cast_to_real32_T  000000018001ed10 f   sfc_debug:sfcdebug.obj
 0001:0001dde0       sf_debug_cast_to_int8_T    000000018001ede0 f   sfc_debug:sfcdebug.obj
 0001:0001deb0       sf_debug_cast_to_uint8_T   000000018001eeb0 f   sfc_debug:sfcdebug.obj
 0001:0001df80       sf_debug_cast_to_int16_T   000000018001ef80 f   sfc_debug:sfcdebug.obj
 0001:0001e050       sf_debug_cast_to_uint16_T  000000018001f050 f   sfc_debug:sfcdebug.obj
 0001:0001e120       sf_debug_cast_to_int32_T   000000018001f120 f   sfc_debug:sfcdebug.obj
 0001:0001e1f0       sf_debug_cast_to_uint32_T  000000018001f1f0 f   sfc_debug:sfcdebug.obj
 0001:0001e2c0       sf_debug_data_range_error  000000018001f2c0 f   sfc_debug:sfcdebug.obj
 0001:0001e5d0       sf_debug_read_before_write_check 000000018001f5d0 f   sfc_debug:sfcdebug.obj
 0001:0001ea00       sf_debug_data_range_error_wrapper_min_max 000000018001fa00 f   sfc_debug:sfcdebug.obj
 0001:0001eb20       sf_debug_data_range_error_wrapper_min 000000018001fb20 f   sfc_debug:sfcdebug.obj
 0001:0001ec30       sf_debug_data_range_error_wrapper_max 000000018001fc30 f   sfc_debug:sfcdebug.obj
 0001:0001ed40       sf_debug_data_range_wrapper 000000018001fd40 f   sfc_debug:sfcdebug.obj
 0001:0001ee00       sf_debug_set_current_status_info 000000018001fe00 f   sfc_debug:sfcdebug.obj
 0001:0001f1a0       sf_debug_register_message_post_receive_info 00000001800201a0 f   sfc_debug:sfcdebug.obj
 0001:0001f3f0       sf_debug_call              00000001800203f0 f   sfc_debug:sfcdebug.obj
 0001:0001fd50       sf_debug_initialize_machine 0000000180020d50 f   sfc_debug:sfcdebug.obj
 0001:00020000       sf_debug_initialize_chart  0000000180021000 f   sfc_debug:sfcdebug.obj
 0001:00020450       sf_debug_ensure_script     0000000180021450 f   sfc_debug:sfcdebug.obj
 0001:00020500       cv_eval_saturation         0000000180021500 f   sfc_debug:sfcdebug.obj
 0001:00020680       cv_saturation_accum        0000000180021680 f   sfc_debug:sfcdebug.obj
 0001:000207c0       cv_script_init_script      00000001800217c0 f   sfc_debug:sfcdebug.obj
 0001:000208b0       cv_script_init_fcn         00000001800218b0 f   sfc_debug:sfcdebug.obj
 0001:00020970       cv_script_init_testobjective 0000000180021970 f   sfc_debug:sfcdebug.obj
 0001:00020a30       cv_script_init_saturation  0000000180021a30 f   sfc_debug:sfcdebug.obj
 0001:00020ae0       cv_script_init_if          0000000180021ae0 f   sfc_debug:sfcdebug.obj
 0001:00020ba0       cv_script_init_for         0000000180021ba0 f   sfc_debug:sfcdebug.obj
 0001:00020c50       cv_script_init_while       0000000180021c50 f   sfc_debug:sfcdebug.obj
 0001:00020d00       cv_script_init_mcdc        0000000180021d00 f   sfc_debug:sfcdebug.obj
 0001:00020e00       cv_script_init_switch      0000000180021e00 f   sfc_debug:sfcdebug.obj
 0001:00020ee0       cv_script_eval             0000000180021ee0 f   sfc_debug:sfcdebug.obj
 0001:00020fb0       eml_debug_line_call        0000000180021fb0 f   sfc_debug:sfcdebug.obj
 0001:00021180       sf_debug_terminate         0000000180022180 f   sfc_debug:sfcdebug.obj
 0001:00021390       sf_debug_set_script_cv_ids 0000000180022390 f   sfc_debug:sfcdebug.obj
 0001:000214c0       sf_debug_api               00000001800224c0 f   sfc_debug:sfc_api.obj
 0001:00022db0       sf_debug_sm_terminate      0000000180023db0 f   sfc_debug:sfdb_animation.obj
 0001:00022f60       sf_debug_reset_path_objects 0000000180023f60 f   sfc_debug:sfdb_animation.obj
 0001:00022fe0       sf_debug_sm_reset_object_selection_status 0000000180023fe0 f   sfc_debug:sfdb_animation.obj
 0001:00023080       sf_debug_sm_reset_state_buffer 0000000180024080 f   sfc_debug:sfdb_animation.obj
 0001:00023150       sf_debug_sm_store_state_buffer 0000000180024150 f   sfc_debug:sfdb_animation.obj
 0001:000231d0       sf_debug_sm_restore_state_buffer1 00000001800241d0 f   sfc_debug:sfdb_animation.obj
 0001:00023240       sf_debug_sm_restore_state_buffer2 0000000180024240 f   sfc_debug:sfdb_animation.obj
 0001:000232b0       sf_debug_sm_chart_active   00000001800242b0 f   sfc_debug:sfdb_animation.obj
 0001:00023300       sf_debug_sm_select_active_objects 0000000180024300 f   sfc_debug:sfdb_animation.obj
 0001:000237d0       sf_debug_sm_is_chart_active 00000001800247d0 f   sfc_debug:sfdb_animation.obj
 0001:00023810       sf_debug_sm_is_state_active 0000000180024810 f   sfc_debug:sfdb_animation.obj
 0001:00023a50       sf_debug_sm_get_active_states 0000000180024a50 f   sfc_debug:sfdb_animation.obj
 0001:00024000       sf_debug_sm_initialize_instance 0000000180025000 f   sfc_debug:sfdb_animation.obj
 0001:00024210       sf_debug_sm_change_object_selection_status 0000000180025210 f   sfc_debug:sfdb_animation.obj
 0001:000244e0       cv_create_interface        00000001800254e0 f   sfc_debug:cv_sfinterface.obj
 0001:000247f0       cv_init_trans              00000001800257f0 f   sfc_debug:cv_sfinterface.obj
 0001:00024840       cv_init_saturation         0000000180025840 f   sfc_debug:cv_sfinterface.obj
 0001:00024880       cv_init_testobjective      0000000180025880 f   sfc_debug:cv_sfinterface.obj
 0001:000248c0       cv_init_state              00000001800258c0 f   sfc_debug:cv_sfinterface.obj
 0001:00024930       cv_init_chart              0000000180025930 f   sfc_debug:cv_sfinterface.obj
 0001:00024980       cv_dec_update_call         0000000180025980 f   sfc_debug:cv_sfinterface.obj
 0001:000249c0       cv_cond_update_call        00000001800259c0 f   sfc_debug:cv_sfinterface.obj
 0001:00024a00       cv_saturation_update_call  0000000180025a00 f   sfc_debug:cv_sfinterface.obj
 0001:00024a40       cv_saturation_update_accum 0000000180025a40 f   sfc_debug:cv_sfinterface.obj
 0001:00024a80       cv_testobjective_update_call 0000000180025a80 f   sfc_debug:cv_sfinterface.obj
 0001:00024ac0       cv_sigrange_update         0000000180025ac0 f   sfc_debug:cv_sfinterface.obj
 0001:00024b00       cvsf_eml_eval              0000000180025b00 f   sfc_debug:cv_sfinterface.obj
 0001:00024be0       cvsf_eml_init_script       0000000180025be0 f   sfc_debug:cv_sfinterface.obj
 0001:00024c70       cvsf_eml_init_fcn          0000000180025c70 f   sfc_debug:cv_sfinterface.obj
 0001:00024cd0       cvsf_eml_init_testobjective 0000000180025cd0 f   sfc_debug:cv_sfinterface.obj
 0001:00024d30       cvsf_eml_init_saturation   0000000180025d30 f   sfc_debug:cv_sfinterface.obj
 0001:00024d80       cvsf_eml_init_if           0000000180025d80 f   sfc_debug:cv_sfinterface.obj
 0001:00024de0       cvsf_eml_init_for          0000000180025de0 f   sfc_debug:cv_sfinterface.obj
 0001:00024e30       cvsf_eml_init_while        0000000180025e30 f   sfc_debug:cv_sfinterface.obj
 0001:00024e80       cvsf_eml_init_mcdc         0000000180025e80 f   sfc_debug:cv_sfinterface.obj
 0001:00024f10       cvsf_eml_init_switch       0000000180025f10 f   sfc_debug:cv_sfinterface.obj
 0001:00024f80       cvsf_script_eval           0000000180025f80 f   sfc_debug:cv_sfinterface.obj
 0001:00025060       cvsf_script_init_script    0000000180026060 f   sfc_debug:cv_sfinterface.obj
 0001:000250f0       cvsf_script_init_fcn       00000001800260f0 f   sfc_debug:cv_sfinterface.obj
 0001:00025150       cvsf_script_init_testobjective 0000000180026150 f   sfc_debug:cv_sfinterface.obj
 0001:000251b0       cvsf_script_init_saturation 00000001800261b0 f   sfc_debug:cv_sfinterface.obj
 0001:00025200       cvsf_script_init_if        0000000180026200 f   sfc_debug:cv_sfinterface.obj
 0001:00025260       cvsf_script_init_for       0000000180026260 f   sfc_debug:cv_sfinterface.obj
 0001:000252b0       cvsf_script_init_while     00000001800262b0 f   sfc_debug:cv_sfinterface.obj
 0001:00025300       cvsf_script_init_mcdc      0000000180026300 f   sfc_debug:cv_sfinterface.obj
 0001:00025390       cvsf_script_init_switch    0000000180026390 f   sfc_debug:cv_sfinterface.obj
 0001:00025400       cv_destroy_interface       0000000180026400 f   sfc_debug:cv_sfinterface.obj
 0001:00025420       cv_create_instance_objects 0000000180026420 f   sfc_debug:cv_sfinterface.obj
 0001:00025890       cv_is_enabled              0000000180026890 f   sfc_debug:cv_sfinterface.obj
 0001:000258a0       sf_debug_cv_initialize_script 00000001800268a0 f   sfc_debug:cv_sfinterface.obj
 0001:00025a30       sf_debug_cv_initialize_instance 0000000180026a30 f   sfc_debug:cv_sfinterface.obj
 0001:00025dc0       sf_debug_cv_terminate_chart 0000000180026dc0 f   sfc_debug:cv_sfinterface.obj
 0001:00025ee0       cv_call_trans_test         0000000180026ee0 f   sfc_debug:cv_sfinterface.obj
 0001:00025ef0       cv_call_sub_cond_test      0000000180026ef0 f   sfc_debug:cv_sfinterface.obj
 0001:00025f30       sf_debug_st_initialize_machine 0000000180026f30 f   sfc_debug:sfdb_data_browse.obj
 0001:00025fe0       sf_debug_st_initialize_instance 0000000180026fe0 f   sfc_debug:sfdb_data_browse.obj
 0001:000261f0       sf_debug_st_terminate      00000001800271f0 f   sfc_debug:sfdb_data_browse.obj
 0001:00026590       sf_debug_st_set_data_value_ptr_in_machine 0000000180027590 f   sfc_debug:sfdb_data_browse.obj
 0001:00026620       sf_debug_st_set_data_value_ptr_in_instance 0000000180027620 f   sfc_debug:sfdb_data_browse.obj
 0001:00026700       sf_debug_st_unset_data_value_ptr_in_machine 0000000180027700 f   sfc_debug:sfdb_data_browse.obj
 0001:00026770       sf_debug_st_unset_data_value_ptr_in_instance 0000000180027770 f   sfc_debug:sfdb_data_browse.obj
 0001:00026a30       sf_debug_mx_value          0000000180027a30 f   sfc_debug:sfdb_data_browse.obj
 0001:00026a90       sf_debug_mx_packed_vector  0000000180027a90 f   sfc_debug:sfdb_data_browse.obj
 0001:00026b70       sf_debug_mx_uint_vector    0000000180027b70 f   sfc_debug:sfdb_data_browse.obj
 0001:00026c20       sf_debug_st_get_double_value_from_void_ptr_vector 0000000180027c20 f   sfc_debug:sfdb_data_browse.obj
 0001:00027700       sf_debug_st_browse_data    0000000180028700 f   sfc_debug:sfdb_data_browse.obj
 0001:00027f40       sf_debug_hm_initialize_instance 0000000180028f40 f   sfc_debug:sfdb_handle_management.obj
 0001:00028420       sf_debug_hm_get_object_id  0000000180029420 f   sfc_debug:sfdb_handle_management.obj
 0001:00028fd0       sf_debug_hm_update_chart_visibility 0000000180029fd0 f   sfc_debug:sfdb_handle_management.obj
 0001:0002a1c0       sf_debug_object_is_eml_function 000000018002b1c0 f   sfc_debug:sfdb_handle_management.obj
 0001:0002a230       sf_debug_hm_initialize_ids_in_machine 000000018002b230 f   sfc_debug:sfdb_handle_management.obj
 0001:0002a3a0       sf_debug_hm_initialize_ids_in_chart 000000018002b3a0 f   sfc_debug:sfdb_handle_management.obj
 0001:0002a4a0       sf_debug_hm_initialize_chart 000000018002b4a0 f   sfc_debug:sfdb_handle_management.obj
 0001:0002aba0       sf_debug_hm_terminate      000000018002bba0 f   sfc_debug:sfdb_handle_management.obj
 0001:0002ac00       sf_debug_hm_initialize_machine 000000018002bc00 f   sfc_debug:sfdb_handle_management.obj
 0001:0002b320       sf_debug_ss_initialize     000000018002c320 f   sfc_debug:sfdb_symbol_scope.obj
 0001:0002b340       sf_debug_ss_terminate      000000018002c340 f   sfc_debug:sfdb_symbol_scope.obj
 0001:0002b3d0       sf_debug_ss_push_symbol_scope 000000018002c3d0 f   sfc_debug:sfdb_symbol_scope.obj
 0001:0002b4d0       sf_debug_ss_push_symbol_scope_eml 000000018002c4d0 f   sfc_debug:sfdb_symbol_scope.obj
 0001:0002b530       sf_debug_ss_pop_symbol_scope 000000018002c530 f   sfc_debug:sfdb_symbol_scope.obj
 0001:0002b5e0       sf_debug_ss_add_symbol     000000018002c5e0 f   sfc_debug:sfdb_symbol_scope.obj
 0001:0002b750       sf_debug_ss_add_symbol_eml 000000018002c750 f   sfc_debug:sfdb_symbol_scope.obj
 0001:0002c650       sf_debug_ss_set_data_value 000000018002d650 f   sfc_debug:sfdb_symbol_scope.obj
 0001:0002caa0       getInstanceNumber          000000018002daa0 f   sfc_debug:sfdb_symbol_scope.obj
 0001:0002cb70       sf_debug_ss_watch_data     000000018002db70 f   sfc_debug:sfdb_symbol_scope.obj
 0001:0002cd60       sf_debug_ss_assign_data    000000018002dd60 f   sfc_debug:sfdb_symbol_scope.obj
 0001:0002d770       get_data_entry_name        000000018002e770 f   sfc_debug:sfdb_symbol_scope.obj
 0001:0002d7c0       sf_debug_ss_whos           000000018002e7c0 f   sfc_debug:sfdb_symbol_scope.obj
 0001:0002de10       sf_debug_cc_initialize_chart 000000018002ee10 f   sfc_debug:sfdb_coverage.obj
 0001:0002e800       sf_debug_cc_initialize_instance 000000018002f800 f   sfc_debug:sfdb_coverage.obj
 0001:0002f540       sf_debug_cc_terminate      0000000180030540 f   sfc_debug:sfdb_coverage.obj
 0001:0002f630       sf_debug_cc_set_transition_maps 0000000180030630 f   sfc_debug:sfdb_coverage.obj
 0001:0002f760       sf_debug_cc_set_state_maps 0000000180030760 f   sfc_debug:sfdb_coverage.obj
 0001:0002f840       sf_debug_cc_set_transition_weights 0000000180030840 f   sfc_debug:sfdb_coverage.obj
 0001:0002fb00       sf_debug_cc_set_state_weights 0000000180030b00 f   sfc_debug:sfdb_coverage.obj
 0001:0002fdd0       sf_debug_cc_mark_transition_guard 0000000180030dd0 f   sfc_debug:sfdb_coverage.obj
 0001:0002fe60       sf_debug_cc_mark_transition_trigger 0000000180030e60 f   sfc_debug:sfdb_coverage.obj
 0001:0002fef0       sf_debug_cc_mark_transition_decision 0000000180030ef0 f   sfc_debug:sfdb_coverage.obj
 0001:0002ff60       sf_debug_cc_mark_transition_condition_action 0000000180030f60 f   sfc_debug:sfdb_coverage.obj
 0001:0002ffb0       sf_debug_cc_mark_transition_transition_action 0000000180030fb0 f   sfc_debug:sfdb_coverage.obj
 0001:00030000       sf_debug_cc_mark_state_entry 0000000180031000 f   sfc_debug:sfdb_coverage.obj
 0001:00030050       sf_debug_cc_mark_state_during 0000000180031050 f   sfc_debug:sfdb_coverage.obj
 0001:000300a0       sf_debug_cc_mark_state_exit 00000001800310a0 f   sfc_debug:sfdb_coverage.obj
 0001:000300f0       sf_debug_bm_clear_script_breakpoints 00000001800310f0 f   sfc_debug:sfdb_breakpoints.obj
 0001:00030120       sf_debug_bm_set_script_breakpoint 0000000180031120 f   sfc_debug:sfdb_breakpoints.obj
 0001:000301a0       sf_debug_bm_clear_single_script_breakpoint 00000001800311a0 f   sfc_debug:sfdb_breakpoints.obj
 0001:00030220       sf_debug_bm_query_script_breakpoint 0000000180031220 f   sfc_debug:sfdb_breakpoints.obj
 0001:00030270       sf_debug_bm_initialize_scripts 0000000180031270 f   sfc_debug:sfdb_breakpoints.obj
 0001:00030900       sf_debug_bm_terminate      0000000180031900 f   sfc_debug:sfdb_breakpoints.obj
 0001:00030be0       sf_debug_bm_remove_all_breakpoints_in_machine 0000000180031be0 f   sfc_debug:sfdb_breakpoints.obj
 0001:00030c40       sf_debug_bm_remove_all_breakpoints_in_chart 0000000180031c40 f   sfc_debug:sfdb_breakpoints.obj
 0001:00030d90       sf_debug_bm_initialize_global_breakpoints 0000000180031d90 f   sfc_debug:sfdb_breakpoints.obj
 0001:00030f10       sf_debug_bm_set_breakpoint 0000000180031f10 f   sfc_debug:sfdb_breakpoints.obj
 0001:000314d0       sf_debug_bm_set_eml_breakpoint 00000001800324d0 f   sfc_debug:sfdb_breakpoints.obj
 0001:00031560       sf_debug_bm_initialize_machine_breakpoint_map 0000000180032560 f   sfc_debug:sfdb_breakpoints.obj
 0001:00031980       sf_debug_bm_is_a_breakpoint 0000000180032980 f   sfc_debug:sfdb_breakpoints.obj
 0001:00031ea0       sf_debug_bm_get_all_breakpoints_in_machine 0000000180032ea0 f   sfc_debug:sfdb_breakpoints.obj
 0001:000321a0       sf_debug_bm_get_all_breakpoints_in_chart 00000001800331a0 f   sfc_debug:sfdb_breakpoints.obj
 0001:00032d30       sf_debug_bm_initialize_machine 0000000180033d30 f   sfc_debug:sfdb_breakpoints.obj
 0001:00032e00       sf_debug_bm_initialize_chart 0000000180033e00 f   sfc_debug:sfdb_breakpoints.obj
 0001:000331f0       sf_debug_sc_terminate      00000001800341f0 f   sfc_debug:sfdb_state_consistency.obj
 0001:00033510       sf_debug_sc_is_chart_consistent 0000000180034510 f   sfc_debug:sfdb_state_consistency.obj
 0001:000337c0       sf_debug_sc_get_consistency_error_info 00000001800347c0 f   sfc_debug:sfdb_state_consistency.obj
 0001:00033bd0       sf_debug_tm_terminate      0000000180034bd0 f   sfc_debug:sfdb_call_stack.obj
 0001:00033c80       sf_debug_tm_push_chart_instance 0000000180034c80 f   sfc_debug:sfdb_call_stack.obj
 0001:00033dc0       sf_debug_tm_pop_chart_instance 0000000180034dc0 f   sfc_debug:sfdb_call_stack.obj
 0001:00033e20       sf_debug_tm_push_trace_node 0000000180034e20 f   sfc_debug:sfdb_call_stack.obj
 0001:00033fa0       sf_debug_tm_pop_trace_node 0000000180034fa0 f   sfc_debug:sfdb_call_stack.obj
 0001:00034020       sf_debug_tm_get_current_global_trace_index 0000000180035020 f   sfc_debug:sfdb_call_stack.obj
 0001:00034030       sf_debug_tm_get_current_local_trace_index 0000000180035030 f   sfc_debug:sfdb_call_stack.obj
 0001:00034060       sf_debug_tm_set_cycle_detected_flag 0000000180035060 f   sfc_debug:sfdb_call_stack.obj
 0001:000340a0       sf_debug_tm_set_cycle_started_flag 00000001800350a0 f   sfc_debug:sfdb_call_stack.obj
 0001:000340e0       sf_debug_tm_get_chart_number_from_stack 00000001800350e0 f   sfc_debug:sfdb_call_stack.obj
 0001:000342e0       sf_debug_tm_browse_trace   00000001800352e0 f   sfc_debug:sfdb_call_stack.obj
 0001:000345f0       sf_debug_cd_initialize_instance 00000001800355f0 f   sfc_debug:sfdb_cycle_detection.obj
 0001:000348a0       sf_debug_cd_mark_processed_transition_in_instance 00000001800358a0 f   sfc_debug:sfdb_cycle_detection.obj
 0001:00034940       sf_debug_cd_checksum_push  0000000180035940 f   sfc_debug:sfdb_cycle_detection.obj
 0001:00034bf0       sf_debug_cd_checksum_pop   0000000180035bf0 f   sfc_debug:sfdb_cycle_detection.obj
 0001:00034c60       sf_debug_cd_turn_off_cycle_detection 0000000180035c60 f   sfc_debug:sfdb_cycle_detection.obj
 0001:00034cb0       sf_debug_cd_terminate      0000000180035cb0 f   sfc_debug:sfdb_cycle_detection.obj
 0001:00034ee0       md5_initialize_state       0000000180035ee0 f   sfc_debug:ckmd5.obj
 0001:00035970       md5_update_state           0000000180036970 f   sfc_debug:ckmd5.obj
 0001:00035990       md5_get_hash               0000000180036990 f   sfc_debug:ckmd5.obj
 0001:000359c0       md5_get_hash_for_a_single_string 00000001800369c0 f   sfc_debug:ckmd5.obj
 0001:00035a20       mxGetPr                    0000000180036a20 f   libmx:libmx.dll
 0001:00035a26       mxCreateDoubleScalar       0000000180036a26 f   libmx:libmx.dll
 0001:00035a2c       mxCreateDoubleMatrix_730   0000000180036a2c f   libmx:libmx.dll
 0001:00035a32       mxSetField_730             0000000180036a32 f   libmx:libmx.dll
 0001:00035a38       mxCreateString             0000000180036a38 f   libmx:libmx.dll
 0001:00035a3e       mxCreateStructMatrix_730   0000000180036a3e f   libmx:libmx.dll
 0001:00035a44       mxCreateCellMatrix_730     0000000180036a44 f   libmx:libmx.dll
 0001:00035a4a       mxDestroyArray             0000000180036a4a f   libmx:libmx.dll
 0001:00035a50       mxDuplicateArray           0000000180036a50 f   libmx:libmx.dll
 0001:00035a56       mxGetString_730            0000000180036a56 f   libmx:libmx.dll
 0001:00035a5c       mxIsChar                   0000000180036a5c f   libmx:libmx.dll
 0001:00035a62       mxGetClassID               0000000180036a62 f   libmx:libmx.dll
 0001:00035a68       mxIsNumeric                0000000180036a68 f   libmx:libmx.dll
 0001:00035a6e       mxIsComplex                0000000180036a6e f   libmx:libmx.dll
 0001:00035a74       mxGetN                     0000000180036a74 f   libmx:libmx.dll
 0001:00035a7a       mxGetM                     0000000180036a7a f   libmx:libmx.dll
 0001:00035a80       mxCalloc                   0000000180036a80 f   libmx:libmx.dll
 0001:00035a86       mxGetScalar                0000000180036a86 f   libmx:libmx.dll
 0001:00035a8c       mxIsLogical                0000000180036a8c f   libmx:libmx.dll
 0001:00035a92       mxCreateDoubleMatrix_700   0000000180036a92 f   libmx:libmx.dll
 0001:00035a98       mxFree                     0000000180036a98 f   libmx:libmx.dll
 0001:00035a9e       mxArrayToString            0000000180036a9e f   libmx:libmx.dll
 0001:00035aa4       mxCreateCellMatrix_700     0000000180036aa4 f   libmx:libmx.dll
 0001:00035aaa       mxSetCell_700              0000000180036aaa f   libmx:libmx.dll
 0001:00035ab0       mxGetCell_700              0000000180036ab0 f   libmx:libmx.dll
 0001:00035ab6       mxGetClassName             0000000180036ab6 f   libmx:libmx.dll
 0001:00035abc       mxSetField_700             0000000180036abc f   libmx:libmx.dll
 0001:00035ac2       mxAddField                 0000000180036ac2 f   libmx:libmx.dll
 0001:00035ac8       mxGetField_700             0000000180036ac8 f   libmx:libmx.dll
 0001:00035ace       mxGetNumberOfElements      0000000180036ace f   libmx:libmx.dll
 0001:00035ad4       mxIsStruct                 0000000180036ad4 f   libmx:libmx.dll
 0001:00035ada       mxIsA                      0000000180036ada f   libmx:libmx.dll
 0001:00035ae0       mxIsClass                  0000000180036ae0 f   libmx:libmx.dll
 0001:00035ae6       mxGetLogicals              0000000180036ae6 f   libmx:libmx.dll
 0001:00035aec       mxIsSparse                 0000000180036aec f   libmx:libmx.dll
 0001:00035af2       mxSetFieldByNumber_700     0000000180036af2 f   libmx:libmx.dll
 0001:00035af8       mxGetFieldByNumber_700     0000000180036af8 f   libmx:libmx.dll
 0001:00035afe       mxGetFieldNameByNumber     0000000180036afe f   libmx:libmx.dll
 0001:00035b04       mxGetNumberOfFields        0000000180036b04 f   libmx:libmx.dll
 0001:00035b0a       mxCreateStructMatrix_700   0000000180036b0a f   libmx:libmx.dll
 0001:00035b10       mxGetFieldNumber           0000000180036b10 f   libmx:libmx.dll
 0001:00035b16       mxIsNaN                    0000000180036b16 f   libmx:libmx.dll
 0001:00035b1c       mxIsEmpty                  0000000180036b1c f   libmx:libmx.dll
 0001:00035b22       mxGetData                  0000000180036b22 f   libmx:libmx.dll
 0001:00035b28       mxGetImagData              0000000180036b28 f   libmx:libmx.dll
 0001:00035b2e       mxArrayClassIDName         0000000180036b2e f   libmx:libmx.dll
 0001:00035b34       mxCreateNumericMatrix_700  0000000180036b34 f   libmx:libmx.dll
 0001:00035b3a       mxCreateStructArray_700    0000000180036b3a f   libmx:libmx.dll
 0001:00035b40       mxCalcSingleSubscript_700  0000000180036b40 f   libmx:libmx.dll
 0001:00035b46       mxGetDimensions_700        0000000180036b46 f   libmx:libmx.dll
 0001:00035b4c       mxGetNumberOfDimensions_700 0000000180036b4c f   libmx:libmx.dll
 0001:00035b52       mxCreateNumericArray_700   0000000180036b52 f   libmx:libmx.dll
 0001:00035b58       mxGetElementSize           0000000180036b58 f   libmx:libmx.dll
 0001:00035b5e       mxCreateStringFromNChars_700 0000000180036b5e f   libmx:libmx.dll
 0001:00035b64       mxGetString_700            0000000180036b64 f   libmx:libmx.dll
 0001:00035b6a       mxIsLogicalScalarTrue      0000000180036b6a f   libmx:libmx.dll
 0001:00035b70       mxCreateLogicalScalar      0000000180036b70 f   libmx:libmx.dll
 0001:00035b76       mexUnlock                  0000000180036b76 f   libmex:libmex.dll
 0001:00035b7c       mexIsLocked                0000000180036b7c f   libmex:libmex.dll
 0001:00035b82       mexWarnMsgTxt              0000000180036b82 f   libmex:libmex.dll
 0001:00035b88       mexCallMATLAB              0000000180036b88 f   libmex:libmex.dll
 0001:00035b8e       mexErrMsgTxt               0000000180036b8e f   libmex:libmex.dll
 0001:00035b94       mexMakeArrayPersistent     0000000180036b94 f   libmex:libmex.dll
 0001:00035b9a       mexSetTrapFlag             0000000180036b9a f   libmex:libmex.dll
 0001:00035ba0       mexPutVariable             0000000180036ba0 f   libmex:libmex.dll
 0001:00035ba6       mexGetVariable             0000000180036ba6 f   libmex:libmex.dll
 0001:00035bac       mexLock                    0000000180036bac f   libmex:libmex.dll
 0001:00035bb2       mexMakeMemoryPersistent    0000000180036bb2 f   libmex:libmex.dll
 0001:00035bb8       mexFunctionName            0000000180036bb8 f   libmex:libmex.dll
 0001:00035bbe       ssRegisterDataTypeFxpFSlopeFixExpBias 0000000180036bbe f   libfixedpoint:libfixedpoint.dll
 0001:00035bc4       ssRegisterDataTypeFxpScaledDouble 0000000180036bc4 f   libfixedpoint:libfixedpoint.dll
 0001:00035bca       utMalloc                   0000000180036bca f   libut:libut.dll
 0001:00035bd0       utFree                     0000000180036bd0 f   libut:libut.dll
 0001:00035bd6       utVSNprintf                0000000180036bd6 f   libut:libut.dll
 0001:00035bdc       utCPUtime                  0000000180036bdc f   libut:libut.dll
 0001:00035be2       utCalloc                   0000000180036be2 f   libut:libut.dll
 0001:00035be8       utRealloc                  0000000180036be8 f   libut:libut.dll
 0001:00035bee       muDoubleScalarSin          0000000180036bee f   libmwmathutil:libmwmathutil.dll
 0001:00035bf4       emlrtCreateRootTLS         0000000180036bf4 f   libemlrt:libemlrt.dll
 0001:00035bfa       emlrtDestroyRootTLS        0000000180036bfa f   libemlrt:libemlrt.dll
 0001:00035c00       emlrtCheckBuiltInR2012b    0000000180036c00 f   libemlrt:libemlrt.dll
 0001:00035c06       emlrtCheckVsBuiltInR2012b  0000000180036c06 f   libemlrt:libemlrt.dll
 0001:00035c0c       emlrtCheckEnumR2012b       0000000180036c0c f   libemlrt:libemlrt.dll
 0001:00035c12       emlrtCreateEnumR2012b      0000000180036c12 f   libemlrt:libemlrt.dll
 0001:00035c18       emlrtGetEnumElementR2009a  0000000180036c18 f   libemlrt:libemlrt.dll
 0001:00035c1e       emlrtCreateReference       0000000180036c1e f   libemlrt:libemlrt.dll
 0001:00035c24       emlrtImportVsFiArrayR2009b 0000000180036c24 f   libemlrt:libemlrt.dll
 0001:00035c2a       emlrtNameCapturePostProcessR2012a 0000000180036c2a f   libemlrt:libemlrt.dll
 0001:00035c30       emlrtExtractMessageId      0000000180036c30 f   libemlrt:libemlrt.dll
 0001:00035c36       emlrtTranslateMessageIDtoLCPstring 0000000180036c36 f   libemlrt:libemlrt.dll
 0001:00035c3c       emlrtForLoopVectorIsValidR2011b 0000000180036c3c f   libemlrt:libemlrt.dll
 0001:00035c42       emlrtTranslateUTF16MessagetoLCPstring 0000000180036c42 f   libemlrt:libemlrt.dll
 0001:00035c48       emlrtGetEnumUnderlyingArrayR2009a 0000000180036c48 f   libemlrt:libemlrt.dll
 0001:00035c4e       emlrtIsEnumR2009a          0000000180036c4e f   libemlrt:libemlrt.dll
 0001:00035c60       ControledSyncGenLib_initializer 0000000180036c60 f   ControledSyncGenLib_sfun:ControledSyncGenLib_sfun.obj
 0001:00035c70       ControledSyncGenLib_terminator 0000000180036c70 f   ControledSyncGenLib_sfun:ControledSyncGenLib_sfun.obj
 0001:00035c80       sf_ControledSyncGenLib_method_dispatcher 0000000180036c80 f   ControledSyncGenLib_sfun:ControledSyncGenLib_sfun.obj
 0001:00035cd0       sf_ControledSyncGenLib_process_check_sum_call 0000000180036cd0 f   ControledSyncGenLib_sfun:ControledSyncGenLib_sfun.obj
 0001:00035fa0       sf_ControledSyncGenLib_autoinheritance_info 0000000180036fa0 f   ControledSyncGenLib_sfun:ControledSyncGenLib_sfun.obj
 0001:00036110       sf_ControledSyncGenLib_get_eml_resolved_functions_info 0000000180037110 f   ControledSyncGenLib_sfun:ControledSyncGenLib_sfun.obj
 0001:00036240       sf_ControledSyncGenLib_third_party_uses_info 0000000180037240 f   ControledSyncGenLib_sfun:ControledSyncGenLib_sfun.obj
 0001:00036390       ControledSyncGenLib_debug_initialize 0000000180037390 f   ControledSyncGenLib_sfun:ControledSyncGenLib_sfun.obj
 0001:00036420       ControledSyncGenLib_register_exported_symbols 0000000180037420 f   ControledSyncGenLib_sfun:ControledSyncGenLib_sfun.obj
 0001:00036430       load_ControledSyncGenLib_optimization_info 0000000180037430 f   ControledSyncGenLib_sfun:ControledSyncGenLib_sfun.obj
 0001:00036480       unload_ControledSyncGenLib_optimization_info 0000000180037480 f   ControledSyncGenLib_sfun:ControledSyncGenLib_sfun.obj
 0001:000364b0       sf_c2_ControledSyncGenLib_get_eml_resolved_functions_info 00000001800374b0 f   ControledSyncGenLib_sfun:c2_ControledSyncGenLib.obj
 0001:000371b0       sf_c2_ControledSyncGenLib_get_check_sum 00000001800381b0 f   ControledSyncGenLib_sfun:c2_ControledSyncGenLib.obj
 0001:00037230       sf_c2_ControledSyncGenLib_get_autoinheritance_info 0000000180038230 f   ControledSyncGenLib_sfun:c2_ControledSyncGenLib.obj
 0001:000378e0       sf_c2_ControledSyncGenLib_third_party_uses_info 00000001800388e0 f   ControledSyncGenLib_sfun:c2_ControledSyncGenLib.obj
 0001:00037910       sf_internal_get_sim_state_c2_ControledSyncGenLib 0000000180038910 f   ControledSyncGenLib_sfun:c2_ControledSyncGenLib.obj
 0001:00037c60       sf_internal_set_sim_state_c2_ControledSyncGenLib 0000000180038c60 f   ControledSyncGenLib_sfun:c2_ControledSyncGenLib.obj
 0001:00038060       c2_ControledSyncGenLib_method_dispatcher 0000000180039060 f   ControledSyncGenLib_sfun:c2_ControledSyncGenLib.obj
 0001:0003a260       SyncGenLib_initializer     000000018003b260 f   SyncGenLib_sfun:SyncGenLib_sfun.obj
 0001:0003a270       SyncGenLib_terminator      000000018003b270 f   SyncGenLib_sfun:SyncGenLib_sfun.obj
 0001:0003a280       sf_SyncGenLib_method_dispatcher 000000018003b280 f   SyncGenLib_sfun:SyncGenLib_sfun.obj
 0001:0003a2f0       sf_SyncGenLib_process_check_sum_call 000000018003b2f0 f   SyncGenLib_sfun:SyncGenLib_sfun.obj
 0001:0003a5d0       sf_SyncGenLib_autoinheritance_info 000000018003b5d0 f   SyncGenLib_sfun:SyncGenLib_sfun.obj
 0001:0003a790       sf_SyncGenLib_get_eml_resolved_functions_info 000000018003b790 f   SyncGenLib_sfun:SyncGenLib_sfun.obj
 0001:0003a900       sf_SyncGenLib_third_party_uses_info 000000018003b900 f   SyncGenLib_sfun:SyncGenLib_sfun.obj
 0001:0003aa80       SyncGenLib_debug_initialize 000000018003ba80 f   SyncGenLib_sfun:SyncGenLib_sfun.obj
 0001:0003ab10       SyncGenLib_register_exported_symbols 000000018003bb10 f   SyncGenLib_sfun:SyncGenLib_sfun.obj
 0001:0003ab20       load_SyncGenLib_optimization_info 000000018003bb20 f   SyncGenLib_sfun:SyncGenLib_sfun.obj
 0001:0003ab70       unload_SyncGenLib_optimization_info 000000018003bb70 f   SyncGenLib_sfun:SyncGenLib_sfun.obj
 0001:0003aba0       sf_c4_SyncGenLib_get_eml_resolved_functions_info 000000018003bba0 f   SyncGenLib_sfun:c4_SyncGenLib.obj
 0001:0003b350       sf_c4_SyncGenLib_get_check_sum 000000018003c350 f   SyncGenLib_sfun:c4_SyncGenLib.obj
 0001:0003b3d0       sf_c4_SyncGenLib_get_autoinheritance_info 000000018003c3d0 f   SyncGenLib_sfun:c4_SyncGenLib.obj
 0001:0003ba90       sf_c4_SyncGenLib_third_party_uses_info 000000018003ca90 f   SyncGenLib_sfun:c4_SyncGenLib.obj
 0001:0003bac0       sf_internal_get_sim_state_c4_SyncGenLib 000000018003cac0 f   SyncGenLib_sfun:c4_SyncGenLib.obj
 0001:0003bf90       sf_internal_set_sim_state_c4_SyncGenLib 000000018003cf90 f   SyncGenLib_sfun:c4_SyncGenLib.obj
 0001:0003c420       c4_SyncGenLib_method_dispatcher 000000018003d420 f   SyncGenLib_sfun:c4_SyncGenLib.obj
 0001:0003e3f0       sf_c3_SyncGenLib_get_eml_resolved_functions_info 000000018003f3f0 f   SyncGenLib_sfun:c3_SyncGenLib.obj
 0001:0003ec90       sf_c3_SyncGenLib_get_check_sum 000000018003fc90 f   SyncGenLib_sfun:c3_SyncGenLib.obj
 0001:0003ed10       sf_c3_SyncGenLib_get_autoinheritance_info 000000018003fd10 f   SyncGenLib_sfun:c3_SyncGenLib.obj
 0001:0003f3d0       sf_c3_SyncGenLib_third_party_uses_info 00000001800403d0 f   SyncGenLib_sfun:c3_SyncGenLib.obj
 0001:0003f400       sf_internal_get_sim_state_c3_SyncGenLib 0000000180040400 f   SyncGenLib_sfun:c3_SyncGenLib.obj
 0001:0003f8e0       sf_internal_set_sim_state_c3_SyncGenLib 00000001800408e0 f   SyncGenLib_sfun:c3_SyncGenLib.obj
 0001:0003fd70       c3_SyncGenLib_method_dispatcher 0000000180040d70 f   SyncGenLib_sfun:c3_SyncGenLib.obj
 0001:00041d3c       __GSHandlerCheckCommon     0000000180042d3c f   MSVCRT:gshandler.obj
 0001:00041da0       __GSHandlerCheck           0000000180042da0 f   MSVCRT:gshandler.obj
 0001:00041dbe       strlen                     0000000180042dbe f   MSVCRT:MSVCR100.dll
 0001:00041de0       __security_check_cookie    0000000180042de0 f   MSVCRT:amdsecgs.obj
 0001:00041e00       memset                     0000000180042e00 f   MSVCRT:MSVCR100.dll
 0001:00041e06       strcmp                     0000000180042e06 f   MSVCRT:MSVCR100.dll
 0001:00041e0c       free                       0000000180042e0c f   MSVCRT:MSVCR100.dll
 0001:00041e12       sprintf                    0000000180042e12 f   MSVCRT:MSVCR100.dll
 0001:00041e18       malloc                     0000000180042e18 f   MSVCRT:MSVCR100.dll
 0001:00041e1e       strcat                     0000000180042e1e f   MSVCRT:MSVCR100.dll
 0001:00041e24       memcpy                     0000000180042e24 f   MSVCRT:MSVCR100.dll
 0001:00041e2c       NtCurrentTeb               0000000180042e2c f i MSVCRT:crtdll.obj
 0001:00041e98       _CRT_INIT                  0000000180042e98 f   MSVCRT:crtdll.obj
 0001:00042230       _DllMainCRTStartup         0000000180043230 f   MSVCRT:crtdll.obj
 0001:0004226e       strncpy                    000000018004326e f   MSVCRT:MSVCR100.dll
 0001:00042290       _alloca_probe              0000000180043290     MSVCRT:chkstk.obj
 0001:00042290       __chkstk                   0000000180043290 f   MSVCRT:chkstk.obj
 0001:000422de       longjmp                    00000001800432de f   MSVCRT:MSVCR100.dll
 0001:000422e4       strncmp                    00000001800432e4 f   MSVCRT:MSVCR100.dll
 0001:000422ea       ceil                       00000001800432ea f   MSVCRT:MSVCR100.dll
 0001:000422f0       strrchr                    00000001800432f0 f   MSVCRT:MSVCR100.dll
 0001:000422f6       _setjmp                    00000001800432f6 f   MSVCRT:MSVCR100.dll
 0001:000422fc       ldexp                      00000001800432fc f   MSVCRT:MSVCR100.dll
 0001:00042304       __report_gsfailure         0000000180043304 f   MSVCRT:gs_report.obj
 0001:00042450       __clean_type_info_names    0000000180043450 f   MSVCRT:tncleanup.obj
 0001:0004245c       _onexit                    000000018004345c f   MSVCRT:atonexit.obj
 0001:0004250c       atexit                     000000018004350c f   MSVCRT:atonexit.obj
 0001:00042524       _RTC_Initialize            0000000180043524 f   MSVCRT:_initsect_.obj
 0001:0004255c       _RTC_Terminate             000000018004355c f   MSVCRT:_initsect_.obj
 0001:00042594       _malloc_crt                0000000180043594 f   MSVCRT:MSVCR100.dll
 0001:000425a0       _ValidateImageBase         00000001800435a0 f   MSVCRT:pesect.obj
 0001:000425d0       _FindPESection             00000001800435d0 f   MSVCRT:pesect.obj
 0001:00042620       _IsNonwritableInCurrentImage 0000000180043620 f   MSVCRT:pesect.obj
 0001:00042662       _initterm                  0000000180043662 f   MSVCRT:MSVCR100.dll
 0001:00042668       _initterm_e                0000000180043668 f   MSVCRT:MSVCR100.dll
 0001:0004266e       _encoded_null              000000018004366e f   MSVCRT:MSVCR100.dll
 0001:00042674       _amsg_exit                 0000000180043674 f   MSVCRT:MSVCR100.dll
 0001:0004267a       __C_specific_handler       000000018004367a f   MSVCRT:MSVCR100.dll
 0001:00042680       __CppXcptFilter            0000000180043680 f   MSVCRT:MSVCR100.dll
 0001:00042688       DllMain                    0000000180043688 f   MSVCRT:dllmain.obj
 0001:000426ac       __security_init_cookie     00000001800436ac f   MSVCRT:gs_support.obj
 0001:00042760       __crt_debugger_hook        0000000180043760 f   MSVCRT:MSVCR100.dll
 0001:00042766       __clean_type_info_names_internal 0000000180043766 f   MSVCRT:MSVCR100.dll
 0001:0004276c       _unlock                    000000018004376c f   MSVCRT:MSVCR100.dll
 0001:00042772       __dllonexit                0000000180043772 f   MSVCRT:MSVCR100.dll
 0001:00042778       _lock                      0000000180043778 f   MSVCRT:MSVCR100.dll
 0001:0004277e       EncodePointer              000000018004377e f   kernel32:KERNEL32.dll
 0001:00042784       DecodePointer              0000000180043784 f   kernel32:KERNEL32.dll
 0001:0004278a       Sleep                      000000018004378a f   kernel32:KERNEL32.dll
 0001:00042790       TerminateProcess           0000000180043790 f   kernel32:KERNEL32.dll
 0001:00042796       GetCurrentProcess          0000000180043796 f   kernel32:KERNEL32.dll
 0001:0004279c       UnhandledExceptionFilter   000000018004379c f   kernel32:KERNEL32.dll
 0001:000427a2       SetUnhandledExceptionFilter 00000001800437a2 f   kernel32:KERNEL32.dll
 0001:000427a8       IsDebuggerPresent          00000001800437a8 f   kernel32:KERNEL32.dll
 0001:000427ae       RtlVirtualUnwind           00000001800437ae f   kernel32:KERNEL32.dll
 0001:000427b4       RtlLookupFunctionEntry     00000001800437b4 f   kernel32:KERNEL32.dll
 0001:000427ba       RtlCaptureContext          00000001800437ba f   kernel32:KERNEL32.dll
 0001:000427c0       DisableThreadLibraryCalls  00000001800437c0 f   kernel32:KERNEL32.dll
 0001:000427c6       QueryPerformanceCounter    00000001800437c6 f   kernel32:KERNEL32.dll
 0001:000427cc       GetTickCount               00000001800437cc f   kernel32:KERNEL32.dll
 0001:000427d2       GetCurrentThreadId         00000001800437d2 f   kernel32:KERNEL32.dll
 0001:000427d8       GetCurrentProcessId        00000001800437d8 f   kernel32:KERNEL32.dll
 0001:000427de       GetSystemTimeAsFileTime    00000001800437de f   kernel32:KERNEL32.dll
 0001:000427e4       muDoubleScalarSqrt         00000001800437e4 f   libmwmathutil:libmwmathutil.dll
[...]
 0001:000229b0       sfc_api_get_current_chart_id 00000001800239b0 f   sfc_debug:sfc_api.obj
 0001:000229e0       sfc_api_get_current_object_type 00000001800239e0 f   sfc_debug:sfc_api.obj
 0001:00022a10       sfc_api_get_current_event_type 0000000180023a10 f   sfc_debug:sfc_api.obj
 0001:00022a40       sfc_api_get_current_object_id 0000000180023a40 f   sfc_debug:sfc_api.obj
 0001:00022a70       sfc_get_current_active_event_type 0000000180023a70 f   sfc_debug:sfc_api.obj
 0001:00022aa0       sfc_api_get_current_active_event_id 0000000180023aa0 f   sfc_debug:sfc_api.obj
 0001:00022ad0       sfc_api_get_current_simulation_time 0000000180023ad0 f   sfc_debug:sfc_api.obj
 0001:00022af0       sfc_get_current_tag_type   0000000180023af0 f   sfc_debug:sfc_api.obj
 0001:00022b20       sfc_get_current_coverage_percentage 0000000180023b20 f   sfc_debug:sfc_api.obj
 0001:00022b40       sfc_get_current_statement_context 0000000180023b40 f   sfc_debug:sfc_api.obj
 0001:00022b60       sfc_get_current_optional_integer 0000000180023b60 f   sfc_debug:sfc_api.obj
 0001:00022b90       sfc_get_current_statement_info 0000000180023b90 f   sfc_debug:sfc_api.obj
 0001:00022c30       sfc_api_get                0000000180023c30 f   sfc_debug:sfc_api.obj
 0001:00023890       sf_debug_sm_fill_state_activity_data 0000000180024890 f   sfc_debug:sfdb_animation.obj
 0001:000260d0       void_ptr_stack_vector_free_total 00000001800270d0 f   sfc_debug:sfdb_data_browse.obj
 0001:00026150       sf_debug_st_terminate_machine 0000000180027150 f   sfc_debug:sfdb_data_browse.obj
 0001:00026190       sf_debug_st_terminate_instance 0000000180027190 f   sfc_debug:sfdb_data_browse.obj
 0001:00026540       push_on_to_void_ptr_stack  0000000180027540 f   sfc_debug:sfdb_data_browse.obj
 0001:000266d0       pop_from_void_ptr_stack    00000001800276d0 f   sfc_debug:sfdb_data_browse.obj
 0001:00026800       sf_debug_st_get_data_value 0000000180027800 f   sfc_debug:sfdb_data_browse.obj
 0001:00026d30       mx_value                   0000000180027d30 f   sfc_debug:sfdb_data_browse.obj
 0001:00026d70       sf_debug_st_fill_data_struct 0000000180027d70 f   sfc_debug:sfdb_data_browse.obj
 0001:000270b0       data_type_format_strings   00000001800280b0 f   sfc_debug:sfdb_data_browse.obj
 0001:00027160       sf_debug_st_fill_data      0000000180028160 f   sfc_debug:sfdb_data_browse.obj
 0001:00027e50       sf_debug_hm_get_simulink_handle 0000000180028e50 f   sfc_debug:sfdb_handle_management.obj
 0001:00028900       sf_debug_hm_initialize_globals 0000000180029900 f   sfc_debug:sfdb_handle_management.obj
 0001:00028a00       sf_debug_hm_get_machine_debug_flag 0000000180029a00 f   sfc_debug:sfdb_handle_management.obj
 0001:00028b70       sf_debug_hm_get_machine_id 0000000180029b70 f   sfc_debug:sfdb_handle_management.obj
 0001:00028c90       sf_debug_hm_get_chart_id   0000000180029c90 f   sfc_debug:sfdb_handle_management.obj
 0001:00028e30       sf_debug_hm_register_executing_SFunction 0000000180029e30 f   sfc_debug:sfdb_handle_management.obj
 0001:000291c0       sf_debug_hm_form_object_boolean_properties 000000018002a1c0 f   sfc_debug:sfdb_handle_management.obj
 0001:00029490       sf_debug_hm_form_object_properties 000000018002a490 f   sfc_debug:sfdb_handle_management.obj
 0001:000296d0       sf_debug_hm_terminate_charts 000000018002a6d0 f   sfc_debug:sfdb_handle_management.obj
 0001:00029db0       sf_debug_hm_terminate_machines 000000018002adb0 f   sfc_debug:sfdb_handle_management.obj
 0001:0002b820       sf_debug_ss_copy_dimension 000000018002c820 f   sfc_debug:sfdb_symbol_scope.obj
 0001:0002b8e0       sf_debug_ss_get_number_elements 000000018002c8e0 f   sfc_debug:sfdb_symbol_scope.obj
 0001:0002b900       sf_debug_ss_fill_data_struct 000000018002c900 f   sfc_debug:sfdb_symbol_scope.obj
 0001:0002bc50       sf_debug_ss_reset_data_info 000000018002cc50 f   sfc_debug:sfdb_symbol_scope.obj
 0001:0002bcb0       sf_debug_fill_data_info_by_symbol_scope_entry 000000018002ccb0 f   sfc_debug:sfdb_symbol_scope.obj
 0001:0002bd70       sf_debug_fill_data_info_by_data_vector 000000018002cd70 f   sfc_debug:sfdb_symbol_scope.obj
 0001:0002bfc0       get_data_info_helper       000000018002cfc0 f   sfc_debug:sfdb_symbol_scope.obj
 0001:0002c2b0       sf_debug_ss_get_data_info  000000018002d2b0 f   sfc_debug:sfdb_symbol_scope.obj
 0001:0002c4d0       sf_debug_select_mex_function 000000018002d4d0 f   sfc_debug:sfdb_symbol_scope.obj
 0001:0002c500       sf_debug_is_dyn_matrix_initialized 000000018002d500 f   sfc_debug:sfdb_symbol_scope.obj
 0001:0002c520       sf_debug_ss_set_data_value_try 000000018002d520 f   sfc_debug:sfdb_symbol_scope.obj
 0001:0002c710       sf_debug_ss_get_data_value 000000018002d710 f   sfc_debug:sfdb_symbol_scope.obj
 0001:0002ce70       sf_debug_ss_data_bytes_string 000000018002de70 f   sfc_debug:sfdb_symbol_scope.obj
 0001:0002cf00       sf_debug_ss_data_class_string 000000018002df00 f   sfc_debug:sfdb_symbol_scope.obj
 0001:0002d280       sf_debug_ss_data_size_string 000000018002e280 f   sfc_debug:sfdb_symbol_scope.obj
 0001:0002d360       sf_debug_ss_data_create_data_info_struct 000000018002e360 f   sfc_debug:sfdb_symbol_scope.obj
 0001:0002d610       sf_debug_ss_data_create_name_value_pair 000000018002e610 f   sfc_debug:sfdb_symbol_scope.obj
 0001:0002d6b0       sf_debug_ss_data_get_whos_info 000000018002e6b0 f   sfc_debug:sfdb_symbol_scope.obj
 0001:0002d6c0       same_named_data_in_data_array 000000018002e6c0 f   sfc_debug:sfdb_symbol_scope.obj
 0001:0002ee50       sf_debug_cc_terminate_chart 000000018002fe50 f   sfc_debug:sfdb_coverage.obj
 0001:0002f160       sf_debug_cc_terminate_instance 0000000180030160 f   sfc_debug:sfdb_coverage.obj
 0001:0002fd30       sf_debug_cc_mark_object_if_needed 0000000180030d30 f   sfc_debug:sfdb_coverage.obj
 0001:000305b0       sf_debug_bm_initialize_eml 00000001800315b0 f   sfc_debug:sfdb_breakpoints.obj
 0001:00031670       sf_debug_bm_map_debug_tag_to_breakpoint_tag 0000000180032670 f   sfc_debug:sfdb_breakpoints.obj
 0001:00031750       sf_debug_bm_is_a_eml_breakpoint_impl 0000000180032750 f   sfc_debug:sfdb_breakpoints.obj
 0001:00033080       sf_debug_sc_push_on_error_stack 0000000180034080 f   sfc_debug:sfdb_state_consistency.obj
 0001:000331a0       sf_debug_sc_reset_error_stack 00000001800341a0 f   sfc_debug:sfdb_state_consistency.obj
 0001:00033330       sf_debug_sc_is_state_inconsistent 0000000180034330 f   sfc_debug:sfdb_state_consistency.obj
 0001:00033620       sf_debug_sc_fill_consistency_info 0000000180034620 f   sfc_debug:sfdb_state_consistency.obj
 0001:00033bc0       void_assertion_fcn         0000000180034bc0 f   sfc_debug:sfdb_call_stack.obj
 0001:00034110       sf_debug_tm_fill_local_trace 0000000180035110 f   sfc_debug:sfdb_call_stack.obj
 0001:000346b0       sf_debug_cd_terminate_instance 00000001800356b0 f   sfc_debug:sfdb_cycle_detection.obj
 0001:00034710       sf_debug_cd_free_checksum_stack 0000000180035710 f   sfc_debug:sfdb_cycle_detection.obj
 0001:00034760       sf_debug_cd_reset_pack_strings 0000000180035760 f   sfc_debug:sfdb_cycle_detection.obj
 0001:00034e00       md5file_clear              0000000180035e00 f   sfc_debug:ckmd5.obj
 0001:00034e30       Encode                     0000000180035e30 f   sfc_debug:ckmd5.obj
 0001:00034e80       Decode                     0000000180035e80 f   sfc_debug:ckmd5.obj
 0001:00034f20       MD5Transform               0000000180035f20 f   sfc_debug:ckmd5.obj
 0001:00035780       md5file_addn               0000000180036780 f   sfc_debug:ckmd5.obj
 0001:00035850       md5file_hash               0000000180036850 f   sfc_debug:ckmd5.obj
 0001:00036960       c2_info_helper             0000000180037960 f   ControledSyncGenLib_sfun:c2_ControledSyncGenLib.obj
 0001:00037a00       get_sim_state_c2_ControledSyncGenLib 0000000180038a00 f   ControledSyncGenLib_sfun:c2_ControledSyncGenLib.obj
 0001:00037ba0       sf_get_sim_state_info_c2_ControledSyncGenLib 0000000180038ba0 f   ControledSyncGenLib_sfun:c2_ControledSyncGenLib.obj
 0001:00037d80       set_sim_state_c2_ControledSyncGenLib 0000000180038d80 f   ControledSyncGenLib_sfun:c2_ControledSyncGenLib.obj
 0001:00037e60       c2_update_debugger_state_c2_ControledSyncGenLib 0000000180038e60 f   ControledSyncGenLib_sfun:c2_ControledSyncGenLib.obj
 0001:00037e70       c2_emlrt_marshallIn        0000000180038e70 f   ControledSyncGenLib_sfun:c2_ControledSyncGenLib.obj
 0001:00037ee0       c2_b_emlrt_marshallIn      0000000180038ee0 f   ControledSyncGenLib_sfun:c2_ControledSyncGenLib.obj
 0001:00037f70       c2_d_emlrt_marshallIn      0000000180038f70 f   ControledSyncGenLib_sfun:c2_ControledSyncGenLib.obj
 0001:00037fd0       c2_e_emlrt_marshallIn      0000000180038fd0 f   ControledSyncGenLib_sfun:c2_ControledSyncGenLib.obj
 0001:000380d0       mdlProcessParameters_c2_ControledSyncGenLib 00000001800390d0 f   ControledSyncGenLib_sfun:c2_ControledSyncGenLib.obj
 0001:00038190       initialize_params_c2_ControledSyncGenLib 0000000180039190 f   ControledSyncGenLib_sfun:c2_ControledSyncGenLib.obj
 0001:000381a0       mdlSetWorkWidths_c2_ControledSyncGenLib 00000001800391a0 f   ControledSyncGenLib_sfun:c2_ControledSyncGenLib.obj
 0001:000386f0       sf_get_instance_specialization 00000001800396f0 f   ControledSyncGenLib_sfun:c2_ControledSyncGenLib.obj
 0001:00038700       mdlStart_c2_ControledSyncGenLib 0000000180039700 f   ControledSyncGenLib_sfun:c2_ControledSyncGenLib.obj
 0001:00038900       init_dsm_address_info      0000000180039900 f   ControledSyncGenLib_sfun:c2_ControledSyncGenLib.obj
 0001:00038910       chart_debug_initialization 0000000180039910 f   ControledSyncGenLib_sfun:c2_ControledSyncGenLib.obj
 0001:000393d0       init_script_number_translation 000000018003a3d0 f   ControledSyncGenLib_sfun:c2_ControledSyncGenLib.obj
 0001:000393e0       c2_sf_marshallOut          000000018003a3e0 f   ControledSyncGenLib_sfun:c2_ControledSyncGenLib.obj
 0001:00039490       c2_sf_marshallIn           000000018003a490 f   ControledSyncGenLib_sfun:c2_ControledSyncGenLib.obj
 0001:00039530       sf_opaque_initialize_c2_ControledSyncGenLib 000000018003a530 f   ControledSyncGenLib_sfun:c2_ControledSyncGenLib.obj
 0001:00039570       initialize_c2_ControledSyncGenLib 000000018003a570 f   ControledSyncGenLib_sfun:c2_ControledSyncGenLib.obj
 0001:000395c0       sf_opaque_enable_c2_ControledSyncGenLib 000000018003a5c0 f   ControledSyncGenLib_sfun:c2_ControledSyncGenLib.obj
 0001:000395e0       enable_c2_ControledSyncGenLib 000000018003a5e0 f   ControledSyncGenLib_sfun:c2_ControledSyncGenLib.obj
 0001:00039610       sf_opaque_disable_c2_ControledSyncGenLib 000000018003a610 f   ControledSyncGenLib_sfun:c2_ControledSyncGenLib.obj
 0001:00039630       disable_c2_ControledSyncGenLib 000000018003a630 f   ControledSyncGenLib_sfun:c2_ControledSyncGenLib.obj
 0001:00039660       sf_opaque_gateway_c2_ControledSyncGenLib 000000018003a660 f   ControledSyncGenLib_sfun:c2_ControledSyncGenLib.obj
 0001:00039680       sf_c2_ControledSyncGenLib  000000018003a680 f   ControledSyncGenLib_sfun:c2_ControledSyncGenLib.obj
 0001:00039e80       c2_mpower                  000000018003ae80 f   ControledSyncGenLib_sfun:c2_ControledSyncGenLib.obj
 0001:00039f10       c2_eml_scalar_eg           000000018003af10 f   ControledSyncGenLib_sfun:c2_ControledSyncGenLib.obj
 0001:00039f20       c2_eml_error               000000018003af20 f   ControledSyncGenLib_sfun:c2_ControledSyncGenLib.obj
 0001:0003a110       sf_opaque_get_sim_state_c2_ControledSyncGenLib 000000018003b110 f   ControledSyncGenLib_sfun:c2_ControledSyncGenLib.obj
 0001:0003a130       sf_opaque_set_sim_state_c2_ControledSyncGenLib 000000018003b130 f   ControledSyncGenLib_sfun:c2_ControledSyncGenLib.obj
 0001:0003a160       sf_opaque_terminate_c2_ControledSyncGenLib 000000018003b160 f   ControledSyncGenLib_sfun:c2_ControledSyncGenLib.obj
 0001:0003a1e0       finalize_c2_ControledSyncGenLib 000000018003b1e0 f   ControledSyncGenLib_sfun:c2_ControledSyncGenLib.obj
 0001:0003a1f0       sf_opaque_init_subchart_simstructs 000000018003b1f0 f   ControledSyncGenLib_sfun:c2_ControledSyncGenLib.obj
 0001:0003a210       initSimStructsc2_ControledSyncGenLib 000000018003b210 f   ControledSyncGenLib_sfun:c2_ControledSyncGenLib.obj
 0001:0003a220       mdlRTW_c2_ControledSyncGenLib 000000018003b220 f   ControledSyncGenLib_sfun:c2_ControledSyncGenLib.obj
 0001:0003bbb0       get_sim_state_c4_SyncGenLib 000000018003cbb0 f   SyncGenLib_sfun:c4_SyncGenLib.obj
 0001:0003bed0       sf_get_sim_state_info_c4_SyncGenLib 000000018003ced0 f   SyncGenLib_sfun:c4_SyncGenLib.obj
 0001:0003c0b0       set_sim_state_c4_SyncGenLib 000000018003d0b0 f   SyncGenLib_sfun:c4_SyncGenLib.obj
 0001:0003c220       c4_update_debugger_state_c4_SyncGenLib 000000018003d220 f   SyncGenLib_sfun:c4_SyncGenLib.obj
 0001:0003c230       c4_emlrt_marshallIn        000000018003d230 f   SyncGenLib_sfun:c4_SyncGenLib.obj
 0001:0003c2a0       c4_b_emlrt_marshallIn      000000018003d2a0 f   SyncGenLib_sfun:c4_SyncGenLib.obj
 0001:0003c330       c4_d_emlrt_marshallIn      000000018003d330 f   SyncGenLib_sfun:c4_SyncGenLib.obj
 0001:0003c390       c4_e_emlrt_marshallIn      000000018003d390 f   SyncGenLib_sfun:c4_SyncGenLib.obj
 0001:0003c490       mdlProcessParameters_c4_SyncGenLib 000000018003d490 f   SyncGenLib_sfun:c4_SyncGenLib.obj
 0001:0003c550       initialize_params_c4_SyncGenLib 000000018003d550 f   SyncGenLib_sfun:c4_SyncGenLib.obj
 0001:0003c560       mdlSetWorkWidths_c4_SyncGenLib 000000018003d560 f   SyncGenLib_sfun:c4_SyncGenLib.obj
 0001:0003ca50       sf_get_instance_specialization 000000018003da50 f   SyncGenLib_sfun:c4_SyncGenLib.obj
 0001:0003ca60       mdlStart_c4_SyncGenLib     000000018003da60 f   SyncGenLib_sfun:c4_SyncGenLib.obj
 0001:0003cc60       init_dsm_address_info      000000018003dc60 f   SyncGenLib_sfun:c4_SyncGenLib.obj
 0001:0003cc70       chart_debug_initialization 000000018003dc70 f   SyncGenLib_sfun:c4_SyncGenLib.obj
 0001:0003d740       init_script_number_translation 000000018003e740 f   SyncGenLib_sfun:c4_SyncGenLib.obj
 0001:0003d750       c4_sf_marshallOut          000000018003e750 f   SyncGenLib_sfun:c4_SyncGenLib.obj
 0001:0003d800       c4_sf_marshallIn           000000018003e800 f   SyncGenLib_sfun:c4_SyncGenLib.obj
 0001:0003d8a0       sf_opaque_initialize_c4_SyncGenLib 000000018003e8a0 f   SyncGenLib_sfun:c4_SyncGenLib.obj
 0001:0003d8e0       initialize_c4_SyncGenLib   000000018003e8e0 f   SyncGenLib_sfun:c4_SyncGenLib.obj
 0001:0003d930       sf_opaque_enable_c4_SyncGenLib 000000018003e930 f   SyncGenLib_sfun:c4_SyncGenLib.obj
 0001:0003d950       enable_c4_SyncGenLib       000000018003e950 f   SyncGenLib_sfun:c4_SyncGenLib.obj
 0001:0003d980       sf_opaque_disable_c4_SyncGenLib 000000018003e980 f   SyncGenLib_sfun:c4_SyncGenLib.obj
 0001:0003d9a0       disable_c4_SyncGenLib      000000018003e9a0 f   SyncGenLib_sfun:c4_SyncGenLib.obj
 0001:0003d9d0       sf_opaque_gateway_c4_SyncGenLib 000000018003e9d0 f   SyncGenLib_sfun:c4_SyncGenLib.obj
 0001:0003d9f0       sf_c4_SyncGenLib           000000018003e9f0 f   SyncGenLib_sfun:c4_SyncGenLib.obj
 0001:0003e2a0       sf_opaque_get_sim_state_c4_SyncGenLib 000000018003f2a0 f   SyncGenLib_sfun:c4_SyncGenLib.obj
 0001:0003e2c0       sf_opaque_set_sim_state_c4_SyncGenLib 000000018003f2c0 f   SyncGenLib_sfun:c4_SyncGenLib.obj
 0001:0003e2f0       sf_opaque_terminate_c4_SyncGenLib 000000018003f2f0 f   SyncGenLib_sfun:c4_SyncGenLib.obj
 0001:0003e370       finalize_c4_SyncGenLib     000000018003f370 f   SyncGenLib_sfun:c4_SyncGenLib.obj
 0001:0003e380       sf_opaque_init_subchart_simstructs 000000018003f380 f   SyncGenLib_sfun:c4_SyncGenLib.obj
 0001:0003e3a0       initSimStructsc4_SyncGenLib 000000018003f3a0 f   SyncGenLib_sfun:c4_SyncGenLib.obj
 0001:0003e3b0       mdlRTW_c4_SyncGenLib       000000018003f3b0 f   SyncGenLib_sfun:c4_SyncGenLib.obj
 0001:0003f4f0       get_sim_state_c3_SyncGenLib 00000001800404f0 f   SyncGenLib_sfun:c3_SyncGenLib.obj
 0001:0003f820       sf_get_sim_state_info_c3_SyncGenLib 0000000180040820 f   SyncGenLib_sfun:c3_SyncGenLib.obj
 0001:0003fa00       set_sim_state_c3_SyncGenLib 0000000180040a00 f   SyncGenLib_sfun:c3_SyncGenLib.obj
 0001:0003fb70       c3_update_debugger_state_c3_SyncGenLib 0000000180040b70 f   SyncGenLib_sfun:c3_SyncGenLib.obj
 0001:0003fb80       c3_emlrt_marshallIn        0000000180040b80 f   SyncGenLib_sfun:c3_SyncGenLib.obj
 0001:0003fbf0       c3_b_emlrt_marshallIn      0000000180040bf0 f   SyncGenLib_sfun:c3_SyncGenLib.obj
 0001:0003fc80       c3_d_emlrt_marshallIn      0000000180040c80 f   SyncGenLib_sfun:c3_SyncGenLib.obj
 0001:0003fce0       c3_e_emlrt_marshallIn      0000000180040ce0 f   SyncGenLib_sfun:c3_SyncGenLib.obj
 0001:0003fde0       mdlProcessParameters_c3_SyncGenLib 0000000180040de0 f   SyncGenLib_sfun:c3_SyncGenLib.obj
 0001:0003fea0       initialize_params_c3_SyncGenLib 0000000180040ea0 f   SyncGenLib_sfun:c3_SyncGenLib.obj
 0001:0003feb0       mdlSetWorkWidths_c3_SyncGenLib 0000000180040eb0 f   SyncGenLib_sfun:c3_SyncGenLib.obj
 0001:000403a0       sf_get_instance_specialization 00000001800413a0 f   SyncGenLib_sfun:c3_SyncGenLib.obj
 0001:000403b0       mdlStart_c3_SyncGenLib     00000001800413b0 f   SyncGenLib_sfun:c3_SyncGenLib.obj
 0001:000405b0       init_dsm_address_info      00000001800415b0 f   SyncGenLib_sfun:c3_SyncGenLib.obj
 0001:000405c0       chart_debug_initialization 00000001800415c0 f   SyncGenLib_sfun:c3_SyncGenLib.obj
 0001:00041090       init_script_number_translation 0000000180042090 f   SyncGenLib_sfun:c3_SyncGenLib.obj
 0001:000410a0       c3_sf_marshallOut          00000001800420a0 f   SyncGenLib_sfun:c3_SyncGenLib.obj
 0001:00041150       c3_sf_marshallIn           0000000180042150 f   SyncGenLib_sfun:c3_SyncGenLib.obj
 0001:000411f0       sf_opaque_initialize_c3_SyncGenLib 00000001800421f0 f   SyncGenLib_sfun:c3_SyncGenLib.obj
 0001:00041230       initialize_c3_SyncGenLib   0000000180042230 f   SyncGenLib_sfun:c3_SyncGenLib.obj
 0001:00041280       sf_opaque_enable_c3_SyncGenLib 0000000180042280 f   SyncGenLib_sfun:c3_SyncGenLib.obj
 0001:000412a0       enable_c3_SyncGenLib       00000001800422a0 f   SyncGenLib_sfun:c3_SyncGenLib.obj
 0001:000412d0       sf_opaque_disable_c3_SyncGenLib 00000001800422d0 f   SyncGenLib_sfun:c3_SyncGenLib.obj
 0001:000412f0       disable_c3_SyncGenLib      00000001800422f0 f   SyncGenLib_sfun:c3_SyncGenLib.obj
 0001:00041320       sf_opaque_gateway_c3_SyncGenLib 0000000180042320 f   SyncGenLib_sfun:c3_SyncGenLib.obj
 0001:00041340       sf_c3_SyncGenLib           0000000180042340 f   SyncGenLib_sfun:c3_SyncGenLib.obj
 0001:00041bf0       sf_opaque_get_sim_state_c3_SyncGenLib 0000000180042bf0 f   SyncGenLib_sfun:c3_SyncGenLib.obj
 0001:00041c10       sf_opaque_set_sim_state_c3_SyncGenLib 0000000180042c10 f   SyncGenLib_sfun:c3_SyncGenLib.obj
 0001:00041c40       sf_opaque_terminate_c3_SyncGenLib 0000000180042c40 f   SyncGenLib_sfun:c3_SyncGenLib.obj
 0001:00041cc0       finalize_c3_SyncGenLib     0000000180042cc0 f   SyncGenLib_sfun:c3_SyncGenLib.obj
 0001:00041cd0       sf_opaque_init_subchart_simstructs 0000000180042cd0 f   SyncGenLib_sfun:c3_SyncGenLib.obj
 0001:00041cf0       initSimStructsc3_SyncGenLib 0000000180042cf0 f   SyncGenLib_sfun:c3_SyncGenLib.obj
 0001:00041d00       mdlRTW_c3_SyncGenLib       0000000180042d00 f   SyncGenLib_sfun:c3_SyncGenLib.obj
 0001:00041e38       pre_c_init                 0000000180042e38 f   MSVCRT:crtdll.obj
 0001:000420f4       __DllMainCRTStartup        00000001800430f4 f   MSVCRT:crtdll.obj
 0001:000427f0       __DllMainCRTStartup$filt$0 00000001800437f0 f   MSVCRT:crtdll.obj
 0001:00042820       __DllMainCRTStartup$fin$1  0000000180043820 f   MSVCRT:crtdll.obj
 0001:0004283a       _onexit$fin$0              000000018004383a f   MSVCRT:atonexit.obj
 0001:00042860       _IsNonwritableInCurrentImage$filt$0 0000000180043860 f   MSVCRT:pesect.obj
